B"H REQUEST GET /api/social/keys/verify?apiKey=probe
B"H REQUEST GET /api/social/keys/verify?apiKey=probe
B"H REQUEST GET /api/social/keys/verify?apiKey=probe
B"H REQUEST GET /api/social/keys/verify?apiKey=probe
B"H REQUEST GET /api/social/keys/verify?apiKey=probe
B"H REQUEST GET /api/social/keys/verify?apiKey=probe
B"H RESPONSE GET /api/social/keys/verify?apiKey=probe 200
B"H REQUEST GET /api/social/keys/verify?apiKey=awt_DHRjUYfy3Lmk7IyR2a0akZIAWjeScy7_
B"H RESPONSE GET /api/social/keys/verify?apiKey=awt_DHRjUYfy3Lmk7IyR2a0akZIAWjeScy7_ 200
B"H REQUEST POST /api/social/aliases
B"H RESPONSE POST /api/social/aliases 200
B"H REQUEST POST /api/social/aliases
B"H RESPONSE POST /api/social/aliases 200
B"H REQUEST POST /api/social/mail/sendTo/smokeb_%24mqb7e16l/from/smoke_%24mqb7e16l
B"H RESPONSE POST /api/social/mail/sendTo/smokeb_%24mqb7e16l/from/smoke_%24mqb7e16l 200
B"H REQUEST POST /api/social/notifications/smokeb_%24mqb7e16l
B"H RESPONSE POST /api/social/notifications/smokeb_%24mqb7e16l 200
B"H REQUEST GET /api/social/notifications/smokeb_%24mqb7e16l?includeRead=yes
B"H RESPONSE GET /api/social/notifications/smokeb_%24mqb7e16l?includeRead=yes 200
B"H REQUEST POST /api/social/notifications/smokeb_%24mqb7e16l/BH_note_chat_1781285493908_7694/read
B"H RESPONSE POST /api/social/notifications/smokeb_%24mqb7e16l/BH_note_chat_1781285493908_7694/read 200
B"H REQUEST POST /api/social/graph/references
B"H RESPONSE POST /api/social/graph/references 200
B"H REQUEST POST /api/social/content/heichelos/smokeHeichel_%24mqb7e16l/questions
B"H RESPONSE POST /api/social/content/heichelos/smokeHeichel_%24mqb7e16l/questions 200
B"H REQUEST POST /api/social/content/heichelos/smokeHeichel_%24mqb7e16l/questions/smokeQuestion_%24mqb7e16l/answers
B"H RESPONSE POST /api/social/content/heichelos/smokeHeichel_%24mqb7e16l/questions/smokeQuestion_%24mqb7e16l/answers 200
B"H REQUEST GET /api/social/content/heichelos/smokeHeichel_%24mqb7e16l/questions/smokeQuestion_%24mqb7e16l/answers
B"H RESPONSE GET /api/social/content/heichelos/smokeHeichel_%24mqb7e16l/questions/smokeQuestion_%24mqb7e16l/answers 200
B"H REQUEST POST /api/social/content/heichelos/smokeHeichel_%24mqb7e16l/posts/smokeQuestion_%24mqb7e16l/sections
B"H RESPONSE POST /api/social/content/heichelos/smokeHeichel_%24mqb7e16l/posts/smokeQuestion_%24mqb7e16l/sections 200
B"H REQUEST GET /api/social/content/heichelos/smokeHeichel_%24mqb7e16l/posts/smokeQuestion_%24mqb7e16l/sections
B"H RESPONSE GET /api/social/content/heichelos/smokeHeichel_%24mqb7e16l/posts/smokeQuestion_%24mqb7e16l/sections 200
B"H REQUEST POST /api/social/content/repost
B"H RESPONSE POST /api/social/content/repost 200
B"H REQUEST POST /api/social/content/share
B"H RESPONSE POST /api/social/content/share 200
B"H REQUEST POST /api/social/heichelos/smokeHeichel_%24mqb7e16l/post/smokePost_%24mqb7e16l/comments/aliases/smoke_%24mqb7e16l
B"H RESPONSE POST /api/social/heichelos/smokeHeichel_%24mqb7e16l/post/smokePost_%24mqb7e16l/comments/aliases/smoke_%24mqb7e16l 200
B"H REQUEST POST /api/social/heichelos/smokeHeichel_%24mqb7e16l/post/smokePost_%24mqb7e16l/comments/
B"H RESPONSE POST /api/social/heichelos/smokeHeichel_%24mqb7e16l/post/smokePost_%24mqb7e16l/comments/ 200
B"H REQUEST POST /api/social/heichelos/smokeHeichel_%24mqb7e16l/comment/BH_1781285496185_commentBy_smoke_%24mqb7e16l
B"H RESPONSE POST /api/social/heichelos/smokeHeichel_%24mqb7e16l/comment/BH_1781285496185_commentBy_smoke_%24mqb7e16l 200
B"H REQUEST GET /api/social/heichelos/smokeHeichel_%24mqb7e16l/post/smokePost_%24mqb7e16l/comments/aliases?seriesId=root&verseSection=root
B"H RESPONSE GET /api/social/heichelos/smokeHeichel_%24mqb7e16l/post/smokePost_%24mqb7e16l/comments/aliases?seriesId=root&verseSection=root 200
B"H REQUEST GET /api/social/heichelos/smokeHeichel_%24mqb7e16l/comments/inSeries/root/atPost/smokePost_%24mqb7e16l/atAlias/smoke_%24mqb7e16l?verseSection=root
B"H RESPONSE GET /api/social/heichelos/smokeHeichel_%24mqb7e16l/comments/inSeries/root/atPost/smokePost_%24mqb7e16l/atAlias/smoke_%24mqb7e16l?verseSection=root 200
B"H REQUEST GET /api/social/heichelos/smokeHeichel_%24mqb7e16l/comments/inSeries/root/atPost/smokePost_%24mqb7e16l/atComment/BH_1781285496185_commentBy_smoke_%24mqb7e16l/atAlias/smokeb_%24mqb7e16l/atVerseSection/root
B"H RESPONSE GET /api/social/heichelos/smokeHeichel_%24mqb7e16l/comments/inSeries/root/atPost/smokePost_%24mqb7e16l/atComment/BH_1781285496185_commentBy_smoke_%24mqb7e16l/atAlias/smokeb_%24mqb7e16l/atVerseSection/root 200
B"H REQUEST GET /api/social/packed/migrations/posts/v2/dryRun?heichelId=smokeHeichel_%24mqb7e16l&seriesId=root
B"H RESPONSE GET /api/social/packed/migrations/posts/v2/dryRun?heichelId=smokeHeichel_%24mqb7e16l&seriesId=root 200
B"H REQUEST POST /api/social/packed/migrations/posts/v2/run?heichelId=smokeHeichel_%24mqb7e16l&seriesId=root
B"H RESPONSE POST /api/social/packed/migrations/posts/v2/run?heichelId=smokeHeichel_%24mqb7e16l&seriesId=root 200
B"H REQUEST GET /api/social/packed/stats
