B"H REQUEST GET /api/social/keys/verify?apiKey=probe
B"H REQUEST GET /api/social/keys/verify?apiKey=probe
B"H REQUEST GET /api/social/keys/verify?apiKey=probe
B"H RESPONSE GET /api/social/keys/verify?apiKey=probe 200
B"H REQUEST GET /api/social/keys/verify
B"H RESPONSE GET /api/social/keys/verify 200
B"H REQUEST POST /api/social/aliases
B"H RESPONSE POST /api/social/aliases 200
B"H REQUEST POST /api/social/aliases
B"H RESPONSE POST /api/social/aliases 200
B"H REQUEST POST /api/social/mail/sendTo/smokeb_%24mqb6r2gp/from/smoke_%24mqb6r2gp
B"H RESPONSE POST /api/social/mail/sendTo/smokeb_%24mqb6r2gp/from/smoke_%24mqb6r2gp 200
B"H REQUEST POST /api/social/notifications/smokeb_%24mqb6r2gp
B"H RESPONSE POST /api/social/notifications/smokeb_%24mqb6r2gp 200
B"H REQUEST GET /api/social/notifications/smokeb_%24mqb6r2gp?includeRead=yes
B"H RESPONSE GET /api/social/notifications/smokeb_%24mqb6r2gp?includeRead=yes 200
B"H REQUEST POST /api/social/notifications/smokeb_%24mqb6r2gp/BH_note_chat_1781284420349_6830/read
B"H RESPONSE POST /api/social/notifications/smokeb_%24mqb6r2gp/BH_note_chat_1781284420349_6830/read 200
B"H REQUEST POST /api/social/graph/references
B"H RESPONSE POST /api/social/graph/references 200
B"H REQUEST POST /api/social/content/heichelos/smokeHeichel_%24mqb6r2gp/questions
B"H RESPONSE POST /api/social/content/heichelos/smokeHeichel_%24mqb6r2gp/questions 200
B"H REQUEST POST /api/social/content/heichelos/smokeHeichel_%24mqb6r2gp/questions/smokeQuestion_%24mqb6r2gp/answers
B"H RESPONSE POST /api/social/content/heichelos/smokeHeichel_%24mqb6r2gp/questions/smokeQuestion_%24mqb6r2gp/answers 200
B"H REQUEST GET /api/social/content/heichelos/smokeHeichel_%24mqb6r2gp/questions/smokeQuestion_%24mqb6r2gp/answers
B"H RESPONSE GET /api/social/content/heichelos/smokeHeichel_%24mqb6r2gp/questions/smokeQuestion_%24mqb6r2gp/answers 200
B"H REQUEST POST /api/social/content/heichelos/smokeHeichel_%24mqb6r2gp/posts/smokeQuestion_%24mqb6r2gp/sections
B"H RESPONSE POST /api/social/content/heichelos/smokeHeichel_%24mqb6r2gp/posts/smokeQuestion_%24mqb6r2gp/sections 200
B"H REQUEST GET /api/social/content/heichelos/smokeHeichel_%24mqb6r2gp/posts/smokeQuestion_%24mqb6r2gp/sections
B"H RESPONSE GET /api/social/content/heichelos/smokeHeichel_%24mqb6r2gp/posts/smokeQuestion_%24mqb6r2gp/sections 200
B"H REQUEST POST /api/social/content/repost
B"H RESPONSE POST /api/social/content/repost 200
B"H REQUEST POST /api/social/content/share
B"H RESPONSE POST /api/social/content/share 200
B"H REQUEST POST /api/social/heichelos/smokeHeichel_%24mqb6r2gp/post/smokePost_%24mqb6r2gp/comments/aliases/smoke_%24mqb6r2gp
B"H RESPONSE POST /api/social/heichelos/smokeHeichel_%24mqb6r2gp/post/smokePost_%24mqb6r2gp/comments/aliases/smoke_%24mqb6r2gp 200
B"H REQUEST POST /api/social/heichelos/smokeHeichel_%24mqb6r2gp/post/smokePost_%24mqb6r2gp/comments/
B"H RESPONSE POST /api/social/heichelos/smokeHeichel_%24mqb6r2gp/post/smokePost_%24mqb6r2gp/comments/ 200
B"H REQUEST POST /api/social/heichelos/smokeHeichel_%24mqb6r2gp/comment/BH_1781284420719_commentBy_smoke_%24mqb6r2gp
B"H RESPONSE POST /api/social/heichelos/smokeHeichel_%24mqb6r2gp/comment/BH_1781284420719_commentBy_smoke_%24mqb6r2gp 200
B"H REQUEST GET /api/social/heichelos/smokeHeichel_%24mqb6r2gp/post/smokePost_%24mqb6r2gp/comments/aliases?seriesId=root&verseSection=root
B"H RESPONSE GET /api/social/heichelos/smokeHeichel_%24mqb6r2gp/post/smokePost_%24mqb6r2gp/comments/aliases?seriesId=root&verseSection=root 200
B"H REQUEST GET /api/social/heichelos/smokeHeichel_%24mqb6r2gp/comments/inSeries/root/atPost/smokePost_%24mqb6r2gp/atAlias/smoke_%24mqb6r2gp?verseSection=root
B"H RESPONSE GET /api/social/heichelos/smokeHeichel_%24mqb6r2gp/comments/inSeries/root/atPost/smokePost_%24mqb6r2gp/atAlias/smoke_%24mqb6r2gp?verseSection=root 200
B"H REQUEST GET /api/social/heichelos/smokeHeichel_%24mqb6r2gp/comments/inSeries/root/atPost/smokePost_%24mqb6r2gp/atComment/BH_1781284420719_commentBy_smoke_%24mqb6r2gp/atAlias/smokeb_%24mqb6r2gp/atVerseSection/root
B"H RESPONSE GET /api/social/heichelos/smokeHeichel_%24mqb6r2gp/comments/inSeries/root/atPost/smokePost_%24mqb6r2gp/atComment/BH_1781284420719_commentBy_smoke_%24mqb6r2gp/atAlias/smokeb_%24mqb6r2gp/atVerseSection/root 200
B"H REQUEST GET /api/social/packed/migrations/posts/v2/dryRun?heichelId=smokeHeichel_%24mqb6r2gp&seriesId=root
B"H RESPONSE GET /api/social/packed/migrations/posts/v2/dryRun?heichelId=smokeHeichel_%24mqb6r2gp&seriesId=root 200
B"H REQUEST POST /api/social/packed/migrations/posts/v2/run?heichelId=smokeHeichel_%24mqb6r2gp&seriesId=root
B"H RESPONSE POST /api/social/packed/migrations/posts/v2/run?heichelId=smokeHeichel_%24mqb6r2gp&seriesId=root 200
B"H REQUEST GET /api/social/packed/stats
B"H RESPONSE GET /api/social/packed/stats 200
B"H REQUEST GET /api/social/packed/snapshot
