B"H realServerWrites.test passed {
  "dbRoot": "C:\\Users\\Yackov Yitzchak\\Documents\\WoW\\dayuhChadash",
  "userId": "BH_REAL_SMOKE_mqb6j10d_USER",
  "aliasId": "smoke_$mqb6j10d",
  "heichelId": "smokeHeichel_$mqb6j10d",
  "postId": "smokePost_$mqb6j10d",
  "apiKeyVerified": "BH_REAL_SMOKE_mqb6j10d_USER",
  "userIdB": "BH_REAL_SMOKE_mqb6j10d_USER_B",
  "aliasResponse": {
    "name": "BH_REAL_SMOKE_mqb6j10d Alias",
    "aliasId": "smoke_$mqb6j10d"
  },
  "aliasBResponse": {
    "name": "BH_REAL_SMOKE_mqb6j10d Alias B",
    "aliasId": "smokeb_$mqb6j10d"
  },
  "mailResponse": {
    "success": {
      "message": "Sent internally"
    }
  },
  "notificationId": "BH_note_chat_1781284045238_8249",
  "notificationRead": true,
  "graphReferenceId": "quotes_post__smokeHeichel_%24mqb6j10d__root__smokePost_%24mqb6j10d__TO__comment__smokeHeichel_%24mqb6j10d__smokePost_%24mqb6j10d__BH_REAL_SMOKE_mqb6j10d_COMMENT_TARGET",
  "questionId": "smokeQuestion_$mqb6j10d",
  "answerId": "smokeAnswer_$mqb6j10d",
  "sectionId": "smokeSection_$mqb6j10d",
  "answerLinks": 1,
  "sections": 2,
  "repostId": "reposts_comment__smokeHeichel_%24mqb6j10d__smokePost_%24mqb6j10d__BH_REAL_SMOKE_mqb6j10d_COMMENT_TARGET__TO__question__smokeHeichel_%24mqb6j10d__root__smokeQuestion_%24mqb6j10d",
  "shareId": "crossLinks_section__smokeHeichel_%24mqb6j10d__smokeQuestion_%24mqb6j10d__smokeSection_%24mqb6j10d_extra__smokeSection_%24mqb6j10d_extra__TO__answer__smokeHeichel_%24mqb6j10d__root__smokeAnswer_%24mqb6j10d",
  "commentResponse": {
    "success": true,
    "message": "Comment added!",
    "details": {
      "id": "BH_1781284045473_commentBy_smoke_$mqb6j10d",
      "path": "/social/heichelos/smokeHeichel_$mqb6j10d/comments/atSeries/root/atPost/smokePost_$mqb6j10d/smoke_$mqb6j10d",
      "verseSection": "root",
      "searchIndex": {
        "success": true,
        "record": {
          "id": "BH_1781284045473_commentBy_smoke_$mqb6j10d",
          "aliasId": "smoke_$mqb6j10d",
          "parentId": "smokePost_$mqb6j10d",
          "coordinate": {
            "heichelId": "smokeHeichel_$mqb6j10d",
            "seriesId": "root",
            "postId": "smokePost_$mqb6j10d",
            "parentId": "smokePost_$mqb6j10d",
            "parentType": "post",
            "verseSection": "root",
            "subSection": null,
            "tokenStart": null,
            "tokenEnd": null,
            "charStart": null,
            "charEnd": null,
            "semanticFingerprint": "Real submitted comment written through HTTP token auth."
          },
          "text": "Real submitted comment written through HTTP token auth.",
          "metadata": {
            "status": "active",
            "heichelId": "smokeHeichel_$mqb6j10d",
            "seriesId": "root",
            "parentId": "smokePost_$mqb6j10d",
            "parentType": "post",
            "postId": "smokePost_$mqb6j10d",
            "verseSection": "root",
            "subSection": null,
            "storageEngine": "awtsmoosDb",
            "storageFormat": "single-authority-comment-tree",
            "storageType": "search-sidecar",
            "duplicateCommentStorage": false,
            "migration": null,
            "lexicalSignature": "svqgjx",
            "textLength": 55,
            "embeddingProvider": "awtsmoosdb-js-fallback",
            "embeddingDimensions": 384,
            "embeddingModel": "bge-small-en-v1.5-q8_0",
            "ggufSource": "https://huggingface.co/ggml-org/bge-small-en-v1.5-Q8_0-GGUF/tree/main",
            "ggufFile": "bge-small-en-v1.5-q8_0.gguf"
          },
          "embedding": [
            0,
            0,
            0,
            0,
            0,
            0,
            0.3162277638912201,
            0,
            0,
            0,
            0,
            0,
            0,
            0,
            0,
            0,
            0,
            0,
            0,
            0,
            0,
            0,
            0,
            0,
            0,
            0,
            0,
            0,
            0,
            0,
            0,
            0,
            0,
            0,
            0,
            0,
            0,
            0,
            0,
            0,
            0,
            0,
            0,
            0,
            0,
            0,
            0,
            0,
            0,
            0.3162277638912201,
            0,
            0,
            0,
            0,
            0,
            0,
            0,
            0,
            0,
            0,
            0,
            0,
            0,
            0,
            0,
            0,
            0,
            0,
            0,
            0,
            0,
            0,
            0,
            0,
            0,
            0,
            0,
            0,
            0.3162277638912201,
            0,
            0,
            0,
            0,
            0,
            0,
            0,
            0,
            0,
            0,
            0,
            0,
            0,
            0,
            0,
            0.3162277638912201,
            0,
            0,
            0,
            0,
            0,
            0,
            0,
            0,
            0,
            0,
            0,
            0,
            0,
            0,
            0,
            0,
            0,
            0,
            0,
            0,
            0,
            0,
            0,
            0.15811388194561005,
            0,
            0,
            0,
            0,
            0,
            0,
            0,
            0,
            0,
            0,
            0,
            0,
            0,
            0,
            0,
            0,
            0,
            0,
            0,
            0,
            0,
            0,
            0,
            0,
            0,
            0,
            0,
            -0.15811388194561005,
            0,
            0,
            0,
            0,
            0,
            0,
            0,
            0,
            0,
            0,
            0,
            0,
            0,
            0,
            0,
            0,
            0,
            0,
            0,
            0,
            0,
            -0.15811388194561005,
            0,
            0,
            0,
            0,
            0,
            0,
            0,
            0,
            0,
            0,
            0,
            0,
            0,
            0,
            0,
            0,
            0,
            0,
            0,
            0,
            0,
            0.3162277638912201,
            0,
            0.3162277638912201,
            0,
            0,
            0,
            0,
            0,
            0,
            0,
            0,
            0,
            0,
            0,
            0,
            0,
            0,
            0,
            0,
            0,
            0,
            0,
            0,
            0,
            0,
            0,
            0,
            0,
            -0.15811388194561005,
            0.3162277638912201,
            0,
            0,
            0,
            0,
            0,
            0,
            0,
            0,
            0,
            0,
            0,
            0,
            0,
            0,
            0,
            0,
            0,
            0,
            0,
            0,
            0,
            0,
            0,
            0,
            0,
            0,
            0,
            0,
            0,
            0,
            0,
            0,
            0,
            0,
            0,
            0,
            0,
            -0.15811388194561005,
            0,
            0,
            0,
            0,
            0,
            0,
            0,
            0,
            0,
            0,
            0,
            0,
            0,
            0,
            0,
            0,
            0,
            0,
            0,
            0,
            0,
            0,
            0,
            0,
            0,
            0,
            0,
            0,
            0,
            0,
            0,
            0,
            0,
            0.3162277638912201,
            0,
            0,
            0,
            0,
            0,
            0,
            0,
            0,
            0,
            0,
            0,
            0,
            0,
            0,
            -0.15811388194561005,
            0,
            0,
            0,
            0,
            0,
            0,
            0,
            0,
            -0.15811388194561005,
            0,
            0,
            0,
            0,
            0,
            0,
            0,
            0,
            0,
            0,
            0,
            0,
            0,
            0,
            0,
            0,
            0,
            0,
            0,
            0,
            0,
            0,
            0,
            0,
            0,
            0,
            0,
            0,
            0,
            0,
            0,
            0,
            0,
            0,
            0,
            0,
            0,
            0,
            0,
            0,
            0,
            0,
            0,
            0,
            0,
            -0.15811388194561005,
            0,
            0,
            0,
            0,
            0,
            0,
            0,
            0,
            0,
            0,
            0,
            0,
            0,
            0,
            0,
            0,
            0,
            0,
            0,
            0,
            0,
            0
          ],
          "indexedAt": 1781284045491
        },
        "vector": {
          "skipped": true,
          "disabled": true,
          "reason": "single_comment_authority_guard"
        },
        "stats": {
          "path": "C:\\Users\\Yackov Yitzchak\\Documents\\WoW\\dayuhChadash\\awtsmoos-comment-search\\smokeHeichel_$mqb6j10d\\root\\ai-search.awtsdb",
          "count": 1,
          "hasAwtsmoosDb": true,
          "latestIndexedAt": 1781284045491,
          "embeddedCount": 1
        },
        "sideEffects": [
          {
            "deferred": true,
            "label": "commentAliasIndex",
            "startedAt": 1781284045492
          }
        ]
      }
    }
  },
  "directCommentId": "BH_1781284045521_commentBy_smoke_$mqb6j10d",
  "replyCommentId": "BH_1781284045560_commentBy_smokeb_$mqb6j10d",
  "commentAuthors": [
    "smoke_$mqb6j10d"
  ],
  "packedStats": [
    {
      "shard": "core",
      "records": 371116,
      "logicalKeys": 371115,
      "byType": {
        "jsonObject": 370656,
        "jsonBusyObject": 460
      }
    },
    {
      "shard": "allPosts",
      "records": 343,
      "logicalKeys": 327,
      "byType": {
        "jsonObject": 343
      }
    },
    {
      "shard": "meta",
      "records": 356,
      "logicalKeys": 340,
      "byType": {
        "jsonObject": 343,
        "migrationManifest": 13
      }
    },
    {
      "shard": "graph",
      "records": 104,
      "logicalKeys": 73,
      "byType": {
        "graphEdge": 94,
        "jsonObject": 10
      }
    },
    {
      "shard": "notify",
      "records": 51,
      "logicalKeys": 51,
      "byType": {
        "notification": 46,
        "jsonObject": 5
      }
    },
    {
      "shard": "audit",
      "records": 13439,
      "logicalKeys": 13409,
      "byType": {
        "migrationManifest": 12851,
        "jsonObject": 580,
        "jsonBusyObject": 8
      }
    },
    {
      "shard": "search",
      "records": 1242,
      "logicalKeys": 1132,
      "byType": {
        "jsonObject": 1242
      }
    },
    {
      "shard": "feed",
      "records": 32,
      "logicalKeys": 24,
      "byType": {
        "jsonObject": 32
      }
    }
  ],
  "packedSnapshot": {
    "exportedAt": 1781284072409,
    "stats": [
      {
        "shard": "core",
        "records": 371116,
        "logicalKeys": 371115,
        "byType": {
          "jsonObject": 370656,
          "jsonBusyObject": 460
        }
      },
      {
        "shard": "allPosts",
        "records": 343,
        "logicalKeys": 327,
        "byType": {
          "jsonObject": 343
        }
      },
      {
        "shard": "meta",
        "records": 356,
        "logicalKeys": 340,
        "byType": {
          "jsonObject": 343,
          "migrationManifest": 13
        }
      },
      {
        "shard": "graph",
        "records": 104,
        "logicalKeys": 73,
        "byType": {
          "graphEdge": 94,
          "jsonObject": 10
        }
      },
      {
        "shard": "notify",
        "records": 51,
        "logicalKeys": 51,
        "byType": {
          "notification": 46,
          "jsonObject": 5
        }
      },
      {
        "shard": "audit",
        "records": 13439,
        "logicalKeys": 13409,
        "byType": {
          "migrationManifest": 12851,
          "jsonObject": 580,
          "jsonBusyObject": 8
        }
      },
      {
        "shard": "search",
        "records": 1242,
        "logicalKeys": 1132,
        "byType": {
          "jsonObject": 1242
        }
      },
      {
        "shard": "feed",
        "records": 32,
        "logicalKeys": 24,
        "byType": {
          "jsonObject": 32
        }
      }
    ],
    "indexStats": {
      "records": 1217,
      "byIndex": {
        "graphOut": 94,
        "graphIn": 94,
        "postsByHeichel": 343,
        "postsByAlias": 343,
        "postsByType": 343
      }
    },
    "manifests": 343,
    "migrations": 13,
    "manifestKeys": [
      "/entities/post/02/8a/burstPost_mqb6dg8b_17/manifest",
      "/entities/post/5a/85/burstPost_mqb6dg8b_18/manifest",
      "/entities/post/df/31/burstPost_mqb6dg8b_19/manifest",
      "/entities/post/4a/a4/burstPost_mqb6dg8b_20/manifest",
      "/entities/post/2a/22/burstPost_mqb6ee56_1/manifest",
      "/entities/post/38/dc/burstPost_mqb6ee56_2/manifest",
      "/entities/post/1a/b6/burstPost_mqb6ee56_3/manifest",
      "/entities/post/a3/af/burstPost_mqb6ee56_4/manifest",
      "/entities/post/a7/dc/burstPost_mqb6ee56_5/manifest",
      "/entities/post/fb/8e/burstPost_mqb6ee56_6/manifest",
      "/entities/post/ba/17/burstPost_mqb6ee56_7/manifest",
      "/entities/post/18/e5/burstPost_mqb6ee56_8/manifest",
      "/entities/post/f2/ae/burstPost_mqb6ee56_9/manifest",
      "/entities/post/e9/64/burstPost_mqb6ee56_10/manifest",
      "/entities/post/0a/a7/burstPost_mqb6ee56_11/manifest",
      "/entities/post/09/4f/burstPost_mqb6ee56_12/manifest",
      "/entities/post/60/de/burstPost_mqb6ee56_13/manifest",
      "/entities/post/4f/62/burstPost_mqb6ee56_14/manifest",
      "/entities/post/cf/cc/burstPost_mqb6ee56_15/manifest",
      "/entities/post/f3/18/burstPost_mqb6ee56_16/manifest",
      "/entities/post/af/08/burstPost_mqb6ee56_17/manifest",
      "/entities/post/6c/2a/burstPost_mqb6ee56_18/manifest",
      "/entities/post/4e/98/burstPost_mqb6ee56_19/manifest",
      "/entities/post/a9/55/burstPost_mqb6ee56_20/manifest",
      "/entities/post/38/1f/burstPost_mqb6ehw7_1/manifest",
      "/entities/post/45/a1/burstPost_mqb6ehw7_2/manifest",
      "/entities/post/58/a5/burstPost_mqb6ehw7_3/manifest",
      "/entities/post/e4/5b/burstPost_mqb6ehw7_4/manifest",
      "/entities/post/6c/35/burstPost_mqb6ehw7_5/manifest",
      "/entities/post/fa/8c/burstPost_mqb6ehw7_6/manifest",
      "/entities/post/54/df/burstPost_mqb6ehw7_7/manifest",
      "/entities/post/88/eb/burstPost_mqb6ehw7_8/manifest",
      "/entities/post/64/2c/burstPost_mqb6ehw7_9/manifest",
      "/entities/post/97/19/burstPost_mqb6ehw7_10/manifest",
      "/entities/post/40/6f/burstPost_mqb6ehw7_11/manifest",
      "/entities/post/fd/d5/burstPost_mqb6ehw7_12/manifest",
      "/entities/post/58/70/burstPost_mqb6ehw7_13/manifest",
      "/entities/post/ac/21/burstPost_mqb6ehw7_14/manifest",
      "/entities/post/7b/cf/burstPost_mqb6ehw7_15/manifest",
      "/entities/post/71/84/burstPost_mqb6ehw7_16/manifest",
      "/entities/post/53/8f/burstPost_mqb6ehw7_17/manifest",
      "/entities/post/d0/1a/burstPost_mqb6ehw7_18/manifest",
      "/entities/post/0b/0a/burstPost_mqb6ehw7_19/manifest",
      "/entities/post/5b/81/burstPost_mqb6ehw7_20/manifest",
      "/entities/post/04/f0/smokeQuestion_$mqb6hn5u/manifest",
      "/entities/post/7c/ba/smokeAnswer_$mqb6hn5u/manifest",
      "/entities/post/04/f0/smokeQuestion_$mqb6hn5u/manifest",
      "/entities/post/b6/bd/smokeQuestion_$mqb6j10d/manifest",
      "/entities/post/f6/79/smokeAnswer_$mqb6j10d/manifest",
      "/entities/post/b6/bd/smokeQuestion_$mqb6j10d/manifest"
    ],
    "migrationKeys": [
      "/migrations/connectedPosts_1781282806992",
      "/migrations/connectedPosts_1781282871397",
      "/migrations/connectedPosts_1781282879454",
      "/migrations/connectedPosts_1781282942891",
      "/migrations/connectedPosts_1781283098905",
      "/migrations/connectedPosts_1781283175900",
      "/migrations/connectedPosts_1781283252509",
      "/migrations/connectedPosts_1781283323529",
      "/migrations/connectedPosts_1781283601712",
      "/migrations/connectedPosts_1781283639687",
      "/migrations/connectedPosts_1781283673809",
      "/migrations/connectedPosts_1781283980508",
      "/migrations/connectedPosts_1781284045660"
    ]
  },
  "packedIntegrity": {
    "checkedAt": 1781284080673,
    "coreRecords": 371116,
    "graphRecords": 104,
    "postRecords": 328,
    "missingPostManifests": [],
    "badEdges": [],
    "ok": true
  },
  "packedRepair": {
    "repaired": 0,
    "repairedIds": [],
    "checked": 328
  },
  "platform": {
    "liveEvents": 1,
    "searchHits": 6,
    "relationship": "follow",
    "jobId": "job_1781284099705_hhos39plbxs",
    "moderationId": "mod_report_1781284099695_3qx303rtloz",
    "graphTransaction": "committed",
    "jobsRan": 5,
    "digestCount": 1,
    "rankedThreadTop": "BH_REAL_SMOKE_mqb6j10d_thread_root"
  },
  "packedShardFiles": [
    "__tmp_fs3_manifest_repro.awtsdb",
    "__tmp_fs3_manifest_repro.awtsdb.wal",
    "social.allPosts.awtsdb",
    "social.audit.awtsdb",
    "social.audit.awtsocial",
    "social.core..oiledawtsocial",
    "social.core.awtsdb",
    "social.core.awtsocial",
    "social.feed.awtsdb",
    "social.graph.awtsdb",
    "social.heichel.ikar.comments.fs.awtsdb",
    "social.heichel.ikar.comments.fs.awtsdb.lock",
    "social.heichel.ikar.comments.fs.awtsdb.wal",
    "social.heichel.ikar.posts.fs.awtsdb",
    "social.heichel.ikar.posts.fs.awtsdb.lock",
    "social.heichel.ikar.posts.fs.awtsdb.wal",
    "social.heichel.ikar.series.fs.awtsdb",
    "social.heichel.ikar.series.fs.awtsdb.lock",
    "social.heichel.ikar.series.fs.awtsdb.wal",
    "social.meta.awtsdb",
    "social.notify.awtsdb",
    "social.posts.real.awtsdb",
    "social.posts.real.awtsdb.lock",
    "social.posts.real.awtsdb.migration.lock",
    "social.posts.real.awtsdb.wal",
    "social.search.awtsdb"
  ],
  "changedFiles": [
    "socialPacked\\social.allPosts.awtsdb",
    "socialPacked\\social.audit.awtsdb",
    "socialPacked\\social.core.awtsdb",
    "socialPacked\\social.feed.awtsdb",
    "socialPacked\\social.graph.awtsdb",
    "socialPacked\\social.meta.awtsdb",
    "socialPacked\\social.notify.awtsdb",
    "socialPacked\\social.search.awtsdb",
    "social\\aliases\\smoke_$mqb6j10d\\comments\\heichel\\smokeHeichel_$mqb6j10d\\series\\root\\atPost.awtsmoosJSON",
    "social\\aliases\\smoke_$mqb6j10d\\entities\\answer\\smokeAnswer_$mqb6j10d.awtsmoosJSON",
    "social\\aliases\\smoke_$mqb6j10d\\entities\\question\\smokeQuestion_$mqb6j10d.awtsmoosJSON",
    "social\\aliases\\smoke_$mqb6j10d\\info.awtsmoosJSON",
    "social\\aliases\\smokeb_$mqb6j10d\\info.awtsmoosJSON",
    "social\\aliases\\smokeb_$mqb6j10d\\notifications\\BH_note_chat_1781284045238_8249.awtsmoosJSON",
    "social\\apiKeys\\byHash\\d10a74900b0a44558ad5c2bcbdf208209f4a265194963634d5ed5c6e0a4c73aa.awtsmoosJSON",
    "social\\apiKeys\\byHash\\ea8cc15e6cfdce85dbd47eee7b842015e91dcd21f4089854905547d9cdcdffb4.awtsmoosJSON",
    "social\\graph\\entities\\answer__smokeHeichel_%24mqb6j10d__root__smokeAnswer_%24mqb6j10d\\data.awtsmoosJSON",
    "social\\graph\\entities\\answer__smokeHeichel_%24mqb6j10d__root__smokeAnswer_%24mqb6j10d\\inbound\\crossLinks\\crossLinks_section__smokeHeichel_%24mqb6j10d__smokeQuestion_%24mqb6j10d__smokeSection_%24mqb6j10d_extra__smokeSection_%24mqb6j10d_extra__TO__answer__smokeHeichel_%24mqb6j10d__root__smokeAnswer_%24mqb6j10d.awtsmoosJSON",
    "social\\graph\\entities\\answer__smokeHeichel_%24mqb6j10d__root__smokeAnswer_%24mqb6j10d\\outbound\\answers\\answers_answer__smokeHeichel_%24mqb6j10d__root__smokeAnswer_%24mqb6j10d__TO__question__smokeHeichel_%24mqb6j10d__root__smokeQuestion_%24mqb6j10d.awtsmoosJSON",
    "social\\graph\\entities\\answer__smokeHeichel_%24mqb6j10d__smokeAnswer_%24mqb6j10d\\data.awtsmoosJSON",
    "social\\graph\\entities\\answer__smokeHeichel_%24mqb6j10d__smokeAnswer_%24mqb6j10d\\inbound\\references\\references_question__smokeHeichel_%24mqb6j10d__smokeQuestion_%24mqb6j10d__TO__answer__smokeHeichel_%24mqb6j10d__smokeAnswer_%24mqb6j10d.awtsmoosJSON",
    "social\\graph\\entities\\comment__smokeHeichel_%24mqb6j10d__smokePost_%24mqb6j10d__BH_REAL_SMOKE_mqb6j10d_COMMENT_TARGET\\data.awtsmoosJSON",
    "social\\graph\\entities\\comment__smokeHeichel_%24mqb6j10d__smokePost_%24mqb6j10d__BH_REAL_SMOKE_mqb6j10d_COMMENT_TARGET\\inbound\\quotes\\quotes_post__smokeHeichel_%24mqb6j10d__root__smokePost_%24mqb6j10d__TO__comment__smokeHeichel_%24mqb6j10d__smokePost_%24mqb6j10d__BH_REAL_SMOKE_mqb6j10d_COMMENT_TARGET.awtsmoosJSON",
    "social\\graph\\entities\\comment__smokeHeichel_%24mqb6j10d__smokePost_%24mqb6j10d__BH_REAL_SMOKE_mqb6j10d_COMMENT_TARGET\\outbound\\reposts\\reposts_comment__smokeHeichel_%24mqb6j10d__smokePost_%24mqb6j10d__BH_REAL_SMOKE_mqb6j10d_COMMENT_TARGET__TO__question__smokeHeichel_%24mqb6j10d__root__smokeQuestion_%24mqb6j10d.awtsmoosJSON",
    "social\\graph\\entities\\post__smokeHeichel_%24mqb6j10d__root__smokePost_%24mqb6j10d\\data.awtsmoosJSON",
    "social\\graph\\entities\\post__smokeHeichel_%24mqb6j10d__root__smokePost_%24mqb6j10d\\outbound\\quotes\\quotes_post__smokeHeichel_%24mqb6j10d__root__smokePost_%24mqb6j10d__TO__comment__smokeHeichel_%24mqb6j10d__smokePost_%24mqb6j10d__BH_REAL_SMOKE_mqb6j10d_COMMENT_TARGET.awtsmoosJSON",
    "social\\graph\\entities\\question__smokeHeichel_%24mqb6j10d__root__smokeQuestion_%24mqb6j10d\\data.awtsmoosJSON",
    "social\\graph\\entities\\question__smokeHeichel_%24mqb6j10d__root__smokeQuestion_%24mqb6j10d\\inbound\\answers\\answers_answer__smokeHeichel_%24mqb6j10d__root__smokeAnswer_%24mqb6j10d__TO__question__smokeHeichel_%24mqb6j10d__root__smokeQuestion_%24mqb6j10d.awtsmoosJSON",
    "social\\graph\\entities\\question__smokeHeichel_%24mqb6j10d__root__smokeQuestion_%24mqb6j10d\\inbound\\reposts\\reposts_comment__smokeHeichel_%24mqb6j10d__smokePost_%24mqb6j10d__BH_REAL_SMOKE_mqb6j10d_COMMENT_TARGET__TO__question__smokeHeichel_%24mqb6j10d__root__smokeQuestion_%24mqb6j10d.awtsmoosJSON",
    "social\\graph\\entities\\question__smokeHeichel_%24mqb6j10d__smokeQuestion_%24mqb6j10d\\data.awtsmoosJSON",
    "social\\graph\\entities\\question__smokeHeichel_%24mqb6j10d__smokeQuestion_%24mqb6j10d\\outbound\\references\\references_question__smokeHeichel_%24mqb6j10d__smokeQuestion_%24mqb6j10d__TO__answer__smokeHeichel_%24mqb6j10d__smokeAnswer_%24mqb6j10d.awtsmoosJSON",
    "social\\graph\\entities\\section__smokeHeichel_%24mqb6j10d__smokeQuestion_%24mqb6j10d__smokeSection_%24mqb6j10d_extra__smokeSection_%24mqb6j10d_extra\\data.awtsmoosJSON",
    "social\\graph\\entities\\section__smokeHeichel_%24mqb6j10d__smokeQuestion_%24mqb6j10d__smokeSection_%24mqb6j10d_extra__smokeSection_%24mqb6j10d_extra\\outbound\\crossLinks\\crossLinks_section__smokeHeichel_%24mqb6j10d__smokeQuestion_%24mqb6j10d__smokeSection_%24mqb6j10d_extra__smokeSection_%24mqb6j10d_extra__TO__answer__smokeHeichel_%24mqb6j10d__root__smokeAnswer_%24mqb6j10d.awtsmoosJSON",
    "social\\heichelos\\smokeHeichel_$mqb6j10d\\comments\\atSeries\\root\\atPost\\smokePost_$mqb6j10d\\smoke_$mqb6j10d.awtsmoosJSON",
    "social\\heichelos\\smokeHeichel_$mqb6j10d\\editors.awtsmoosJSON",
    "social\\heichelos\\smokeHeichel_$mqb6j10d\\info.awtsmoosJSON",
    "social\\heichelos\\smokeHeichel_$mqb6j10d\\posts\\smokeAnswer_$mqb6j10d.awtsmoosJSON",
    "social\\heichelos\\smokeHeichel_$mqb6j10d\\posts\\smokePost_$mqb6j10d.awtsmoosJSON",
    "social\\heichelos\\smokeHeichel_$mqb6j10d\\posts\\smokeQuestion_$mqb6j10d.awtsmoosJSON",
    "social\\heichelos\\smokeHeichel_$mqb6j10d\\posts\\smokeQuestion_$mqb6j10d\\sections\\smokeSection_$mqb6j10d.awtsmoosJSON"
  ]
}
