B"H REQUEST GET /api/social/keys/verify?apiKey=probe
B"H REQUEST GET /api/social/keys/verify?apiKey=probe
B"H REQUEST GET /api/social/keys/verify?apiKey=probe
B"H RESPONSE GET /api/social/keys/verify?apiKey=probe 200
B"H REQUEST GET /api/social/keys/verify
B"H RESPONSE GET /api/social/keys/verify 200
B"H REQUEST POST /api/social/aliases
B"H RESPONSE POST /api/social/aliases 200
B"H REQUEST POST /api/social/aliases
B"H RESPONSE POST /api/social/aliases 200
B"H REQUEST POST /api/social/mail/sendTo/smokeb_%24mqb6xvk9/from/smoke_%24mqb6xvk9
B"H RESPONSE POST /api/social/mail/sendTo/smokeb_%24mqb6xvk9/from/smoke_%24mqb6xvk9 200
B"H REQUEST POST /api/social/notifications/smokeb_%24mqb6xvk9
B"H RESPONSE POST /api/social/notifications/smokeb_%24mqb6xvk9 200
B"H REQUEST GET /api/social/notifications/smokeb_%24mqb6xvk9?includeRead=yes
B"H RESPONSE GET /api/social/notifications/smokeb_%24mqb6xvk9?includeRead=yes 200
B"H REQUEST POST /api/social/notifications/smokeb_%24mqb6xvk9/BH_note_chat_1781284737983_2461/read
B"H RESPONSE POST /api/social/notifications/smokeb_%24mqb6xvk9/BH_note_chat_1781284737983_2461/read 200
B"H REQUEST POST /api/social/graph/references
B"H RESPONSE POST /api/social/graph/references 200
B"H REQUEST POST /api/social/content/heichelos/smokeHeichel_%24mqb6xvk9/questions
B"H RESPONSE POST /api/social/content/heichelos/smokeHeichel_%24mqb6xvk9/questions 200
B"H REQUEST POST /api/social/content/heichelos/smokeHeichel_%24mqb6xvk9/questions/smokeQuestion_%24mqb6xvk9/answers
B"H RESPONSE POST /api/social/content/heichelos/smokeHeichel_%24mqb6xvk9/questions/smokeQuestion_%24mqb6xvk9/answers 200
B"H REQUEST GET /api/social/content/heichelos/smokeHeichel_%24mqb6xvk9/questions/smokeQuestion_%24mqb6xvk9/answers
B"H RESPONSE GET /api/social/content/heichelos/smokeHeichel_%24mqb6xvk9/questions/smokeQuestion_%24mqb6xvk9/answers 200
B"H REQUEST POST /api/social/content/heichelos/smokeHeichel_%24mqb6xvk9/posts/smokeQuestion_%24mqb6xvk9/sections
B"H RESPONSE POST /api/social/content/heichelos/smokeHeichel_%24mqb6xvk9/posts/smokeQuestion_%24mqb6xvk9/sections 200
B"H REQUEST GET /api/social/content/heichelos/smokeHeichel_%24mqb6xvk9/posts/smokeQuestion_%24mqb6xvk9/sections
B"H RESPONSE GET /api/social/content/heichelos/smokeHeichel_%24mqb6xvk9/posts/smokeQuestion_%24mqb6xvk9/sections 200
B"H REQUEST POST /api/social/content/repost
B"H RESPONSE POST /api/social/content/repost 200
B"H REQUEST POST /api/social/content/share
B"H RESPONSE POST /api/social/content/share 200
B"H REQUEST POST /api/social/heichelos/smokeHeichel_%24mqb6xvk9/post/smokePost_%24mqb6xvk9/comments/aliases/smoke_%24mqb6xvk9
B"H RESPONSE POST /api/social/heichelos/smokeHeichel_%24mqb6xvk9/post/smokePost_%24mqb6xvk9/comments/aliases/smoke_%24mqb6xvk9 200
B"H REQUEST POST /api/social/heichelos/smokeHeichel_%24mqb6xvk9/post/smokePost_%24mqb6xvk9/comments/
B"H RESPONSE POST /api/social/heichelos/smokeHeichel_%24mqb6xvk9/post/smokePost_%24mqb6xvk9/comments/ 200
B"H REQUEST POST /api/social/heichelos/smokeHeichel_%24mqb6xvk9/comment/BH_1781284738258_commentBy_smoke_%24mqb6xvk9
B"H RESPONSE POST /api/social/heichelos/smokeHeichel_%24mqb6xvk9/comment/BH_1781284738258_commentBy_smoke_%24mqb6xvk9 200
B"H REQUEST GET /api/social/heichelos/smokeHeichel_%24mqb6xvk9/post/smokePost_%24mqb6xvk9/comments/aliases?seriesId=root&verseSection=root
B"H RESPONSE GET /api/social/heichelos/smokeHeichel_%24mqb6xvk9/post/smokePost_%24mqb6xvk9/comments/aliases?seriesId=root&verseSection=root 200
B"H REQUEST GET /api/social/heichelos/smokeHeichel_%24mqb6xvk9/comments/inSeries/root/atPost/smokePost_%24mqb6xvk9/atAlias/smoke_%24mqb6xvk9?verseSection=root
B"H RESPONSE GET /api/social/heichelos/smokeHeichel_%24mqb6xvk9/comments/inSeries/root/atPost/smokePost_%24mqb6xvk9/atAlias/smoke_%24mqb6xvk9?verseSection=root 200
B"H REQUEST GET /api/social/heichelos/smokeHeichel_%24mqb6xvk9/comments/inSeries/root/atPost/smokePost_%24mqb6xvk9/atComment/BH_1781284738258_commentBy_smoke_%24mqb6xvk9/atAlias/smokeb_%24mqb6xvk9/atVerseSection/root
B"H RESPONSE GET /api/social/heichelos/smokeHeichel_%24mqb6xvk9/comments/inSeries/root/atPost/smokePost_%24mqb6xvk9/atComment/BH_1781284738258_commentBy_smoke_%24mqb6xvk9/atAlias/smokeb_%24mqb6xvk9/atVerseSection/root 200
B"H REQUEST GET /api/social/packed/migrations/posts/v2/dryRun?heichelId=smokeHeichel_%24mqb6xvk9&seriesId=root
B"H RESPONSE GET /api/social/packed/migrations/posts/v2/dryRun?heichelId=smokeHeichel_%24mqb6xvk9&seriesId=root 200
B"H REQUEST POST /api/social/packed/migrations/posts/v2/run?heichelId=smokeHeichel_%24mqb6xvk9&seriesId=root
B"H RESPONSE POST /api/social/packed/migrations/posts/v2/run?heichelId=smokeHeichel_%24mqb6xvk9&seriesId=root 200
B"H REQUEST GET /api/social/packed/stats
B"H RESPONSE GET /api/social/packed/stats 200
B"H REQUEST GET /api/social/packed/snapshot
B"H RESPONSE GET /api/social/packed/snapshot 200
B"H REQUEST GET /api/social/packed/integrity
B"H RESPONSE GET /api/social/packed/integrity 200
B"H REQUEST POST /api/social/packed/repair/posts/manifests?limit=25
B"H RESPONSE POST /api/social/packed/repair/posts/manifests?limit=25 200
B"H REQUEST GET /api/social/packed/keys?shard=core&prefix=/posts
B"H RESPONSE GET /api/social/packed/keys?shard=core&prefix=/posts 200
B"H REQUEST GET /api/social/packed/read?shard=core&key=%2Fposts%2FsmokeHeichel_%24mqb6xvk9%2FsmokeQuestion_%24mqb6xvk9
B"H RESPONSE GET /api/social/packed/read?shard=core&key=%2Fposts%2FsmokeHeichel_%24mqb6xvk9%2FsmokeQuestion_%24mqb6xvk9 200
B"H REQUEST POST /api/social/packed/feed/materialize
B"H RESPONSE POST /api/social/packed/feed/materialize 200
B"H REQUEST POST /api/social/packed/compact
B"H RESPONSE POST /api/social/packed/compact 200
B"H REQUEST POST /api/social/live/subscribe
B"H RESPONSE POST /api/social/live/subscribe 200
B"H REQUEST POST /api/social/live/presence
B"H RESPONSE POST /api/social/live/presence 200
B"H REQUEST POST /api/social/live/publish
B"H RESPONSE POST /api/social/live/publish 200
B"H REQUEST GET /api/social/live/replay?channel=smokeHeichel_%24mqb6xvk9&since=0
B"H RESPONSE GET /api/social/live/replay?channel=smokeHeichel_%24mqb6xvk9&since=0 200
B"H REQUEST POST /api/social/abuse/rateLimit/check
B"H RESPONSE POST /api/social/abuse/rateLimit/check 200
B"H REQUEST POST /api/social/search/index
B"H RESPONSE POST /api/social/search/index 200
B"H REQUEST GET /api/social/search/query?q=searchable%20graph&domain=post
B"H RESPONSE GET /api/social/search/query?q=searchable%20graph&domain=post 200
B"H REQUEST POST /api/social/relationships/smoke_%24mqb6xvk9/follow/smokeb_%24mqb6xvk9
B"H RESPONSE POST /api/social/relationships/smoke_%24mqb6xvk9/follow/smokeb_%24mqb6xvk9 200
B"H REQUEST POST /api/social/media/register
B"H RESPONSE POST /api/social/media/register 200
B"H REQUEST POST /api/social/media/attach
B"H RESPONSE POST /api/social/media/attach 200
B"H REQUEST POST /api/social/mod/reports
B"H RESPONSE POST /api/social/mod/reports 200
B"H REQUEST POST /api/social/jobs/enqueue
B"H RESPONSE POST /api/social/jobs/enqueue 200
B"H REQUEST POST /api/social/analytics/metric
B"H RESPONSE POST /api/social/analytics/metric 200
B"H REQUEST POST /api/social/cache/set
B"H RESPONSE POST /api/social/cache/set 200
B"H REQUEST POST /api/social/sync/op
B"H RESPONSE POST /api/social/sync/op 200
B"H REQUEST POST /api/social/permissions/compile
B"H RESPONSE POST /api/social/permissions/compile 200
B"H REQUEST POST /api/social/federation/import
B"H RESPONSE POST /api/social/federation/import 200
B"H REQUEST POST /api/social/graph/transaction
B"H RESPONSE POST /api/social/graph/transaction 200
B"H REQUEST POST /api/social/graph/transaction
B"H RESPONSE POST /api/social/graph/transaction 200
B"H REQUEST POST /api/social/notifications/digest/smokeb_%24mqb6xvk9
B"H RESPONSE POST /api/social/notifications/digest/smokeb_%24mqb6xvk9 200
B"H REQUEST POST /api/social/jobs/run
B"H RESPONSE POST /api/social/jobs/run 200
B"H REQUEST GET /api/social/cache/get?key=BH_REAL_SMOKE_mqb6xvk9%3Afeed
B"H RESPONSE GET /api/social/cache/get?key=BH_REAL_SMOKE_mqb6xvk9%3Afeed 200
B"H REQUEST POST /api/social/cache/invalidate
B"H RESPONSE POST /api/social/cache/invalidate 200
B"H REQUEST GET /api/social/sync/pull/smoke_%24mqb6xvk9?since=0
B"H RESPONSE GET /api/social/sync/pull/smoke_%24mqb6xvk9?since=0 200
B"H REQUEST GET /api/social/feed/home?aliasId=smoke_%24mqb6xvk9
B"H RESPONSE GET /api/social/feed/home?aliasId=smoke_%24mqb6xvk9 200
B"H REQUEST GET /api/social/feed/heichel/smokeHeichel_%24mqb6xvk9
B"H RESPONSE GET /api/social/feed/heichel/smokeHeichel_%24mqb6xvk9 200
B"H REQUEST GET /api/social/feed/trending
B"H RESPONSE GET /api/social/feed/trending 200
B"H REQUEST GET /api/social/feed/discover
B"H RESPONSE GET /api/social/feed/discover 200
B"H REQUEST POST /api/social/comments/thread/append
B"H RESPONSE POST /api/social/comments/thread/append 200
B"H REQUEST POST /api/social/comments/thread/append
B"H RESPONSE POST /api/social/comments/thread/append 200
B"H REQUEST GET /api/social/comments/thread/smokeQuestion_%24mqb6xvk9/ranked
B"H RESPONSE GET /api/social/comments/thread/smokeQuestion_%24mqb6xvk9/ranked 200
B"H realServerWrites.test passed {
  "dbRoot": "C:\\Users\\Yackov Yitzchak\\Documents\\WoW\\dayuhChadash",
  "userId": "BH_REAL_SMOKE_mqb6xvk9_USER",
  "aliasId": "smoke_$mqb6xvk9",
  "heichelId": "smokeHeichel_$mqb6xvk9",
  "postId": "smokePost_$mqb6xvk9",
  "apiKeyVerified": "BH_REAL_SMOKE_mqb6xvk9_USER",
  "userIdB": "BH_REAL_SMOKE_mqb6xvk9_USER_B",
  "aliasResponse": {
    "name": "BH_REAL_SMOKE_mqb6xvk9 Alias",
    "aliasId": "smoke_$mqb6xvk9"
  },
  "aliasBResponse": {
    "name": "BH_REAL_SMOKE_mqb6xvk9 Alias B",
    "aliasId": "smokeb_$mqb6xvk9"
  },
  "mailResponse": {
    "success": {
      "message": "Sent internally"
    }
  },
  "notificationId": "BH_note_chat_1781284737983_2461",
  "notificationRead": true,
  "graphReferenceId": "quotes_post__smokeHeichel_%24mqb6xvk9__root__smokePost_%24mqb6xvk9__TO__comment__smokeHeichel_%24mqb6xvk9__smokePost_%24mqb6xvk9__BH_REAL_SMOKE_mqb6xvk9_COMMENT_TARGET",
  "questionId": "smokeQuestion_$mqb6xvk9",
  "answerId": "smokeAnswer_$mqb6xvk9",
  "sectionId": "smokeSection_$mqb6xvk9",
  "answerLinks": 1,
  "sections": 2,
  "repostId": "reposts_comment__smokeHeichel_%24mqb6xvk9__smokePost_%24mqb6xvk9__BH_REAL_SMOKE_mqb6xvk9_COMMENT_TARGET__TO__question__smokeHeichel_%24mqb6xvk9__root__smokeQuestion_%24mqb6xvk9",
  "shareId": "crossLinks_section__smokeHeichel_%24mqb6xvk9__smokeQuestion_%24mqb6xvk9__smokeSection_%24mqb6xvk9_extra__smokeSection_%24mqb6xvk9_extra__TO__answer__smokeHeichel_%24mqb6xvk9__root__smokeAnswer_%24mqb6xvk9",
  "commentResponse": {
    "success": true,
    "message": "Comment added!",
    "details": {
      "id": "BH_1781284738217_commentBy_smoke_$mqb6xvk9",
      "path": "/social/heichelos/smokeHeichel_$mqb6xvk9/comments/atSeries/root/atPost/smokePost_$mqb6xvk9/smoke_$mqb6xvk9",
      "verseSection": "root",
      "searchIndex": {
        "success": true,
        "record": {
          "id": "BH_1781284738217_commentBy_smoke_$mqb6xvk9",
          "aliasId": "smoke_$mqb6xvk9",
          "parentId": "smokePost_$mqb6xvk9",
          "coordinate": {
            "heichelId": "smokeHeichel_$mqb6xvk9",
            "seriesId": "root",
            "postId": "smokePost_$mqb6xvk9",
            "parentId": "smokePost_$mqb6xvk9",
            "parentType": "post",
            "verseSection": "root",
            "subSection": null,
            "tokenStart": null,
            "tokenEnd": null,
            "charStart": null,
            "charEnd": null,
            "semanticFingerprint": "Real submitted comment written through HTTP token auth."
          },
          "text": "Real submitted comment written through HTTP token auth.",
          "metadata": {
            "status": "active",
            "heichelId": "smokeHeichel_$mqb6xvk9",
            "seriesId": "root",
            "parentId": "smokePost_$mqb6xvk9",
            "parentType": "post",
            "postId": "smokePost_$mqb6xvk9",
            "verseSection": "root",
            "subSection": null,
            "storageEngine": "awtsmoosDb",
            "storageFormat": "single-authority-comment-tree",
            "storageType": "search-sidecar",
            "duplicateCommentStorage": false,
            "migration": null,
            "lexicalSignature": "svqgjx",
            "textLength": 55,
            "embeddingProvider": "awtsmoosdb-js-fallback",
            "embeddingDimensions": 384,
            "embeddingModel": "bge-small-en-v1.5-q8_0",
            "ggufSource": "https://huggingface.co/ggml-org/bge-small-en-v1.5-Q8_0-GGUF/tree/main",
            "ggufFile": "bge-small-en-v1.5-q8_0.gguf"
          },
          "embedding": [
            0,
            0,
            0,
            0,
            0,
            0,
            0.3162277638912201,
            0,
            0,
            0,
            0,
            0,
            0,
            0,
            0,
            0,
            0,
            0,
            0,
            0,
            0,
            0,
            0,
            0,
            0,
            0,
            0,
            0,
            0,
            0,
            0,
            0,
            0,
            0,
            0,
            0,
            0,
            0,
            0,
            0,
            0,
            0,
            0,
            0,
            0,
            0,
            0,
            0,
            0,
            0.3162277638912201,
            0,
            0,
            0,
            0,
            0,
            0,
            0,
            0,
            0,
            0,
            0,
            0,
            0,
            0,
            0,
            0,
            0,
            0,
            0,
            0,
            0,
            0,
            0,
            0,
            0,
            0,
            0,
            0,
            0.3162277638912201,
            0,
            0,
            0,
            0,
            0,
            0,
            0,
            0,
            0,
            0,
            0,
            0,
            0,
            0,
            0,
            0.3162277638912201,
            0,
            0,
            0,
            0,
            0,
            0,
            0,
            0,
            0,
            0,
            0,
            0,
            0,
            0,
            0,
            0,
            0,
            0,
            0,
            0,
            0,
            0,
            0,
            0.15811388194561005,
            0,
            0,
            0,
            0,
            0,
            0,
            0,
            0,
            0,
            0,
            0,
            0,
            0,
            0,
            0,
            0,
            0,
            0,
            0,
            0,
            0,
            0,
            0,
            0,
            0,
            0,
            0,
            -0.15811388194561005,
            0,
            0,
            0,
            0,
            0,
            0,
            0,
            0,
            0,
            0,
            0,
            0,
            0,
            0,
            0,
            0,
            0,
            0,
            0,
            0,
            0,
            -0.15811388194561005,
            0,
            0,
            0,
            0,
            0,
            0,
            0,
            0,
            0,
            0,
            0,
            0,
            0,
            0,
            0,
            0,
            0,
            0,
            0,
            0,
            0,
            0.3162277638912201,
            0,
            0.3162277638912201,
            0,
            0,
            0,
            0,
            0,
            0,
            0,
            0,
            0,
            0,
            0,
            0,
            0,
            0,
            0,
            0,
            0,
            0,
            0,
            0,
            0,
            0,
            0,
            0,
            0,
            -0.15811388194561005,
            0.3162277638912201,
            0,
            0,
            0,
            0,
            0,
            0,
            0,
            0,
            0,
            0,
            0,
            0,
            0,
            0,
            0,
            0,
            0,
            0,
            0,
            0,
            0,
            0,
            0,
            0,
            0,
            0,
            0,
            0,
            0,
            0,
            0,
            0,
            0,
            0,
            0,
            0,
            0,
            -0.15811388194561005,
            0,
            0,
            0,
            0,
            0,
            0,
            0,
            0,
            0,
            0,
            0,
            0,
            0,
            0,
            0,
            0,
            0,
            0,
            0,
            0,
            0,
            0,
            0,
            0,
            0,
            0,
            0,
            0,
            0,
            0,
            0,
            0,
            0,
            0.3162277638912201,
            0,
            0,
            0,
            0,
            0,
            0,
            0,
            0,
            0,
            0,
            0,
            0,
            0,
            0,
            -0.15811388194561005,
            0,
            0,
            0,
            0,
            0,
            0,
            0,
            0,
            -0.15811388194561005,
            0,
            0,
            0,
            0,
            0,
            0,
            0,
            0,
            0,
            0,
            0,
            0,
            0,
            0,
            0,
            0,
            0,
            0,
            0,
            0,
            0,
            0,
            0,
            0,
            0,
            0,
            0,
            0,
            0,
            0,
            0,
            0,
            0,
            0,
            0,
            0,
            0,
            0,
            0,
            0,
            0,
            0,
            0,
            0,
            0,
            -0.15811388194561005,
            0,
            0,
            0,
            0,
            0,
            0,
            0,
            0,
            0,
            0,
            0,
            0,
            0,
            0,
            0,
            0,
            0,
            0,
            0,
            0,
            0,
            0
          ],
          "indexedAt": 1781284738231
        },
        "vector": {
          "skipped": true,
          "disabled": true,
          "reason": "single_comment_authority_guard"
        },
        "stats": {
          "path": "C:\\Users\\Yackov Yitzchak\\Documents\\WoW\\dayuhChadash\\awtsmoos-comment-search\\smokeHeichel_$mqb6xvk9\\root\\ai-search.awtsdb",
          "count": 1,
          "hasAwtsmoosDb": true,
          "latestIndexedAt": 1781284738231,
          "embeddedCount": 1
        },
        "sideEffects": [
          {
            "deferred": true,
            "label": "commentAliasIndex",
            "startedAt": 1781284738232
          }
        ]
      }
    }
  },
  "directCommentId": "BH_1781284738258_commentBy_smoke_$mqb6xvk9",
  "replyCommentId": "BH_1781284738283_commentBy_smokeb_$mqb6xvk9",
  "commentAuthors": [
    "smoke_$mqb6xvk9"
  ],
  "packedStats": [
    {
      "shard": "core",
      "records": 371150,
      "logicalKeys": 371149,
      "byType": {
        "jsonObject": 370666,
        "jsonBusyObject": 484
      }
    },
    {
      "shard": "allPosts",
      "records": 377,
      "logicalKeys": 351,
      "byType": {
        "jsonObject": 377
      }
    },
    {
      "shard": "meta",
      "records": 400,
      "logicalKeys": 374,
      "byType": {
        "jsonObject": 377,
        "migrationManifest": 23
      }
    },
    {
      "shard": "graph",
      "records": 159,
      "logicalKeys": 128,
      "byType": {
        "graphEdge": 141,
        "jsonObject": 18
      }
    },
    {
      "shard": "notify",
      "records": 68,
      "logicalKeys": 68,
      "byType": {
        "notification": 58,
        "jsonObject": 10
      }
    },
    {
      "shard": "audit",
      "records": 13629,
      "logicalKeys": 13549,
      "byType": {
        "migrationManifest": 12851,
        "jsonObject": 765,
        "jsonBusyObject": 13
      }
    },
    {
      "shard": "search",
      "records": 1453,
      "logicalKeys": 1313,
      "byType": {
        "jsonObject": 1453
      }
    },
    {
      "shard": "feed",
      "records": 48,
      "logicalKeys": 35,
      "byType": {
        "jsonObject": 48
      }
    }
  ],
  "packedSnapshot": {
    "exportedAt": 1781284756527,
    "stats": [
      {
        "shard": "core",
        "records": null,
        "logicalKeys": null,
        "approximate": true,
        "bytes": 531634253,
        "files": [
          {
            "file": "C:\\Users\\Yackov Yitzchak\\Documents\\WoW\\dayuhChadash\\socialPacked\\social.core.awtsocial",
            "exists": true,
            "bytes": 530431291,
            "mtimeMs": 1780562285440.8364
          },
          {
            "file": "C:\\Users\\Yackov Yitzchak\\Documents\\WoW\\dayuhChadash\\socialPacked\\social.core.awtsdb",
            "exists": true,
            "bytes": 1202962,
            "mtimeMs": 1781284738140.0347
          }
        ]
      },
      {
        "shard": "allPosts",
        "records": null,
        "logicalKeys": null,
        "approximate": true,
        "bytes": 206325,
        "files": [
          {
            "file": "C:\\Users\\Yackov Yitzchak\\Documents\\WoW\\dayuhChadash\\socialPacked\\social.allPosts.awtsdb",
            "exists": true,
            "bytes": 206325,
            "mtimeMs": 1781284738141.782
          }
        ]
      },
      {
        "shard": "meta",
        "records": null,
        "logicalKeys": null,
        "approximate": true,
        "bytes": 359959,
        "files": [
          {
            "file": "C:\\Users\\Yackov Yitzchak\\Documents\\WoW\\dayuhChadash\\socialPacked\\social.meta.awtsdb",
            "exists": true,
            "bytes": 359959,
            "mtimeMs": 1781284738373.6443
          }
        ]
      },
      {
        "shard": "graph",
        "records": null,
        "logicalKeys": null,
        "approximate": true,
        "bytes": 138902,
        "files": [
          {
            "file": "C:\\Users\\Yackov Yitzchak\\Documents\\WoW\\dayuhChadash\\socialPacked\\social.graph.awtsocial",
            "exists": false,
            "bytes": 0,
            "mtimeMs": 0
          },
          {
            "file": "C:\\Users\\Yackov Yitzchak\\Documents\\WoW\\dayuhChadash\\socialPacked\\social.graph.awtsdb",
            "exists": true,
            "bytes": 138902,
            "mtimeMs": 1781284738194.0696
          }
        ]
      },
      {
        "shard": "notify",
        "records": null,
        "logicalKeys": null,
        "approximate": true,
        "bytes": 37092,
        "files": [
          {
            "file": "C:\\Users\\Yackov Yitzchak\\Documents\\WoW\\dayuhChadash\\socialPacked\\social.notify.awtsocial",
            "exists": false,
            "bytes": 0,
            "mtimeMs": 0
          },
          {
            "file": "C:\\Users\\Yackov Yitzchak\\Documents\\WoW\\dayuhChadash\\socialPacked\\social.notify.awtsdb",
            "exists": true,
            "bytes": 37092,
            "mtimeMs": 1781284737988.0903
          }
        ]
      },
      {
        "shard": "audit",
        "records": null,
        "logicalKeys": null,
        "approximate": true,
        "bytes": 12521450,
        "files": [
          {
            "file": "C:\\Users\\Yackov Yitzchak\\Documents\\WoW\\dayuhChadash\\socialPacked\\social.audit.awtsocial",
            "exists": true,
            "bytes": 12117829,
            "mtimeMs": 1780562285442.8442
          },
          {
            "file": "C:\\Users\\Yackov Yitzchak\\Documents\\WoW\\dayuhChadash\\socialPacked\\social.audit.awtsdb",
            "exists": true,
            "bytes": 403621,
            "mtimeMs": 1781284738196.5916
          }
        ]
      },
      {
        "shard": "search",
        "records": null,
        "logicalKeys": null,
        "approximate": true,
        "bytes": 758605,
        "files": [
          {
            "file": "C:\\Users\\Yackov Yitzchak\\Documents\\WoW\\dayuhChadash\\socialPacked\\social.search.awtsocial",
            "exists": false,
            "bytes": 0,
            "mtimeMs": 0
          },
          {
            "file": "C:\\Users\\Yackov Yitzchak\\Documents\\WoW\\dayuhChadash\\socialPacked\\social.search.awtsdb",
            "exists": true,
            "bytes": 758605,
            "mtimeMs": 1781284738194.0696
          }
        ]
      },
      {
        "shard": "feed",
        "records": null,
        "logicalKeys": null,
        "approximate": true,
        "bytes": 27035,
        "files": [
          {
            "file": "C:\\Users\\Yackov Yitzchak\\Documents\\WoW\\dayuhChadash\\socialPacked\\social.feed.awtsocial",
            "exists": false,
            "bytes": 0,
            "mtimeMs": 0
          },
          {
            "file": "C:\\Users\\Yackov Yitzchak\\Documents\\WoW\\dayuhChadash\\socialPacked\\social.feed.awtsdb",
            "exists": true,
            "bytes": 27035,
            "mtimeMs": 1781284733805.0356
          }
        ]
      }
    ],
    "indexStats": {
      "records": 1413,
      "byIndex": {
        "graphOut": 141,
        "graphIn": 141,
        "postsByHeichel": 377,
        "postsByAlias": 377,
        "postsByType": 377
      }
    },
    "manifests": 377,
    "migrations": 23,
    "manifestKeys": [
      "/entities/post/40/6f/burstPost_mqb6ehw7_11/manifest",
      "/entities/post/fd/d5/burstPost_mqb6ehw7_12/manifest",
      "/entities/post/58/70/burstPost_mqb6ehw7_13/manifest",
      "/entities/post/ac/21/burstPost_mqb6ehw7_14/manifest",
      "/entities/post/7b/cf/burstPost_mqb6ehw7_15/manifest",
      "/entities/post/71/84/burstPost_mqb6ehw7_16/manifest",
      "/entities/post/53/8f/burstPost_mqb6ehw7_17/manifest",
      "/entities/post/d0/1a/burstPost_mqb6ehw7_18/manifest",
      "/entities/post/0b/0a/burstPost_mqb6ehw7_19/manifest",
      "/entities/post/5b/81/burstPost_mqb6ehw7_20/manifest",
      "/entities/post/04/f0/smokeQuestion_$mqb6hn5u/manifest",
      "/entities/post/7c/ba/smokeAnswer_$mqb6hn5u/manifest",
      "/entities/post/04/f0/smokeQuestion_$mqb6hn5u/manifest",
      "/entities/post/b6/bd/smokeQuestion_$mqb6j10d/manifest",
      "/entities/post/f6/79/smokeAnswer_$mqb6j10d/manifest",
      "/entities/post/b6/bd/smokeQuestion_$mqb6j10d/manifest",
      "/entities/post/1c/4f/tailQuestion_mqb6l57s/manifest",
      "/entities/post/fe/36/tailAnswer_mqb6l57s/manifest",
      "/entities/post/62/3b/tailQuestion_mqb6l7ne/manifest",
      "/entities/post/64/65/tailAnswer_mqb6l7ne/manifest",
      "/entities/post/cd/d8/smokeQuestion_$mqb6m1n4/manifest",
      "/entities/post/8a/42/smokeAnswer_$mqb6m1n4/manifest",
      "/entities/post/cd/d8/smokeQuestion_$mqb6m1n4/manifest",
      "/entities/post/ac/e6/smokeQuestion_$mqb6ndpf/manifest",
      "/entities/post/15/52/smokeAnswer_$mqb6ndpf/manifest",
      "/entities/post/ac/e6/smokeQuestion_$mqb6ndpf/manifest",
      "/entities/post/cf/10/smokeQuestion_$mqb6os5d/manifest",
      "/entities/post/94/e5/smokeAnswer_$mqb6os5d/manifest",
      "/entities/post/cf/10/smokeQuestion_$mqb6os5d/manifest",
      "/entities/post/f9/ad/smokeQuestion_$mqb6pk29/manifest",
      "/entities/post/b1/63/smokeAnswer_$mqb6pk29/manifest",
      "/entities/post/f9/ad/smokeQuestion_$mqb6pk29/manifest",
      "/entities/post/76/bb/smokeQuestion_$mqb6qbpv/manifest",
      "/entities/post/e2/e2/smokeAnswer_$mqb6qbpv/manifest",
      "/entities/post/76/bb/smokeQuestion_$mqb6qbpv/manifest",
      "/entities/post/2f/5f/smokeQuestion_$mqb6r2gp/manifest",
      "/entities/post/5c/84/smokeAnswer_$mqb6r2gp/manifest",
      "/entities/post/2f/5f/smokeQuestion_$mqb6r2gp/manifest",
      "/entities/post/b7/0c/smokeQuestion_$mqb6tqb6/manifest",
      "/entities/post/b8/40/smokeAnswer_$mqb6tqb6/manifest",
      "/entities/post/b7/0c/smokeQuestion_$mqb6tqb6/manifest",
      "/entities/post/0c/46/smokeQuestion_$mqb6uic0/manifest",
      "/entities/post/6a/e7/smokeAnswer_$mqb6uic0/manifest",
      "/entities/post/0c/46/smokeQuestion_$mqb6uic0/manifest",
      "/entities/post/50/98/smokeQuestion_$mqb6x20f/manifest",
      "/entities/post/0d/60/smokeAnswer_$mqb6x20f/manifest",
      "/entities/post/50/98/smokeQuestion_$mqb6x20f/manifest",
      "/entities/post/b3/19/smokeQuestion_$mqb6xvk9/manifest",
      "/entities/post/3e/3c/smokeAnswer_$mqb6xvk9/manifest",
      "/entities/post/b3/19/smokeQuestion_$mqb6xvk9/manifest"
    ],
    "migrationKeys": [
      "/migrations/connectedPosts_1781282806992",
      "/migrations/connectedPosts_1781282871397",
      "/migrations/connectedPosts_1781282879454",
      "/migrations/connectedPosts_1781282942891",
      "/migrations/connectedPosts_1781283098905",
      "/migrations/connectedPosts_1781283175900",
      "/migrations/connectedPosts_1781283252509",
      "/migrations/connectedPosts_1781283323529",
      "/migrations/connectedPosts_1781283601712",
      "/migrations/connectedPosts_1781283639687",
      "/migrations/connectedPosts_1781283673809",
      "/migrations/connectedPosts_1781283980508",
      "/migrations/connectedPosts_1781284045660",
      "/migrations/connectedPosts_1781284186345",
      "/migrations/connectedPosts_1781284248762",
      "/migrations/connectedPosts_1781284314108",
      "/migrations/connectedPosts_1781284350276",
      "/migrations/connectedPosts_1781284386129",
      "/migrations/connectedPosts_1781284420853",
      "/migrations/connectedPosts_1781284544927",
      "/migrations/connectedPosts_1781284581383",
      "/migrations/connectedPosts_1781284699995",
      "/migrations/connectedPosts_1781284738375"
    ]
  },
  "packedIntegrity": {
    "checkedAt": 1781284756550,
    "coreRecords": null,
    "postRecords": null,
    "missingPostManifests": [],
    "exhaustiveCoreScan": false,
    "skippedReason": "core_shard_too_large_for_request_integrity_scan",
    "coreBytes": 531634253,
    "graphRecords": 159,
    "badEdges": [],
    "approximate": true,
    "ok": true
  },
  "packedRepair": {
    "repaired": 0,
    "repairedIds": [],
    "checked": 0,
    "approximate": true,
    "skippedReason": "core_shard_too_large_for_request_repair_scan",
    "coreBytes": 531634253
  },
  "platform": {
    "liveEvents": 1,
    "searchHits": 9,
    "relationship": "follow",
    "jobId": "job_1781284768917_3wpxzde4x87",
    "moderationId": "mod_report_1781284768907_cgcgztqmugt",
    "graphTransaction": "committed",
    "jobsRan": 5,
    "digestCount": 1,
    "rankedThreadTop": "BH_REAL_SMOKE_mqb6xvk9_thread_root"
  },
  "packedShardFiles": [
    "__tmp_fs3_manifest_repro.awtsdb",
    "__tmp_fs3_manifest_repro.awtsdb.wal",
    "social.allPosts.awtsdb",
    "social.audit.awtsdb",
    "social.audit.awtsocial",
    "social.core..oiledawtsocial",
    "social.core.awtsdb",
    "social.core.awtsocial",
    "social.feed.awtsdb",
    "social.graph.awtsdb",
    "social.heichel.ikar.comments.fs.awtsdb",
    "social.heichel.ikar.comments.fs.awtsdb.lock",
    "social.heichel.ikar.comments.fs.awtsdb.wal",
    "social.heichel.ikar.posts.fs.awtsdb",
    "social.heichel.ikar.posts.fs.awtsdb.lock",
    "social.heichel.ikar.posts.fs.awtsdb.wal",
    "social.heichel.ikar.series.fs.awtsdb",
    "social.heichel.ikar.series.fs.awtsdb.lock",
    "social.heichel.ikar.series.fs.awtsdb.wal",
    "social.meta.awtsdb",
    "social.notify.awtsdb",
    "social.posts.real.awtsdb",
    "social.posts.real.awtsdb.lock",
    "social.posts.real.awtsdb.migration.lock",
    "social.posts.real.awtsdb.wal",
    "social.search.awtsdb"
  ],
  "changedFiles": [
    "social\\aliases\\smoke_$mqb6xvk9\\comments\\heichel\\smokeHeichel_$mqb6xvk9\\series\\root\\atPost.awtsmoosJSON",
    "social\\aliases\\smoke_$mqb6xvk9\\entities\\answer\\smokeAnswer_$mqb6xvk9.awtsmoosJSON",
    "social\\aliases\\smoke_$mqb6xvk9\\entities\\question\\smokeQuestion_$mqb6xvk9.awtsmoosJSON",
    "social\\aliases\\smoke_$mqb6xvk9\\info.awtsmoosJSON",
    "social\\aliases\\smokeb_$mqb6xvk9\\comments\\heichel\\smokeHeichel_$mqb6xvk9\\series\\root\\atComment\\inPost\\smokePost_$mqb6xvk9.awtsmoosJSON",
    "social\\aliases\\smokeb_$mqb6xvk9\\info.awtsmoosJSON",
    "social\\aliases\\smokeb_$mqb6xvk9\\notifications\\BH_note_chat_1781284737983_2461.awtsmoosJSON",
    "social\\heichelos\\smokeHeichel_$mqb6xvk9\\comments\\atSeries\\root\\atPost\\smokePost_$mqb6xvk9\\atComment\\BH_1781284738258_commentBy_smoke_$mqb6xvk9\\smokeb_$mqb6xvk9.awtsmoosJSON",
    "social\\heichelos\\smokeHeichel_$mqb6xvk9\\comments\\atSeries\\root\\atPost\\smokePost_$mqb6xvk9\\smoke_$mqb6xvk9.awtsmoosJSON",
    "social\\heichelos\\smokeHeichel_$mqb6xvk9\\editors.awtsmoosJSON",
    "social\\heichelos\\smokeHeichel_$mqb6xvk9\\info.awtsmoosJSON",
    "social\\heichelos\\smokeHeichel_$mqb6xvk9\\posts\\smokeAnswer_$mqb6xvk9.awtsmoosJSON",
    "social\\heichelos\\smokeHeichel_$mqb6xvk9\\posts\\smokePost_$mqb6xvk9.awtsmoosJSON",
    "social\\heichelos\\smokeHeichel_$mqb6xvk9\\posts\\smokeQuestion_$mqb6xvk9.awtsmoosJSON",
    "social\\heichelos\\smokeHeichel_$mqb6xvk9\\posts\\smokeQuestion_$mqb6xvk9\\sections\\smokeSection_$mqb6xvk9.awtsmoosJSON",
    "social\\heichelos\\smokeHeichel_$mqb6xvk9\\posts\\smokeQuestion_$mqb6xvk9\\sections\\smokeSection_$mqb6xvk9_extra.awtsmoosJSON",
    "social\\heichelos\\smokeHeichel_$mqb6xvk9\\public.awtsmoosJSON",
    "social\\heichelos\\smokeHeichel_$mqb6xvk9\\questions\\smokeQuestion_$mqb6xvk9\\info.awtsmoosJSON"
  ]
}
