B"H REQUEST GET /api/social/keys/verify?apiKey=probe
B"H REQUEST GET /api/social/keys/verify?apiKey=probe
B"H REQUEST GET /api/social/keys/verify?apiKey=probe
B"H RESPONSE GET /api/social/keys/verify?apiKey=probe 200
B"H REQUEST GET /api/social/keys/verify?apiKey=awt_RQkak-WMc1Hm6Nw6MM_3kq60TG_U5yHW
B"H RESPONSE GET /api/social/keys/verify?apiKey=awt_RQkak-WMc1Hm6Nw6MM_3kq60TG_U5yHW 200
B"H REQUEST POST /api/social/aliases
B"H RESPONSE POST /api/social/aliases 200
B"H REQUEST POST /api/social/aliases
B"H RESPONSE POST /api/social/aliases 200
B"H REQUEST POST /api/social/mail/sendTo/smokeb_%24mqb7oxbt/from/smoke_%24mqb7oxbt
B"H RESPONSE POST /api/social/mail/sendTo/smokeb_%24mqb7oxbt/from/smoke_%24mqb7oxbt 200
B"H REQUEST POST /api/social/notifications/smokeb_%24mqb7oxbt
B"H RESPONSE POST /api/social/notifications/smokeb_%24mqb7oxbt 200
B"H REQUEST GET /api/social/notifications/smokeb_%24mqb7oxbt?includeRead=yes
B"H RESPONSE GET /api/social/notifications/smokeb_%24mqb7oxbt?includeRead=yes 200
B"H REQUEST POST /api/social/notifications/smokeb_%24mqb7oxbt/BH_note_chat_1781286000049_6914/read
B"H RESPONSE POST /api/social/notifications/smokeb_%24mqb7oxbt/BH_note_chat_1781286000049_6914/read 200
B"H REQUEST POST /api/social/graph/references
B"H RESPONSE POST /api/social/graph/references 200
B"H REQUEST POST /api/social/content/heichelos/smokeHeichel_%24mqb7oxbt/questions
B"H RESPONSE POST /api/social/content/heichelos/smokeHeichel_%24mqb7oxbt/questions 200
B"H REQUEST POST /api/social/content/heichelos/smokeHeichel_%24mqb7oxbt/questions/smokeQuestion_%24mqb7oxbt/answers
B"H RESPONSE POST /api/social/content/heichelos/smokeHeichel_%24mqb7oxbt/questions/smokeQuestion_%24mqb7oxbt/answers 200
B"H REQUEST GET /api/social/content/heichelos/smokeHeichel_%24mqb7oxbt/questions/smokeQuestion_%24mqb7oxbt/answers
B"H RESPONSE GET /api/social/content/heichelos/smokeHeichel_%24mqb7oxbt/questions/smokeQuestion_%24mqb7oxbt/answers 200
B"H REQUEST POST /api/social/content/heichelos/smokeHeichel_%24mqb7oxbt/posts/smokeQuestion_%24mqb7oxbt/sections
B"H RESPONSE POST /api/social/content/heichelos/smokeHeichel_%24mqb7oxbt/posts/smokeQuestion_%24mqb7oxbt/sections 200
B"H REQUEST GET /api/social/content/heichelos/smokeHeichel_%24mqb7oxbt/posts/smokeQuestion_%24mqb7oxbt/sections
B"H RESPONSE GET /api/social/content/heichelos/smokeHeichel_%24mqb7oxbt/posts/smokeQuestion_%24mqb7oxbt/sections 200
B"H REQUEST POST /api/social/content/repost
B"H RESPONSE POST /api/social/content/repost 200
B"H REQUEST POST /api/social/content/share
B"H RESPONSE POST /api/social/content/share 200
B"H REQUEST POST /api/social/heichelos/smokeHeichel_%24mqb7oxbt/post/smokePost_%24mqb7oxbt/comments/aliases/smoke_%24mqb7oxbt
B"H RESPONSE POST /api/social/heichelos/smokeHeichel_%24mqb7oxbt/post/smokePost_%24mqb7oxbt/comments/aliases/smoke_%24mqb7oxbt 200
B"H REQUEST POST /api/social/heichelos/smokeHeichel_%24mqb7oxbt/post/smokePost_%24mqb7oxbt/comments/
B"H RESPONSE POST /api/social/heichelos/smokeHeichel_%24mqb7oxbt/post/smokePost_%24mqb7oxbt/comments/ 200
B"H REQUEST POST /api/social/heichelos/smokeHeichel_%24mqb7oxbt/comment/BH_1781286000398_commentBy_smoke_%24mqb7oxbt
B"H RESPONSE POST /api/social/heichelos/smokeHeichel_%24mqb7oxbt/comment/BH_1781286000398_commentBy_smoke_%24mqb7oxbt 200
B"H REQUEST GET /api/social/heichelos/smokeHeichel_%24mqb7oxbt/post/smokePost_%24mqb7oxbt/comments/aliases?seriesId=root&verseSection=root
B"H RESPONSE GET /api/social/heichelos/smokeHeichel_%24mqb7oxbt/post/smokePost_%24mqb7oxbt/comments/aliases?seriesId=root&verseSection=root 200
B"H REQUEST GET /api/social/heichelos/smokeHeichel_%24mqb7oxbt/comments/inSeries/root/atPost/smokePost_%24mqb7oxbt/atAlias/smoke_%24mqb7oxbt?verseSection=root
B"H RESPONSE GET /api/social/heichelos/smokeHeichel_%24mqb7oxbt/comments/inSeries/root/atPost/smokePost_%24mqb7oxbt/atAlias/smoke_%24mqb7oxbt?verseSection=root 200
B"H REQUEST GET /api/social/heichelos/smokeHeichel_%24mqb7oxbt/comments/inSeries/root/atPost/smokePost_%24mqb7oxbt/atComment/BH_1781286000398_commentBy_smoke_%24mqb7oxbt/atAlias/smokeb_%24mqb7oxbt/atVerseSection/root
B"H RESPONSE GET /api/social/heichelos/smokeHeichel_%24mqb7oxbt/comments/inSeries/root/atPost/smokePost_%24mqb7oxbt/atComment/BH_1781286000398_commentBy_smoke_%24mqb7oxbt/atAlias/smokeb_%24mqb7oxbt/atVerseSection/root 200
B"H REQUEST GET /api/social/packed/migrations/posts/v2/dryRun?heichelId=smokeHeichel_%24mqb7oxbt&seriesId=root
B"H RESPONSE GET /api/social/packed/migrations/posts/v2/dryRun?heichelId=smokeHeichel_%24mqb7oxbt&seriesId=root 200
B"H REQUEST POST /api/social/packed/migrations/posts/v2/run?heichelId=smokeHeichel_%24mqb7oxbt&seriesId=root
B"H RESPONSE POST /api/social/packed/migrations/posts/v2/run?heichelId=smokeHeichel_%24mqb7oxbt&seriesId=root 200
B"H REQUEST GET /api/social/packed/stats
B"H RESPONSE GET /api/social/packed/stats 200
B"H REQUEST GET /api/social/packed/snapshot
