B"H REQUEST GET /api/social/keys/verify?apiKey=probe
B"H REQUEST GET /api/social/keys/verify?apiKey=probe
B"H REQUEST GET /api/social/keys/verify?apiKey=probe
B"H RESPONSE GET /api/social/keys/verify?apiKey=probe 200
B"H REQUEST GET /api/social/keys/verify?apiKey=awt_Xw3WRpzGclXkRRsDrvSj2cRE7qcX4KM1
B"H RESPONSE GET /api/social/keys/verify?apiKey=awt_Xw3WRpzGclXkRRsDrvSj2cRE7qcX4KM1 200
B"H REQUEST POST /api/social/aliases
B"H RESPONSE POST /api/social/aliases 200
B"H REQUEST POST /api/social/aliases
B"H RESPONSE POST /api/social/aliases 200
B"H REQUEST POST /api/social/mail/sendTo/smokeb_%24mqb7sv6f/from/smoke_%24mqb7sv6f
B"H RESPONSE POST /api/social/mail/sendTo/smokeb_%24mqb7sv6f/from/smoke_%24mqb7sv6f 200
B"H REQUEST POST /api/social/notifications/smokeb_%24mqb7sv6f
B"H RESPONSE POST /api/social/notifications/smokeb_%24mqb7sv6f 200
B"H REQUEST GET /api/social/notifications/smokeb_%24mqb7sv6f?includeRead=yes
B"H RESPONSE GET /api/social/notifications/smokeb_%24mqb7sv6f?includeRead=yes 200
B"H REQUEST POST /api/social/notifications/smokeb_%24mqb7sv6f/BH_note_chat_1781286183797_8568/read
B"H RESPONSE POST /api/social/notifications/smokeb_%24mqb7sv6f/BH_note_chat_1781286183797_8568/read 200
B"H REQUEST POST /api/social/graph/references
B"H RESPONSE POST /api/social/graph/references 200
B"H REQUEST POST /api/social/content/heichelos/smokeHeichel_%24mqb7sv6f/questions
B"H RESPONSE POST /api/social/content/heichelos/smokeHeichel_%24mqb7sv6f/questions 200
B"H REQUEST POST /api/social/content/heichelos/smokeHeichel_%24mqb7sv6f/questions/smokeQuestion_%24mqb7sv6f/answers
B"H RESPONSE POST /api/social/content/heichelos/smokeHeichel_%24mqb7sv6f/questions/smokeQuestion_%24mqb7sv6f/answers 200
B"H REQUEST GET /api/social/content/heichelos/smokeHeichel_%24mqb7sv6f/questions/smokeQuestion_%24mqb7sv6f/answers
B"H RESPONSE GET /api/social/content/heichelos/smokeHeichel_%24mqb7sv6f/questions/smokeQuestion_%24mqb7sv6f/answers 200
B"H REQUEST POST /api/social/content/heichelos/smokeHeichel_%24mqb7sv6f/posts/smokeQuestion_%24mqb7sv6f/sections
B"H RESPONSE POST /api/social/content/heichelos/smokeHeichel_%24mqb7sv6f/posts/smokeQuestion_%24mqb7sv6f/sections 200
B"H REQUEST GET /api/social/content/heichelos/smokeHeichel_%24mqb7sv6f/posts/smokeQuestion_%24mqb7sv6f/sections
B"H RESPONSE GET /api/social/content/heichelos/smokeHeichel_%24mqb7sv6f/posts/smokeQuestion_%24mqb7sv6f/sections 200
B"H REQUEST POST /api/social/content/repost
B"H RESPONSE POST /api/social/content/repost 200
B"H REQUEST POST /api/social/content/share
B"H RESPONSE POST /api/social/content/share 200
B"H REQUEST POST /api/social/heichelos/smokeHeichel_%24mqb7sv6f/post/smokePost_%24mqb7sv6f/comments/aliases/smoke_%24mqb7sv6f
B"H RESPONSE POST /api/social/heichelos/smokeHeichel_%24mqb7sv6f/post/smokePost_%24mqb7sv6f/comments/aliases/smoke_%24mqb7sv6f 200
B"H REQUEST POST /api/social/heichelos/smokeHeichel_%24mqb7sv6f/post/smokePost_%24mqb7sv6f/comments/
B"H RESPONSE POST /api/social/heichelos/smokeHeichel_%24mqb7sv6f/post/smokePost_%24mqb7sv6f/comments/ 200
B"H REQUEST POST /api/social/heichelos/smokeHeichel_%24mqb7sv6f/comment/BH_1781286184066_commentBy_smoke_%24mqb7sv6f
B"H RESPONSE POST /api/social/heichelos/smokeHeichel_%24mqb7sv6f/comment/BH_1781286184066_commentBy_smoke_%24mqb7sv6f 200
B"H REQUEST GET /api/social/heichelos/smokeHeichel_%24mqb7sv6f/post/smokePost_%24mqb7sv6f/comments/aliases?seriesId=root&verseSection=root
B"H RESPONSE GET /api/social/heichelos/smokeHeichel_%24mqb7sv6f/post/smokePost_%24mqb7sv6f/comments/aliases?seriesId=root&verseSection=root 200
B"H REQUEST GET /api/social/heichelos/smokeHeichel_%24mqb7sv6f/comments/inSeries/root/atPost/smokePost_%24mqb7sv6f/atAlias/smoke_%24mqb7sv6f?verseSection=root
B"H RESPONSE GET /api/social/heichelos/smokeHeichel_%24mqb7sv6f/comments/inSeries/root/atPost/smokePost_%24mqb7sv6f/atAlias/smoke_%24mqb7sv6f?verseSection=root 200
B"H REQUEST GET /api/social/heichelos/smokeHeichel_%24mqb7sv6f/comments/inSeries/root/atPost/smokePost_%24mqb7sv6f/atComment/BH_1781286184066_commentBy_smoke_%24mqb7sv6f/atAlias/smokeb_%24mqb7sv6f/atVerseSection/root
B"H RESPONSE GET /api/social/heichelos/smokeHeichel_%24mqb7sv6f/comments/inSeries/root/atPost/smokePost_%24mqb7sv6f/atComment/BH_1781286184066_commentBy_smoke_%24mqb7sv6f/atAlias/smokeb_%24mqb7sv6f/atVerseSection/root 200
B"H REQUEST GET /api/social/packed/migrations/posts/v2/dryRun?heichelId=smokeHeichel_%24mqb7sv6f&seriesId=root
B"H RESPONSE GET /api/social/packed/migrations/posts/v2/dryRun?heichelId=smokeHeichel_%24mqb7sv6f&seriesId=root 200
B"H REQUEST POST /api/social/packed/migrations/posts/v2/run?heichelId=smokeHeichel_%24mqb7sv6f&seriesId=root
B"H RESPONSE POST /api/social/packed/migrations/posts/v2/run?heichelId=smokeHeichel_%24mqb7sv6f&seriesId=root 200
B"H REQUEST GET /api/social/packed/stats
B"H RESPONSE GET /api/social/packed/stats 200
B"H REQUEST GET /api/social/packed/snapshot
