B"H REQUEST GET /api/social/keys/verify?apiKey=probe
B"H REQUEST GET /api/social/keys/verify?apiKey=probe
B"H REQUEST GET /api/social/keys/verify?apiKey=probe
B"H RESPONSE GET /api/social/keys/verify?apiKey=probe 200
B"H REQUEST GET /api/social/keys/verify
B"H RESPONSE GET /api/social/keys/verify 200
B"H REQUEST POST /api/social/aliases
B"H RESPONSE POST /api/social/aliases 200
B"H REQUEST POST /api/social/aliases
B"H RESPONSE POST /api/social/aliases 200
B"H REQUEST POST /api/social/mail/sendTo/smokeb_%24mqb6uic0/from/smoke_%24mqb6uic0
B"H RESPONSE POST /api/social/mail/sendTo/smokeb_%24mqb6uic0/from/smoke_%24mqb6uic0 200
B"H REQUEST POST /api/social/notifications/smokeb_%24mqb6uic0
B"H RESPONSE POST /api/social/notifications/smokeb_%24mqb6uic0 200
B"H REQUEST GET /api/social/notifications/smokeb_%24mqb6uic0?includeRead=yes
B"H RESPONSE GET /api/social/notifications/smokeb_%24mqb6uic0?includeRead=yes 200
B"H REQUEST POST /api/social/notifications/smokeb_%24mqb6uic0/BH_note_chat_1781284580887_282/read
B"H RESPONSE POST /api/social/notifications/smokeb_%24mqb6uic0/BH_note_chat_1781284580887_282/read 200
B"H REQUEST POST /api/social/graph/references
B"H RESPONSE POST /api/social/graph/references 200
B"H REQUEST POST /api/social/content/heichelos/smokeHeichel_%24mqb6uic0/questions
B"H RESPONSE POST /api/social/content/heichelos/smokeHeichel_%24mqb6uic0/questions 200
B"H REQUEST POST /api/social/content/heichelos/smokeHeichel_%24mqb6uic0/questions/smokeQuestion_%24mqb6uic0/answers
B"H RESPONSE POST /api/social/content/heichelos/smokeHeichel_%24mqb6uic0/questions/smokeQuestion_%24mqb6uic0/answers 200
B"H REQUEST GET /api/social/content/heichelos/smokeHeichel_%24mqb6uic0/questions/smokeQuestion_%24mqb6uic0/answers
B"H RESPONSE GET /api/social/content/heichelos/smokeHeichel_%24mqb6uic0/questions/smokeQuestion_%24mqb6uic0/answers 200
B"H REQUEST POST /api/social/content/heichelos/smokeHeichel_%24mqb6uic0/posts/smokeQuestion_%24mqb6uic0/sections
B"H RESPONSE POST /api/social/content/heichelos/smokeHeichel_%24mqb6uic0/posts/smokeQuestion_%24mqb6uic0/sections 200
B"H REQUEST GET /api/social/content/heichelos/smokeHeichel_%24mqb6uic0/posts/smokeQuestion_%24mqb6uic0/sections
B"H RESPONSE GET /api/social/content/heichelos/smokeHeichel_%24mqb6uic0/posts/smokeQuestion_%24mqb6uic0/sections 200
B"H REQUEST POST /api/social/content/repost
B"H RESPONSE POST /api/social/content/repost 200
B"H REQUEST POST /api/social/content/share
B"H RESPONSE POST /api/social/content/share 200
B"H REQUEST POST /api/social/heichelos/smokeHeichel_%24mqb6uic0/post/smokePost_%24mqb6uic0/comments/aliases/smoke_%24mqb6uic0
B"H RESPONSE POST /api/social/heichelos/smokeHeichel_%24mqb6uic0/post/smokePost_%24mqb6uic0/comments/aliases/smoke_%24mqb6uic0 200
B"H REQUEST POST /api/social/heichelos/smokeHeichel_%24mqb6uic0/post/smokePost_%24mqb6uic0/comments/
B"H RESPONSE POST /api/social/heichelos/smokeHeichel_%24mqb6uic0/post/smokePost_%24mqb6uic0/comments/ 200
B"H REQUEST POST /api/social/heichelos/smokeHeichel_%24mqb6uic0/comment/BH_1781284581228_commentBy_smoke_%24mqb6uic0
B"H RESPONSE POST /api/social/heichelos/smokeHeichel_%24mqb6uic0/comment/BH_1781284581228_commentBy_smoke_%24mqb6uic0 200
B"H REQUEST GET /api/social/heichelos/smokeHeichel_%24mqb6uic0/post/smokePost_%24mqb6uic0/comments/aliases?seriesId=root&verseSection=root
B"H RESPONSE GET /api/social/heichelos/smokeHeichel_%24mqb6uic0/post/smokePost_%24mqb6uic0/comments/aliases?seriesId=root&verseSection=root 200
B"H REQUEST GET /api/social/heichelos/smokeHeichel_%24mqb6uic0/comments/inSeries/root/atPost/smokePost_%24mqb6uic0/atAlias/smoke_%24mqb6uic0?verseSection=root
B"H RESPONSE GET /api/social/heichelos/smokeHeichel_%24mqb6uic0/comments/inSeries/root/atPost/smokePost_%24mqb6uic0/atAlias/smoke_%24mqb6uic0?verseSection=root 200
B"H REQUEST GET /api/social/heichelos/smokeHeichel_%24mqb6uic0/comments/inSeries/root/atPost/smokePost_%24mqb6uic0/atComment/BH_1781284581228_commentBy_smoke_%24mqb6uic0/atAlias/smokeb_%24mqb6uic0/atVerseSection/root
B"H RESPONSE GET /api/social/heichelos/smokeHeichel_%24mqb6uic0/comments/inSeries/root/atPost/smokePost_%24mqb6uic0/atComment/BH_1781284581228_commentBy_smoke_%24mqb6uic0/atAlias/smokeb_%24mqb6uic0/atVerseSection/root 200
B"H REQUEST GET /api/social/packed/migrations/posts/v2/dryRun?heichelId=smokeHeichel_%24mqb6uic0&seriesId=root
B"H RESPONSE GET /api/social/packed/migrations/posts/v2/dryRun?heichelId=smokeHeichel_%24mqb6uic0&seriesId=root 200
B"H REQUEST POST /api/social/packed/migrations/posts/v2/run?heichelId=smokeHeichel_%24mqb6uic0&seriesId=root
B"H RESPONSE POST /api/social/packed/migrations/posts/v2/run?heichelId=smokeHeichel_%24mqb6uic0&seriesId=root 200
B"H REQUEST GET /api/social/packed/stats
B"H RESPONSE GET /api/social/packed/stats 200
B"H REQUEST GET /api/social/packed/snapshot
B"H RESPONSE GET /api/social/packed/snapshot 200
B"H REQUEST GET /api/social/packed/integrity
