B"H REQUEST GET /api/social/keys/verify?apiKey=probe
B"H REQUEST GET /api/social/keys/verify?apiKey=probe
B"H REQUEST GET /api/social/keys/verify?apiKey=probe
B"H REQUEST GET /api/social/keys/verify?apiKey=probe
B"H RESPONSE GET /api/social/keys/verify?apiKey=probe 200
B"H REQUEST GET /api/social/keys/verify?apiKey=awt_SmLzcFYHQeGW_wzXFIFQBgNOpjnT55IU
B"H RESPONSE GET /api/social/keys/verify?apiKey=awt_SmLzcFYHQeGW_wzXFIFQBgNOpjnT55IU 200
B"H REQUEST POST /api/social/aliases
B"H RESPONSE POST /api/social/aliases 200
B"H REQUEST POST /api/social/aliases
B"H RESPONSE POST /api/social/aliases 200
B"H REQUEST POST /api/social/mail/sendTo/smokeb_%24mqb81sx5/from/smoke_%24mqb81sx5
B"H RESPONSE POST /api/social/mail/sendTo/smokeb_%24mqb81sx5/from/smoke_%24mqb81sx5 200
B"H REQUEST POST /api/social/notifications/smokeb_%24mqb81sx5
B"H RESPONSE POST /api/social/notifications/smokeb_%24mqb81sx5 200
B"H REQUEST GET /api/social/notifications/smokeb_%24mqb81sx5?includeRead=yes
B"H RESPONSE GET /api/social/notifications/smokeb_%24mqb81sx5?includeRead=yes 200
B"H REQUEST POST /api/social/notifications/smokeb_%24mqb81sx5/BH_note_chat_1781286601311_9841/read
B"H RESPONSE POST /api/social/notifications/smokeb_%24mqb81sx5/BH_note_chat_1781286601311_9841/read 200
B"H REQUEST POST /api/social/graph/references
B"H RESPONSE POST /api/social/graph/references 200
B"H REQUEST POST /api/social/content/heichelos/smokeHeichel_%24mqb81sx5/questions
B"H RESPONSE POST /api/social/content/heichelos/smokeHeichel_%24mqb81sx5/questions 200
B"H REQUEST POST /api/social/content/heichelos/smokeHeichel_%24mqb81sx5/questions/smokeQuestion_%24mqb81sx5/answers
B"H RESPONSE POST /api/social/content/heichelos/smokeHeichel_%24mqb81sx5/questions/smokeQuestion_%24mqb81sx5/answers 200
B"H REQUEST GET /api/social/content/heichelos/smokeHeichel_%24mqb81sx5/questions/smokeQuestion_%24mqb81sx5/answers
B"H RESPONSE GET /api/social/content/heichelos/smokeHeichel_%24mqb81sx5/questions/smokeQuestion_%24mqb81sx5/answers 200
B"H REQUEST POST /api/social/content/heichelos/smokeHeichel_%24mqb81sx5/posts/smokeQuestion_%24mqb81sx5/sections
B"H RESPONSE POST /api/social/content/heichelos/smokeHeichel_%24mqb81sx5/posts/smokeQuestion_%24mqb81sx5/sections 200
B"H REQUEST GET /api/social/content/heichelos/smokeHeichel_%24mqb81sx5/posts/smokeQuestion_%24mqb81sx5/sections
B"H RESPONSE GET /api/social/content/heichelos/smokeHeichel_%24mqb81sx5/posts/smokeQuestion_%24mqb81sx5/sections 200
B"H REQUEST POST /api/social/content/repost
B"H RESPONSE POST /api/social/content/repost 200
B"H REQUEST POST /api/social/content/share
B"H RESPONSE POST /api/social/content/share 200
B"H REQUEST POST /api/social/heichelos/smokeHeichel_%24mqb81sx5/post/smokePost_%24mqb81sx5/comments/aliases/smoke_%24mqb81sx5
B"H RESPONSE POST /api/social/heichelos/smokeHeichel_%24mqb81sx5/post/smokePost_%24mqb81sx5/comments/aliases/smoke_%24mqb81sx5 200
B"H REQUEST POST /api/social/heichelos/smokeHeichel_%24mqb81sx5/post/smokePost_%24mqb81sx5/comments/
B"H RESPONSE POST /api/social/heichelos/smokeHeichel_%24mqb81sx5/post/smokePost_%24mqb81sx5/comments/ 200
B"H REQUEST POST /api/social/heichelos/smokeHeichel_%24mqb81sx5/comment/BH_1781286601773_commentBy_smoke_%24mqb81sx5
B"H RESPONSE POST /api/social/heichelos/smokeHeichel_%24mqb81sx5/comment/BH_1781286601773_commentBy_smoke_%24mqb81sx5 200
B"H REQUEST GET /api/social/heichelos/smokeHeichel_%24mqb81sx5/post/smokePost_%24mqb81sx5/comments/aliases?seriesId=root&verseSection=root
B"H RESPONSE GET /api/social/heichelos/smokeHeichel_%24mqb81sx5/post/smokePost_%24mqb81sx5/comments/aliases?seriesId=root&verseSection=root 200
B"H REQUEST GET /api/social/heichelos/smokeHeichel_%24mqb81sx5/comments/inSeries/root/atPost/smokePost_%24mqb81sx5/atAlias/smoke_%24mqb81sx5?verseSection=root
B"H RESPONSE GET /api/social/heichelos/smokeHeichel_%24mqb81sx5/comments/inSeries/root/atPost/smokePost_%24mqb81sx5/atAlias/smoke_%24mqb81sx5?verseSection=root 200
B"H REQUEST GET /api/social/heichelos/smokeHeichel_%24mqb81sx5/comments/inSeries/root/atPost/smokePost_%24mqb81sx5/atComment/BH_1781286601773_commentBy_smoke_%24mqb81sx5/atAlias/smokeb_%24mqb81sx5/atVerseSection/root
B"H RESPONSE GET /api/social/heichelos/smokeHeichel_%24mqb81sx5/comments/inSeries/root/atPost/smokePost_%24mqb81sx5/atComment/BH_1781286601773_commentBy_smoke_%24mqb81sx5/atAlias/smokeb_%24mqb81sx5/atVerseSection/root 200
B"H REQUEST GET /api/social/packed/migrations/posts/v2/dryRun?heichelId=smokeHeichel_%24mqb81sx5&seriesId=root
B"H RESPONSE GET /api/social/packed/migrations/posts/v2/dryRun?heichelId=smokeHeichel_%24mqb81sx5&seriesId=root 200
B"H REQUEST POST /api/social/packed/migrations/posts/v2/run?heichelId=smokeHeichel_%24mqb81sx5&seriesId=root
B"H RESPONSE POST /api/social/packed/migrations/posts/v2/run?heichelId=smokeHeichel_%24mqb81sx5&seriesId=root 200
B"H REQUEST GET /api/social/packed/stats
B"H RESPONSE GET /api/social/packed/stats 200
B"H REQUEST GET /api/social/packed/snapshot
