B"H REQUEST GET /api/social/keys/verify?apiKey=probe
B"H REQUEST GET /api/social/keys/verify?apiKey=probe
B"H REQUEST GET /api/social/keys/verify?apiKey=probe
B"H RESPONSE GET /api/social/keys/verify?apiKey=probe 200
B"H REQUEST GET /api/social/keys/verify?apiKey=awt_07TvxeFJcvTQd8pZ2bx5c0klDes24Mp4
B"H RESPONSE GET /api/social/keys/verify?apiKey=awt_07TvxeFJcvTQd8pZ2bx5c0klDes24Mp4 200
B"H REQUEST POST /api/social/aliases
B"H RESPONSE POST /api/social/aliases 200
B"H REQUEST POST /api/social/aliases
B"H RESPONSE POST /api/social/aliases 200
B"H REQUEST POST /api/social/mail/sendTo/smokeb_%24mqb7mfuo/from/smoke_%24mqb7mfuo
B"H RESPONSE POST /api/social/mail/sendTo/smokeb_%24mqb7mfuo/from/smoke_%24mqb7mfuo 200
B"H REQUEST POST /api/social/notifications/smokeb_%24mqb7mfuo
B"H RESPONSE POST /api/social/notifications/smokeb_%24mqb7mfuo 200
B"H REQUEST GET /api/social/notifications/smokeb_%24mqb7mfuo?includeRead=yes
B"H RESPONSE GET /api/social/notifications/smokeb_%24mqb7mfuo?includeRead=yes 200
B"H REQUEST POST /api/social/notifications/smokeb_%24mqb7mfuo/BH_note_chat_1781285883928_798/read
B"H RESPONSE POST /api/social/notifications/smokeb_%24mqb7mfuo/BH_note_chat_1781285883928_798/read 200
B"H REQUEST POST /api/social/graph/references
B"H RESPONSE POST /api/social/graph/references 200
B"H REQUEST POST /api/social/content/heichelos/smokeHeichel_%24mqb7mfuo/questions
B"H RESPONSE POST /api/social/content/heichelos/smokeHeichel_%24mqb7mfuo/questions 200
B"H REQUEST POST /api/social/content/heichelos/smokeHeichel_%24mqb7mfuo/questions/smokeQuestion_%24mqb7mfuo/answers
B"H RESPONSE POST /api/social/content/heichelos/smokeHeichel_%24mqb7mfuo/questions/smokeQuestion_%24mqb7mfuo/answers 200
B"H REQUEST GET /api/social/content/heichelos/smokeHeichel_%24mqb7mfuo/questions/smokeQuestion_%24mqb7mfuo/answers
B"H RESPONSE GET /api/social/content/heichelos/smokeHeichel_%24mqb7mfuo/questions/smokeQuestion_%24mqb7mfuo/answers 200
B"H REQUEST POST /api/social/content/heichelos/smokeHeichel_%24mqb7mfuo/posts/smokeQuestion_%24mqb7mfuo/sections
B"H RESPONSE POST /api/social/content/heichelos/smokeHeichel_%24mqb7mfuo/posts/smokeQuestion_%24mqb7mfuo/sections 200
B"H REQUEST GET /api/social/content/heichelos/smokeHeichel_%24mqb7mfuo/posts/smokeQuestion_%24mqb7mfuo/sections
B"H RESPONSE GET /api/social/content/heichelos/smokeHeichel_%24mqb7mfuo/posts/smokeQuestion_%24mqb7mfuo/sections 200
B"H REQUEST POST /api/social/content/repost
B"H RESPONSE POST /api/social/content/repost 200
B"H REQUEST POST /api/social/content/share
B"H RESPONSE POST /api/social/content/share 200
B"H REQUEST POST /api/social/heichelos/smokeHeichel_%24mqb7mfuo/post/smokePost_%24mqb7mfuo/comments/aliases/smoke_%24mqb7mfuo
B"H RESPONSE POST /api/social/heichelos/smokeHeichel_%24mqb7mfuo/post/smokePost_%24mqb7mfuo/comments/aliases/smoke_%24mqb7mfuo 200
B"H REQUEST POST /api/social/heichelos/smokeHeichel_%24mqb7mfuo/post/smokePost_%24mqb7mfuo/comments/
B"H RESPONSE POST /api/social/heichelos/smokeHeichel_%24mqb7mfuo/post/smokePost_%24mqb7mfuo/comments/ 200
B"H REQUEST POST /api/social/heichelos/smokeHeichel_%24mqb7mfuo/comment/BH_1781285884174_commentBy_smoke_%24mqb7mfuo
B"H RESPONSE POST /api/social/heichelos/smokeHeichel_%24mqb7mfuo/comment/BH_1781285884174_commentBy_smoke_%24mqb7mfuo 200
B"H REQUEST GET /api/social/heichelos/smokeHeichel_%24mqb7mfuo/post/smokePost_%24mqb7mfuo/comments/aliases?seriesId=root&verseSection=root
B"H RESPONSE GET /api/social/heichelos/smokeHeichel_%24mqb7mfuo/post/smokePost_%24mqb7mfuo/comments/aliases?seriesId=root&verseSection=root 200
B"H REQUEST GET /api/social/heichelos/smokeHeichel_%24mqb7mfuo/comments/inSeries/root/atPost/smokePost_%24mqb7mfuo/atAlias/smoke_%24mqb7mfuo?verseSection=root
B"H RESPONSE GET /api/social/heichelos/smokeHeichel_%24mqb7mfuo/comments/inSeries/root/atPost/smokePost_%24mqb7mfuo/atAlias/smoke_%24mqb7mfuo?verseSection=root 200
B"H REQUEST GET /api/social/heichelos/smokeHeichel_%24mqb7mfuo/comments/inSeries/root/atPost/smokePost_%24mqb7mfuo/atComment/BH_1781285884174_commentBy_smoke_%24mqb7mfuo/atAlias/smokeb_%24mqb7mfuo/atVerseSection/root
B"H RESPONSE GET /api/social/heichelos/smokeHeichel_%24mqb7mfuo/comments/inSeries/root/atPost/smokePost_%24mqb7mfuo/atComment/BH_1781285884174_commentBy_smoke_%24mqb7mfuo/atAlias/smokeb_%24mqb7mfuo/atVerseSection/root 200
B"H REQUEST GET /api/social/packed/migrations/posts/v2/dryRun?heichelId=smokeHeichel_%24mqb7mfuo&seriesId=root
B"H RESPONSE GET /api/social/packed/migrations/posts/v2/dryRun?heichelId=smokeHeichel_%24mqb7mfuo&seriesId=root 200
B"H REQUEST POST /api/social/packed/migrations/posts/v2/run?heichelId=smokeHeichel_%24mqb7mfuo&seriesId=root
B"H RESPONSE POST /api/social/packed/migrations/posts/v2/run?heichelId=smokeHeichel_%24mqb7mfuo&seriesId=root 200
B"H REQUEST GET /api/social/packed/stats
B"H RESPONSE GET /api/social/packed/stats 200
