Starting instance of email
Warning: Could not load DKIM file. Checking Env...
Task Runner: Starting background polling for generic jobs...
Task Runner: Initialized and will start processing immediately, recurring every 10 seconds.
B"H - Port 8080 is already in use; another server instance may already be alive.
Email server running
Server error:  Error: listen EACCES: permission denied 0.0.0.0:25
    at Server.setupListenHandle [as _listen2] (node:net:1986:21)
    at listenInCluster (node:net:2065:12)
    at Server.listen (node:net:2170:7)
    at AwtsMail.shoymayuh (/storage/emulated/0/Documents/git/awtsmoos.com/ayzarim/email/email.js:121:21)
    at startMailSafely (/storage/emulated/0/Documents/git/awtsmoos.com/index.js:98:14)
    at go (/storage/emulated/0/Documents/git/awtsmoos.com/index.js:40:5)
    at process.processTicksAndRejections (node:internal/process/task_queues:104:5) {
  code: 'EACCES',
  errno: -13,
  syscall: 'listen',
  address: '0.0.0.0',
  port: 25
}
Error starting server: Error: listen EACCES: permission denied 0.0.0.0:25
    at Server.setupListenHandle [as _listen2] (node:net:1986:21)
    at listenInCluster (node:net:2065:12)
    at Server.listen (node:net:2170:7)
    at AwtsMail.shoymayuh (/storage/emulated/0/Documents/git/awtsmoos.com/ayzarim/email/email.js:121:21)
    at startMailSafely (/storage/emulated/0/Documents/git/awtsmoos.com/index.js:98:14)
    at go (/storage/emulated/0/Documents/git/awtsmoos.com/index.js:40:5)
    at process.processTicksAndRejections (node:internal/process/task_queues:104:5) {
  code: 'EACCES',
  errno: -13,
  syscall: 'listen',
  address: '0.0.0.0',
  node:internal/url:819
      href = bindingUrl.parse(input, base, true);
                        ^

TypeError: Invalid URL
    at new URL (node:internal/url:819:25)
    at fullRequestUrl (/storage/emulated/0/Documents/git/awtsmoos.com/ayzarim/awtsmoosDynamicServer/server/requestUrl.js:28:10)
    at bootstrapRequest (/storage/emulated/0/Documents/git/awtsmoos.com/ayzarim/awtsmoosDynamicServer/server/requestBootstrap.js:27:19)
    at AwtsmoosStaticServer.onRequest (/storage/emulated/0/Documents/git/awtsmoos.com/ayzarim/awtsmoosDynamicServer/server/AwtsmoosStaticServer.js:146:18)
    at Server.<anonymous> (/storage/emulated/0/Documents/git/awtsmoos.com/index.js:52:29)
    at Server.emit (node:events:508:20)
    at parserOnIncoming (node:_http_server:1216:12)
    at HTTPParser.parserOnHeadersComplete (node:_http_common:125:17) {
  code: 'ERR_INVALID_URL',
  input: '//',
  base: 'http://localhost:8080'
}

Node.js v25.8.2
