B"H - Starting instance of email.
Task Runner: Starting background polling for generic jobs...
Task Runner: Initialized and will start processing immediately, recurring every 10 seconds.
B"H - HTTP port 8080 is already in use; another process may already be alive.
B"H - Email server disabled by AWTSMOOS_DISABLE_MAIL=true.

Task Runner: Claimed 1 job(s) from the queue and cleared it.

Task Runner: Processing claimed job: Full-cleanup-for-del-1781290165591 (Full cleanup for deleted post 'BH_POST_1781290165566_full_a_$mqba67df_881' from series 'fullSeriesA_$mqba67df'.)
  - [Task Runner] Executing: DELETE_PATH on path: /social/heichelos/fullHeichel_$mqba67df/comments/atSeries/fullSeriesA_$mqba67df/atPost/BH_POST_1781290165566_full_a_$mqba67df_881
Task Runner: Job Full-cleanup-for-del-1781290165591 completed successfully.

Task Runner: Claimed 1 job(s) from the queue and cleared it.

Task Runner: Processing claimed job: Full-cleanup-for-del-1781290168812 (Full cleanup for deleted post 'BH_POST_1781290168777_full_a_$mqba69qd_846' from series 'fullSeriesA_$mqba69qd'.)
  - [Task Runner] Executing: DELETE_PATH on path: /social/heichelos/fullHeichel_$mqba69qd/comments/atSeries/fullSeriesA_$mqba69qd/atPost/BH_POST_1781290168777_full_a_$mqba69qd_846
Task Runner: Job Full-cleanup-for-del-1781290168812 completed successfully.

Task Runner: Claimed 1 job(s) from the queue and cleared it.

Task Runner: Processing claimed job: Full-cleanup-for-del-1781290253594 (Full cleanup for deleted post 'BH_POST_1781290253570_full_a_$mqba839k_418' from series 'fullSeriesA_$mqba839k'.)
  - [Task Runner] Executing: DELETE_PATH on path: /social/heichelos/fullHeichel_$mqba839k/comments/atSeries/fullSeriesA_$mqba839k/atPost/BH_POST_1781290253570_full_a_$mqba839k_418
Task Runner: Job Full-cleanup-for-del-1781290253594 completed successfully.

Task Runner: Claimed 1 job(s) from the queue and cleared it.

Task Runner: Processing claimed job: Full-cleanup-for-del-1781290313770 (Full cleanup for deleted post 'BH_POST_1781290313737_full_a_$mqba9dij_389' from series 'fullSeriesA_$mqba9dij'.)
  - [Task Runner] Executing: DELETE_PATH on path: /social/heichelos/fullHeichel_$mqba9dij/comments/atSeries/fullSeriesA_$mqba9dij/atPost/BH_POST_1781290313737_full_a_$mqba9dij_389
Task Runner: Job Full-cleanup-for-del-1781290313770 completed successfully.

Task Runner: Claimed 1 job(s) from the queue and cleared it.

Task Runner: Processing claimed job: Full-cleanup-for-del-1781290364026 (Full cleanup for deleted post 'BH_POST_1781290364000_full_a_$mqbaagoo_112' from series 'fullSeriesA_$mqbaagoo'.)
  - [Task Runner] Executing: DELETE_PATH on path: /social/heichelos/fullHeichel_$mqbaagoo/comments/atSeries/fullSeriesA_$mqbaagoo/atPost/BH_POST_1781290364000_full_a_$mqbaagoo_112
Task Runner: Job Full-cleanup-for-del-1781290364026 completed successfully.

Task Runner: Claimed 1 job(s) from the queue and cleared it.

Task Runner: Processing claimed job: Full-cleanup-for-del-1781290387294 (Full cleanup for deleted post 'BH_POST_1781290387270_full_a_$mqbaayma_695' from series 'fullSeriesA_$mqbaayma'.)
  - [Task Runner] Executing: DELETE_PATH on path: /social/heichelos/fullHeichel_$mqbaayma/comments/atSeries/fullSeriesA_$mqbaayma/atPost/BH_POST_1781290387270_full_a_$mqbaayma_695
Task Runner: Job Full-cleanup-for-del-1781290387294 completed successfully.

Task Runner: Claimed 1 job(s) from the queue and cleared it.

Task Runner: Processing claimed job: Full-cleanup-for-del-1781290390367 (Full cleanup for deleted post 'BH_POST_1781290390341_full_a_$mqbab0sp_624' from series 'fullSeriesA_$mqbab0sp'.)
  - [Task Runner] Executing: DELETE_PATH on path: /social/heichelos/fullHeichel_$mqbab0sp/comments/atSeries/fullSeriesA_$mqbab0sp/atPost/BH_POST_1781290390341_full_a_$mqbab0sp_624
Task Runner: Job Full-cleanup-for-del-1781290390367 completed successfully.

Task Runner: Claimed 1 job(s) from the queue and cleared it.

Task Runner: Processing claimed job: Full-cleanup-for-del-1781290476535 (Full cleanup for deleted post 'BH_POST_1781290476504_full_a_$mqbacvb5_977' from series 'fullSeriesA_$mqbacvb5'.)
  - [Task Runner] Executing: DELETE_PATH on path: /social/heichelos/fullHeichel_$mqbacvb5/comments/atSeries/fullSeriesA_$mqbacvb5/atPost/BH_POST_1781290476504_full_a_$mqbacvb5_977
Task Runner: Job Full-cleanup-for-del-1781290476535 completed successfully.

Task Runner: Claimed 1 job(s) from the queue and cleared it.

Task Runner: Processing claimed job: Full-cleanup-for-del-1781290479804 (Full cleanup for deleted post 'BH_POST_1781290479780_full_a_$mqbacxuk_144' from series 'fullSeriesA_$mqbacxuk'.)
  - [Task Runner] Executing: DELETE_PATH on path: /social/heichelos/fullHeichel_$mqbacxuk/comments/atSeries/fullSeriesA_$mqbacxuk/atPost/BH_POST_1781290479780_full_a_$mqbacxuk_144
Task Runner: Job Full-cleanup-for-del-1781290479804 completed successfully.

Task Runner: Claimed 1 job(s) from the queue and cleared it.

Task Runner: Processing claimed job: Full-cleanup-for-del-1781290494069 (Full cleanup for deleted post 'BH_POST_1781290494047_full_a_$mqbad8u7_265' from series 'fullSeriesA_$mqbad8u7'.)
  - [Task Runner] Executing: DELETE_PATH on path: /social/heichelos/fullHeichel_$mqbad8u7/comments/atSeries/fullSeriesA_$mqbad8u7/atPost/BH_POST_1781290494047_full_a_$mqbad8u7_265
Task Runner: Job Full-cleanup-for-del-1781290494069 completed successfully.

Task Runner: Claimed 1 job(s) from the queue and cleared it.

Task Runner: Processing claimed job: Full-cleanup-for-del-1781290499919 (Full cleanup for deleted post 'BH_POST_1781290499871_full_a_$mqbadd64_253' from series 'fullSeriesA_$mqbadd64'.)
  - [Task Runner] Executing: DELETE_PATH on path: /social/heichelos/fullHeichel_$mqbadd64/comments/atSeries/fullSeriesA_$mqbadd64/atPost/BH_POST_1781290499871_full_a_$mqbadd64_253
Task Runner: Job Full-cleanup-for-del-1781290499919 completed successfully.
