105 experiments/Awtsmoos/src/app/MinimalMeadowWaterSources.js
85 experiments/Awtsmoos/src/test/app/minimalMeadowRoadWaterRepair.test.mjs
(node:6132) [MODULE_TYPELESS_PACKAGE_JSON] Warning: Module type of file:///Users/awtsmoos/work/awtsmoos.com/geelooy/games/mitzvahWorld/experiments/Awtsmoos/src/app/MinimalMeadowEnemyPointerPolicy.js is not specified and it doesn't parse as CommonJS.
Reparsing as ES module because module syntax was detected. This incurs a performance overhead.
To eliminate this warning, add "type": "module" to /Users/awtsmoos/work/awtsmoos.com/package.json.
(Use `node --trace-warnings ...` to show where the warning was created)
✔ B"H corpse pointer contract is wider and samples the fallen body (392.20069ms)
✔ B"H off-center body tap finds corpse while preserving living precision (5.19766ms)
✔ B"H looted corpse cannot be selected again (3.946378ms)
(node:6136) [MODULE_TYPELESS_PACKAGE_JSON] Warning: Module type of file:///Users/awtsmoos/work/awtsmoos.com/geelooy/games/mitzvahWorld/experiments/Awtsmoos/src/app/MinimalMeadowQuestState.js is not specified and it doesn't parse as CommonJS.
Reparsing as ES module because module syntax was detected. This incurs a performance overhead.
To eliminate this warning, add "type": "module" to /Users/awtsmoos/work/awtsmoos.com/package.json.
(Use `node --trace-warnings ...` to show where the warning was created)
✔ B"H five unique defeats grant one reward and one completion chapter (6.279861ms)
✔ B"H menu prioritizes dedicated ready mission over unrelated adventure (361.574284ms)
(node:6137) [MODULE_TYPELESS_PACKAGE_JSON] Warning: Module type of file:///Users/awtsmoos/work/awtsmoos.com/geelooy/games/mitzvahWorld/experiments/Awtsmoos/src/app/MinimalMeadowRoadGeometry.js is not specified and it doesn't parse as CommonJS.
Reparsing as ES module because module syntax was detected. This incurs a performance overhead.
To eliminate this warning, add "type": "module" to /Users/awtsmoos/work/awtsmoos.com/package.json.
(Use `node --trace-warnings ...` to show where the warning was created)
✔ B"H road vertices sit above terrain while collision offset remains zero (8.084086ms)
✔ B"H uploaded water images receive a longer background decode window (2.112646ms)
✔ B"H loaded water sources replace mounted fallback and keep four motions (1.491181ms)
(node:6506) [MODULE_TYPELESS_PACKAGE_JSON] Warning: Module type of file:///Users/awtsmoos/work/awtsmoos.com/geelooy/games/mitzvahWorld/experiments/Awtsmoos/src/assets/RemoteTextureCatalog.js is not specified and it doesn't parse as CommonJS.
Reparsing as ES module because module syntax was detected. This incurs a performance overhead.
To eliminate this warning, add "type": "module" to /Users/awtsmoos/work/awtsmoos.com/package.json.
(Use `node --trace-warnings ...` to show where the warning was created)
✔ B"H uploaded tree image preserves authored alpha and object identity (2.988074ms)
✔ B"H contract keeps legacy chroma key narrow and authored alpha primary (1.658886ms)
(node:6554) [MODULE_TYPELESS_PACKAGE_JSON] Warning: Module type of file:///Users/awtsmoos/work/awtsmoos.com/geelooy/games/mitzvahWorld/experiments/Awtsmoos/src/ui/InventoryModalStyles.js is not specified and it doesn't parse as CommonJS.
Reparsing as ES module because module syntax was detected. This incurs a performance overhead.
To eliminate this warning, add "type": "module" to /Users/awtsmoos/work/awtsmoos.com/package.json.
(Use `node --trace-warnings ...` to show where the warning was created)
✔ Bag markup preserves close and omits unused detail space until selection (9.535522ms)
✔ selected details render truthfully inside a bounded mobile section (1.067144ms)
✔ modal and HUD CSS preserve safe areas without globally shrinking text (3.163605ms)
(node:6561) [MODULE_TYPELESS_PACKAGE_JSON] Warning: Module type of file:///Users/awtsmoos/work/awtsmoos.com/geelooy/games/mitzvahWorld/experiments/Awtsmoos/src/ui/AwtsmoosEventBus.js is not specified and it doesn't parse as CommonJS.
Reparsing as ES module because module syntax was detected. This incurs a performance overhead.
To eliminate this warning, add "type": "module" to /Users/awtsmoos/work/awtsmoos.com/package.json.
(Use `node --trace-warnings ...` to show where the warning was created)
✔ B"H damage receipt renders exact number, letters, and action label (239.853787ms)
✔ B"H world projection clamps feedback inside mobile margins (1.11449ms)
(node:6611) [MODULE_TYPELESS_PACKAGE_JSON] Warning: Module type of file:///Users/awtsmoos/work/awtsmoos.com/geelooy/games/mitzvahWorld/experiments/Awtsmoos/src/ui/MobileHudCompositionPortraitTopStyles.js is not specified and it doesn't parse as CommonJS.
Reparsing as ES module because module syntax was detected. This incurs a performance overhead.
To eliminate this warning, add "type": "module" to /Users/awtsmoos/work/awtsmoos.com/package.json.
(Use `node --trace-warnings ...` to show where the warning was created)
✔ B"H responsive HUD uses safe areas and dynamic viewport bounds (102.22646ms)
✔ B"H portrait target stacks beneath player instead of sharing one row (12.878092ms)
(node:6636) [MODULE_TYPELESS_PACKAGE_JSON] Warning: Module type of file:///Users/awtsmoos/work/awtsmoos.com/geelooy/games/mitzvahWorld/experiments/Awtsmoos/src/ui/MobileHudCompositionPortraitBottomStyles.js is not specified and it doesn't parse as CommonJS.
Reparsing as ES module because module syntax was detected. This incurs a performance overhead.
To eliminate this warning, add "type": "module" to /Users/awtsmoos/work/awtsmoos.com/package.json.
(Use `node --trace-warnings ...` to show where the warning was created)
✔ B"H portrait target and cast lanes are viewport-clamped (155.26263ms)
✔ B"H Bag owns a fixed plane with scrollable body and tappable controls (1.532009ms)
ℹ tests 19
ℹ suites 0
ℹ pass 19
ℹ fail 0
ℹ cancelled 0
ℹ skipped 0
ℹ todo 0
ℹ duration_ms 18632.77118
test_exit=0
diff_exit=0
