(node:34500) [MODULE_TYPELESS_PACKAGE_JSON] Warning: Module type of file:///Users/awtsmoos/work/awtsmoos.com/geelooy/games/mitzvahWorld/experiments/Awtsmoos/src/app/MinimalMeadowHouseSurfacePolicy.js is not specified and it doesn't parse as CommonJS.
Reparsing as ES module because module syntax was detected. This incurs a performance overhead.
To eliminate this warning, add "type": "module" to /Users/awtsmoos/work/awtsmoos.com/package.json.
(Use `node --trace-warnings ...` to show where the warning was created)
✔ B"H terrain profile favors broad full-source coverage (3.693633ms)
✔ B"H vegetation cell stays level while wind remains reactive (2.924342ms)
✔ B"H bark is depth-writing and cannot expose reversed branch faces (387.521749ms)
✔ B"H stairs own a continuous invisible walkable ramp (62.113528ms)
✔ B"H every house surface uses deterministic two-sided visibility (1.016849ms)
(node:34502) [MODULE_TYPELESS_PACKAGE_JSON] Warning: Module type of file:///Users/awtsmoos/work/awtsmoos.com/geelooy/games/mitzvahWorld/experiments/Awtsmoos/src/app/MinimalMeadowEquipmentRuntime.js is not specified and it doesn't parse as CommonJS.
Reparsing as ES module because module syntax was detected. This incurs a performance overhead.
To eliminate this warning, add "type": "module" to /Users/awtsmoos/work/awtsmoos.com/package.json.
(Use `node --trace-warnings ...` to show where the warning was created)
✔ B"H modern pointer selection preserves actor methods through combat (31.516805ms)
✔ B"H equipped staff attaches to visible model-root anchor and repairs (51.543812ms)
(node:34503) [MODULE_TYPELESS_PACKAGE_JSON] Warning: Module type of file:///Users/awtsmoos/work/awtsmoos.com/geelooy/games/mitzvahWorld/experiments/Awtsmoos/src/app/MinimalMeadowHouseFoundation.js is not specified and it doesn't parse as CommonJS.
Reparsing as ES module because module syntax was detected. This incurs a performance overhead.
To eliminate this warning, add "type": "module" to /Users/awtsmoos/work/awtsmoos.com/package.json.
(Use `node --trace-warnings ...` to show where the warning was created)
✔ measured foundation creates accessible steps and a level platform (19.44442ms)
✔ two-story plan aligns normal doors, broad hall, and usable stairs (5.493334ms)
(node:34508) [MODULE_TYPELESS_PACKAGE_JSON] Warning: Module type of file:///Users/awtsmoos/work/awtsmoos.com/geelooy/games/mitzvahWorld/experiments/Awtsmoos/src/app/MinimalMeadowEquipmentRuntime.js is not specified and it doesn't parse as CommonJS.
Reparsing as ES module because module syntax was detected. This incurs a performance overhead.
To eliminate this warning, add "type": "module" to /Users/awtsmoos/work/awtsmoos.com/package.json.
(Use `node --trace-warnings ...` to show where the warning was created)
✔ restoration preserves duplicates, overflow, and one aggregate Bag card (61.362469ms)
✔ batch loot and purchases publish exactly once (4.365468ms)
✔ corpse selection opens loot before any deliberate transfer (3.663703ms)
✔ tefillin jacket and visible weapon persist through casting and hydration (440.470022ms)
(node:34517) [MODULE_TYPELESS_PACKAGE_JSON] Warning: Module type of file:///Users/awtsmoos/work/awtsmoos.com/geelooy/games/mitzvahWorld/experiments/Awtsmoos/src/app/MinimalMeadowHouseGeometryContract.js is not specified and it doesn't parse as CommonJS.
Reparsing as ES module because module syntax was detected. This incurs a performance overhead.
To eliminate this warning, add "type": "module" to /Users/awtsmoos/work/awtsmoos.com/package.json.
(Use `node --trace-warnings ...` to show where the warning was created)
✔ beis-ohr owns finite bounds, winding, and role-specific side policy (268.76868ms)
✔ brick-cottage owns finite bounds, winding, and role-specific side policy (13.995014ms)
(node:34548) [MODULE_TYPELESS_PACKAGE_JSON] Warning: Module type of file:///Users/awtsmoos/work/awtsmoos.com/geelooy/games/mitzvahWorld/experiments/Awtsmoos/src/app/MinimalMeadowHouseGeometryContract.js is not specified and it doesn't parse as CommonJS.
Reparsing as ES module because module syntax was detected. This incurs a performance overhead.
To eliminate this warning, add "type": "module" to /Users/awtsmoos/work/awtsmoos.com/package.json.
(Use `node --trace-warnings ...` to show where the warning was created)
✔ beis-ohr remains eligible through a multi-elevation orbit (341.608021ms)
✔ beis-ohr has stable draw state while entering and leaving (133.433228ms)
✔ beis-ohr repairs a late blanket side mutation (46.115769ms)
✔ brick-cottage remains eligible through a multi-elevation orbit (136.163282ms)
✔ brick-cottage has stable draw state while entering and leaving (22.749108ms)
✔ brick-cottage repairs a late blanket side mutation (35.822188ms)
(node:34562) [MODULE_TYPELESS_PACKAGE_JSON] Warning: Module type of file:///Users/awtsmoos/work/awtsmoos.com/geelooy/games/mitzvahWorld/experiments/light-three-gltf/tiny-runtime.js is not specified and it doesn't parse as CommonJS.
Reparsing as ES module because module syntax was detected. This incurs a performance overhead.
To eliminate this warning, add "type": "module" to /Users/awtsmoos/work/awtsmoos.com/package.json.
(Use `node --trace-warnings ...` to show where the warning was created)
✔ house population preserves interaction and collision lifecycle (399.230002ms)
(node:34577) [MODULE_TYPELESS_PACKAGE_JSON] Warning: Module type of file:///Users/awtsmoos/work/awtsmoos.com/geelooy/games/mitzvahWorld/experiments/Awtsmoos/src/app/MinimalMeadowTerrainComposites.js is not specified and it doesn't parse as CommonJS.
Reparsing as ES module because module syntax was detected. This incurs a performance overhead.
To eliminate this warning, add "type": "module" to /Users/awtsmoos/work/awtsmoos.com/package.json.
(Use `node --trace-warnings ...` to show where the warning was created)
✔ independent sources replace canvas mosaics (2.3803ms)
✔ mobile and desktop profiles preserve broad six-source coverage (12.311309ms)
✔ terrain and road presets use six broad rotated sources (3.482455ms)
✔ package mounts a visible road while terrain owns collision (52.031022ms)
(node:34594) [MODULE_TYPELESS_PACKAGE_JSON] Warning: Module type of file:///Users/awtsmoos/work/awtsmoos.com/geelooy/games/mitzvahWorld/experiments/light-three-gltf/tiny-runtime.js is not specified and it doesn't parse as CommonJS.
Reparsing as ES module because module syntax was detected. This incurs a performance overhead.
To eliminate this warning, add "type": "module" to /Users/awtsmoos/work/awtsmoos.com/package.json.
(Use `node --trace-warnings ...` to show where the warning was created)
✔ B"H mobile terrain uses broad full-source coverage (4.314152ms)
✔ B"H six ecological sources retain strong nonuniform identities (0.987866ms)
✔ B"H terrain zone weights distinguish road, wetness, dryness, and rock (7.948242ms)
✔ B"H visible road mounts without becoming collision authority (0.900287ms)
ℹ tests 30
ℹ suites 0
ℹ pass 30
ℹ fail 0
ℹ cancelled 0
ℹ skipped 0
ℹ todo 0
ℹ duration_ms 3990.866168
app_exit=0
(node:34616) [MODULE_TYPELESS_PACKAGE_JSON] Warning: Module type of file:///Users/awtsmoos/work/awtsmoos.com/geelooy/games/mitzvahWorld/experiments/light-three-gltf/tiny-render-culling.js is not specified and it doesn't parse as CommonJS.
Reparsing as ES module because module syntax was detected. This incurs a performance overhead.
To eliminate this warning, add "type": "module" to /Users/awtsmoos/work/awtsmoos.com/package.json.
(Use `node --trace-warnings ...` to show where the warning was created)
✔ B"H frustumCulled false bypasses custom distance and frustum rejection (2.039816ms)
(node:34617) [MODULE_TYPELESS_PACKAGE_JSON] Warning: Module type of file:///Users/awtsmoos/work/awtsmoos.com/geelooy/games/mitzvahWorld/experiments/light-three-gltf/tiny-render-material-state.js is not specified and it doesn't parse as CommonJS.
Reparsing as ES module because module syntax was detected. This incurs a performance overhead.
To eliminate this warning, add "type": "module" to /Users/awtsmoos/work/awtsmoos.com/package.json.
(Use `node --trace-warnings ...` to show where the warning was created)
✔ B"H render material snapshot includes backface culling identity (5.082958ms)
ℹ tests 2
ℹ suites 0
ℹ pass 2
ℹ fail 0
ℹ cancelled 0
ℹ skipped 0
ℹ todo 0
ℹ duration_ms 288.106419
renderer_exit=0
