visibility_lines=27
population_lines=125
(node:52122) [MODULE_TYPELESS_PACKAGE_JSON] Warning: Module type of file:///Users/awtsmoos/work/awtsmoos.com/geelooy/games/mitzvahWorld/experiments/Awtsmoos/src/app/MinimalMeadowHouseSurfacePolicy.js is not specified and it doesn't parse as CommonJS.
Reparsing as ES module because module syntax was detected. This incurs a performance overhead.
To eliminate this warning, add "type": "module" to /Users/awtsmoos/work/awtsmoos.com/package.json.
(Use `node --trace-warnings ...` to show where the warning was created)
✔ B"H terrain profile favors broad full-source coverage (3.492505ms)
✔ B"H vegetation cell stays level while wind remains reactive (1.223798ms)
✔ B"H bark is depth-writing and cannot expose reversed branch faces (502.360529ms)
✔ B"H stairs own a continuous invisible walkable ramp (3.939907ms)
✔ B"H every house surface uses deterministic two-sided visibility (0.981943ms)
(node:52123) [MODULE_TYPELESS_PACKAGE_JSON] Warning: Module type of file:///Users/awtsmoos/work/awtsmoos.com/geelooy/games/mitzvahWorld/experiments/Awtsmoos/src/app/MinimalMeadowHouseFoundation.js is not specified and it doesn't parse as CommonJS.
Reparsing as ES module because module syntax was detected. This incurs a performance overhead.
To eliminate this warning, add "type": "module" to /Users/awtsmoos/work/awtsmoos.com/package.json.
(Use `node --trace-warnings ...` to show where the warning was created)
✔ measured foundation creates accessible steps and a level platform (53.042832ms)
✔ two-story plan aligns normal doors, broad hall, and usable stairs (5.719266ms)
(node:52124) [MODULE_TYPELESS_PACKAGE_JSON] Warning: Module type of file:///Users/awtsmoos/work/awtsmoos.com/geelooy/games/mitzvahWorld/experiments/Awtsmoos/src/world/visibility/HouseBounds.js is not specified and it doesn't parse as CommonJS.
Reparsing as ES module because module syntax was detected. This incurs a performance overhead.
To eliminate this warning, add "type": "module" to /Users/awtsmoos/work/awtsmoos.com/package.json.
(Use `node --trace-warnings ...` to show where the warning was created)
✔ house bounds remain independent of visibility state (2.310529ms)
✔ closed exterior view hides and suspends only tagged interiors (3.092605ms)
✔ opening the door or entering resumes interior runtime handles (1.032678ms)
(node:52130) [MODULE_TYPELESS_PACKAGE_JSON] Warning: Module type of file:///Users/awtsmoos/work/awtsmoos.com/geelooy/games/mitzvahWorld/experiments/Awtsmoos/src/app/MinimalMeadowHouseGeometryContract.js is not specified and it doesn't parse as CommonJS.
Reparsing as ES module because module syntax was detected. This incurs a performance overhead.
To eliminate this warning, add "type": "module" to /Users/awtsmoos/work/awtsmoos.com/package.json.
(Use `node --trace-warnings ...` to show where the warning was created)
✔ beis-ohr remains eligible through a multi-elevation orbit (407.208706ms)
✔ beis-ohr has stable draw state while entering and leaving (89.973687ms)
✔ beis-ohr repairs a late blanket side mutation (37.493051ms)
✔ brick-cottage remains eligible through a multi-elevation orbit (45.858012ms)
✔ brick-cottage has stable draw state while entering and leaving (19.442799ms)
✔ brick-cottage repairs a late blanket side mutation (11.929424ms)
(node:52131) [MODULE_TYPELESS_PACKAGE_JSON] Warning: Module type of file:///Users/awtsmoos/work/awtsmoos.com/geelooy/games/mitzvahWorld/experiments/light-three-gltf/tiny-runtime.js is not specified and it doesn't parse as CommonJS.
Reparsing as ES module because module syntax was detected. This incurs a performance overhead.
To eliminate this warning, add "type": "module" to /Users/awtsmoos/work/awtsmoos.com/package.json.
(Use `node --trace-warnings ...` to show where the warning was created)
✔ house population preserves interaction and collision lifecycle (428.042217ms)
ℹ tests 17
ℹ suites 0
ℹ pass 17
ℹ fail 0
ℹ cancelled 0
ℹ skipped 0
ℹ todo 0
ℹ duration_ms 3642.021243
test_exit=0
diff_exit=0
