2026-06-12T19:40:09.434Z B"H aligned jobs [{"series":"bereishis","chapter":1,"tanachArticleIndex":0,"verses":31},{"series":"bereishis","chapter":2,"tanachArticleIndex":1,"verses":25},{"series":"bereishis","chapter":3,"tanachArticleIndex":2,"verses":24},{"series":"bereishis","chapter":4,"tanachArticleIndex":3,"verses":26},{"series":"bereishis","chapter":5,"tanachArticleIndex":4,"verses":32},{"series":"tehillim","chapter":1,"tanachArticleIndex":567,"verses":6},{"series":"tehillim","chapter":2,"tanachArticleIndex":568,"verses":12},{"series":"tehillim","chapter":3,"tanachArticleIndex":569,"verses":9},{"series":"tehillim","chapter":4,"tanachArticleIndex":570,"verses":9},{"series":"tehillim","chapter":5,"tanachArticleIndex":571,"verses":13}]
2026-06-12T19:40:09.445Z B"H Tanach translation run failed {"message":"B\"H: database is already open by another process: C:\\Users\\Yackov Yitzchak\\Documents\\WoW\\dayuhChadash\\socialPacked\\social.heichel.ikar.comments.fs.awtsdb.lock","stack":"Error: B\"H: database is already open by another process: C:\\Users\\Yackov Yitzchak\\Documents\\WoW\\dayuhChadash\\socialPacked\\social.heichel.ikar.comments.fs.awtsdb.lock\n    at ProcessLock._busy (C:\\Users\\Yackov Yitzchak\\Documents\\WoW\\BH\\awtsmoos.com\\ayzarim\\DosDB\\awtsmoosBinary\\awtsmoosDB\\core\\processLock.js:234:17)\n    at ProcessLock._acquireExclusive (C:\\Users\\Yackov Yitzchak\\Documents\\WoW\\BH\\awtsmoos.com\\ayzarim\\DosDB\\awtsmoosBinary\\awtsmoosDB\\core\\processLock.js:114:18)\n    at ProcessLock.acquire (C:\\Users\\Yackov Yitzchak\\Documents\\WoW\\BH\\awtsmoos.com\\ayzarim\\DosDB\\awtsmoosBinary\\awtsmoosDB\\core\\processLock.js:54:18)\n    at AwtsmoosDB.open (C:\\Users\\Yackov Yitzchak\\Documents\\WoW\\BH\\awtsmoos.com\\ayzarim\\DosDB\\awtsmoosBinary\\awtsmoosDB\\index.js:151:22)\n    at openSharedAwtsmoosDb (C:\\Users\\Yackov Yitzchak\\Documents\\WoW\\BH\\awtsmoos.com\\ayzarim\\DosDB\\awtsmoosDbFsAdapter.js:26:6)\n    at AwtsmoosDbFamilyFs.dbForFamily (C:\\Users\\Yackov Yitzchak\\Documents\\WoW\\BH\\awtsmoos.com\\ayzarim\\DosDB\\awtsmoosDbFsAdapter.js:155:47)\n    at C:\\Users\\Yackov Yitzchak\\Documents\\WoW\\BH\\awtsmoos.com\\ayzarim\\DosDB\\awtsmoosDbFsAdapter.js:158:69\n    at Array.filter (<anonymous>)\n    at AwtsmoosDbFamilyFs.familiesFor (C:\\Users\\Yackov Yitzchak\\Documents\\WoW\\BH\\awtsmoos.com\\ayzarim\\DosDB\\awtsmoosDbFsAdapter.js:158:47)\n    at AwtsmoosDbFamilyFs.find (C:\\Users\\Yackov Yitzchak\\Documents\\WoW\\BH\\awtsmoos.com\\ayzarim\\DosDB\\awtsmoosDbFsAdapter.js:161:31)"}
2026-06-12T19:40:21.026Z B"H translation comment verified {"series":"bereishis","chapter":1,"verseSection":"verse-13","id":"BH_1781293221010_commentBy_torah_translation_en_13"}
2026-06-12T19:40:21.040Z B"H translation comment verified {"series":"bereishis","chapter":1,"verseSection":"verse-14","id":"BH_1781293221026_commentBy_torah_translation_en_14"}
2026-06-12T19:40:21.053Z B"H translation comment verified {"series":"bereishis","chapter":1,"verseSection":"verse-15","id":"BH_1781293221040_commentBy_torah_translation_en_15"}
2026-06-12T19:40:21.068Z B"H translation comment verified {"series":"bereishis","chapter":1,"verseSection":"verse-16","id":"BH_1781293221054_commentBy_torah_translation_en_16"}
2026-06-12T19:40:21.082Z B"H translation comment verified {"series":"bereishis","chapter":1,"verseSection":"verse-17","id":"BH_1781293221068_commentBy_torah_translation_en_17"}
2026-06-12T19:40:21.094Z B"H translation comment verified {"series":"bereishis","chapter":1,"verseSection":"verse-18","id":"BH_1781293221082_commentBy_torah_translation_en_18"}
2026-06-12T19:40:21.095Z B"H translating chunk {"series":"bereishis","chapter":1,"chunk":4,"verses":6}
2026-06-12T19:40:55.272Z B"H translation comment verified {"series":"bereishis","chapter":1,"verseSection":"verse-19","id":"BH_1781293255255_commentBy_torah_translation_en_19"}
2026-06-12T19:40:55.287Z B"H translation comment verified {"series":"bereishis","chapter":1,"verseSection":"verse-20","id":"BH_1781293255273_commentBy_torah_translation_en_20"}
2026-06-12T19:40:55.303Z B"H translation comment verified {"series":"bereishis","chapter":1,"verseSection":"verse-21","id":"BH_1781293255287_commentBy_torah_translation_en_21"}
2026-06-12T19:40:55.316Z B"H translation comment verified {"series":"bereishis","chapter":1,"verseSection":"verse-22","id":"BH_1781293255304_commentBy_torah_translation_en_22"}
2026-06-12T19:40:55.330Z B"H translation comment verified {"series":"bereishis","chapter":1,"verseSection":"verse-23","id":"BH_1781293255316_commentBy_torah_translation_en_23"}
2026-06-12T19:40:55.345Z B"H translation comment verified {"series":"bereishis","chapter":1,"verseSection":"verse-24","id":"BH_1781293255330_commentBy_torah_translation_en_24"}
2026-06-12T19:40:55.345Z B"H translating chunk {"series":"bereishis","chapter":1,"chunk":5,"verses":6}
2026-06-12T19:41:19.844Z B"H translation comment verified {"series":"bereishis","chapter":1,"verseSection":"verse-25","id":"BH_1781293279828_commentBy_torah_translation_en_25"}
2026-06-12T19:41:19.860Z B"H translation comment verified {"series":"bereishis","chapter":1,"verseSection":"verse-26","id":"BH_1781293279844_commentBy_torah_translation_en_26"}
2026-06-12T19:41:19.881Z B"H translation comment verified {"series":"bereishis","chapter":1,"verseSection":"verse-27","id":"BH_1781293279861_commentBy_torah_translation_en_27"}
2026-06-12T19:41:19.902Z B"H translation comment verified {"series":"bereishis","chapter":1,"verseSection":"verse-28","id":"BH_1781293279881_commentBy_torah_translation_en_28"}
2026-06-12T19:41:19.921Z B"H translation comment verified {"series":"bereishis","chapter":1,"verseSection":"verse-29","id":"BH_1781293279903_commentBy_torah_translation_en_29"}
2026-06-12T19:41:19.939Z B"H translation comment verified {"series":"bereishis","chapter":1,"verseSection":"verse-30","id":"BH_1781293279922_commentBy_torah_translation_en_30"}
2026-06-12T19:41:19.939Z B"H translating chunk {"series":"bereishis","chapter":1,"chunk":6,"verses":1}
2026-06-12T19:41:36.172Z B"H translation comment verified {"series":"bereishis","chapter":1,"verseSection":"verse-31","id":"BH_1781293296154_commentBy_torah_translation_en_31"}
2026-06-12T19:41:36.177Z B"H translating chunk {"series":"bereishis","chapter":2,"chunk":1,"verses":6}
2026-06-12T19:41:48.681Z B"H translation comment verified {"series":"bereishis","chapter":2,"verseSection":"verse-1","id":"BH_1781293308674_commentBy_torah_translation_en_1"}
2026-06-12T19:41:48.686Z B"H translation comment verified {"series":"bereishis","chapter":2,"verseSection":"verse-2","id":"BH_1781293308681_commentBy_torah_translation_en_2"}
2026-06-12T19:41:48.691Z B"H translation comment verified {"series":"bereishis","chapter":2,"verseSection":"verse-3","id":"BH_1781293308687_commentBy_torah_translation_en_3"}
2026-06-12T19:41:48.698Z B"H translation comment verified {"series":"bereishis","chapter":2,"verseSection":"verse-4","id":"BH_1781293308691_commentBy_torah_translation_en_4"}
2026-06-12T19:41:48.705Z B"H translation comment verified {"series":"bereishis","chapter":2,"verseSection":"verse-5","id":"BH_1781293308698_commentBy_torah_translation_en_5"}
2026-06-12T19:41:48.711Z B"H translation comment verified {"series":"bereishis","chapter":2,"verseSection":"verse-6","id":"BH_1781293308705_commentBy_torah_translation_en_6"}
2026-06-12T19:41:48.712Z B"H translating chunk {"series":"bereishis","chapter":2,"chunk":2,"verses":6}
2026-06-12T19:42:44.927Z B"H translation comment verified {"series":"bereishis","chapter":2,"verseSection":"verse-7","id":"BH_1781293364917_commentBy_torah_translation_en_7"}
2026-06-12T19:42:44.935Z B"H translation comment verified {"series":"bereishis","chapter":2,"verseSection":"verse-8","id":"BH_1781293364928_commentBy_torah_translation_en_8"}
2026-06-12T19:42:44.942Z B"H translation comment verified {"series":"bereishis","chapter":2,"verseSection":"verse-9","id":"BH_1781293364935_commentBy_torah_translation_en_9"}
2026-06-12T19:42:44.951Z B"H translation comment verified {"series":"bereishis","chapter":2,"verseSection":"verse-10","id":"BH_1781293364942_commentBy_torah_translation_en_10"}
2026-06-12T19:42:44.960Z B"H translation comment verified {"series":"bereishis","chapter":2,"verseSection":"verse-11","id":"BH_1781293364951_commentBy_torah_translation_en_11"}
2026-06-12T19:42:44.970Z B"H translation comment verified {"series":"bereishis","chapter":2,"verseSection":"verse-12","id":"BH_1781293364961_commentBy_torah_translation_en_12"}
2026-06-12T19:42:44.970Z B"H translating chunk {"series":"bereishis","chapter":2,"chunk":3,"verses":6}
2026-06-12T19:43:23.082Z B"H translation comment verified {"series":"bereishis","chapter":2,"verseSection":"verse-13","id":"BH_1781293403070_commentBy_torah_translation_en_13"}
2026-06-12T19:43:23.093Z B"H translation comment verified {"series":"bereishis","chapter":2,"verseSection":"verse-14","id":"BH_1781293403082_commentBy_torah_translation_en_14"}
2026-06-12T19:43:23.105Z B"H translation comment verified {"series":"bereishis","chapter":2,"verseSection":"verse-15","id":"BH_1781293403094_commentBy_torah_translation_en_15"}
2026-06-12T19:43:23.115Z B"H translation comment verified {"series":"bereishis","chapter":2,"verseSection":"verse-16","id":"BH_1781293403105_commentBy_torah_translation_en_16"}
2026-06-12T19:43:23.127Z B"H translation comment verified {"series":"bereishis","chapter":2,"verseSection":"verse-17","id":"BH_1781293403116_commentBy_torah_translation_en_17"}
2026-06-12T19:43:23.140Z B"H translation comment verified {"series":"bereishis","chapter":2,"verseSection":"verse-18","id":"BH_1781293403127_commentBy_torah_translation_en_18"}
2026-06-12T19:43:23.141Z B"H translating chunk {"series":"bereishis","chapter":2,"chunk":4,"verses":6}
2026-06-12T19:43:43.579Z B"H translation comment verified {"series":"bereishis","chapter":2,"verseSection":"verse-19","id":"BH_1781293423567_commentBy_torah_translation_en_19"}
2026-06-12T19:43:43.591Z B"H translation comment verified {"series":"bereishis","chapter":2,"verseSection":"verse-20","id":"BH_1781293423579_commentBy_torah_translation_en_20"}
2026-06-12T19:43:43.606Z B"H translation comment verified {"series":"bereishis","chapter":2,"verseSection":"verse-21","id":"BH_1781293423591_commentBy_torah_translation_en_21"}
2026-06-12T19:43:43.619Z B"H translation comment verified {"series":"bereishis","chapter":2,"verseSection":"verse-22","id":"BH_1781293423606_commentBy_torah_translation_en_22"}
2026-06-12T19:43:43.633Z B"H translation comment verified {"series":"bereishis","chapter":2,"verseSection":"verse-23","id":"BH_1781293423620_commentBy_torah_translation_en_23"}
2026-06-12T19:43:43.686Z B"H translation comment verified {"series":"bereishis","chapter":2,"verseSection":"verse-24","id":"BH_1781293423634_commentBy_torah_translation_en_24"}
2026-06-12T19:43:43.687Z B"H translating chunk {"series":"bereishis","chapter":2,"chunk":5,"verses":1}
2026-06-12T19:43:54.050Z B"H translation comment verified {"series":"bereishis","chapter":2,"verseSection":"verse-25","id":"BH_1781293434029_commentBy_torah_translation_en_25"}
2026-06-12T19:43:54.055Z B"H translating chunk {"series":"bereishis","chapter":3,"chunk":1,"verses":6}
2026-06-12T19:44:53.070Z B"H translation comment verified {"series":"bereishis","chapter":3,"verseSection":"verse-1","id":"BH_1781293493060_commentBy_torah_translation_en_1"}
2026-06-12T19:44:53.077Z B"H translation comment verified {"series":"bereishis","chapter":3,"verseSection":"verse-2","id":"BH_1781293493070_commentBy_torah_translation_en_2"}
2026-06-12T19:44:53.083Z B"H translation comment verified {"series":"bereishis","chapter":3,"verseSection":"verse-3","id":"BH_1781293493077_commentBy_torah_translation_en_3"}
2026-06-12T19:44:53.091Z B"H translation comment verified {"series":"bereishis","chapter":3,"verseSection":"verse-4","id":"BH_1781293493083_commentBy_torah_translation_en_4"}
2026-06-12T19:44:53.101Z B"H translation comment verified {"series":"bereishis","chapter":3,"verseSection":"verse-5","id":"BH_1781293493092_commentBy_torah_translation_en_5"}
2026-06-12T19:44:53.108Z B"H translation comment verified {"series":"bereishis","chapter":3,"verseSection":"verse-6","id":"BH_1781293493101_commentBy_torah_translation_en_6"}
2026-06-12T19:44:53.109Z B"H translating chunk {"series":"bereishis","chapter":3,"chunk":2,"verses":6}
2026-06-12T19:47:10.847Z B"H Tanach translation run failed {"message":"provider_timeout","stack":"Error: provider_timeout\n    at node:internal/deps/undici/undici:14900:13\n    at process.processTicksAndRejections (node:internal/process/task_queues:105:5)\n    at async fetchOnce (C:\\Users\\Yackov Yitzchak\\Documents\\WoW\\BH\\awtsmoos.com\\geelooy\\apps\\tunnel\\agent\\tools\\fs\\actionGroups\\aiAgents\\client.js:81:12)\n    at async fetchWithRetries (C:\\Users\\Yackov Yitzchak\\Documents\\WoW\\BH\\awtsmoos.com\\geelooy\\apps\\tunnel\\agent\\tools\\fs\\actionGroups\\aiAgents\\client.js:62:18)\n    at async sendAgentMessage (C:\\Users\\Yackov Yitzchak\\Documents\\WoW\\BH\\awtsmoos.com\\geelooy\\apps\\tunnel\\agent\\tools\\fs\\actionGroups\\aiAgents\\client.js:28:20)\n    at async translateChapter (file:///C:/Users/Yackov%20Yitzchak/Documents/WoW/BH/awtsmoos.com/AI_THOUGHTS/2026-06-12_social_system_stress_certification/torah_translation_comments/parallel_tanach_translation/minimax_client.mjs:41:18)\n    at async runChunk (file:///C:/Users/Yackov%20Yitzchak/Documents/WoW/BH/awtsmoos.com/AI_THOUGHTS/2026-06-12_social_system_stress_certification/torah_translation_comments/parallel_tanach_translation/run.mjs:43:22)\n    at async runChapter (file:///C:/Users/Yackov%20Yitzchak/Documents/WoW/BH/awtsmoos.com/AI_THOUGHTS/2026-06-12_social_system_stress_certification/torah_translation_comments/parallel_tanach_translation/run.mjs:60:61)\n    at async run (file:///C:/Users/Yackov%20Yitzchak/Documents/WoW/BH/awtsmoos.com/AI_THOUGHTS/2026-06-12_social_system_stress_certification/torah_translation_comments/parallel_tanach_translation/runner_utils.mjs:12:24)\n    at async Promise.all (index 0)"}
