lines:experiments/Awtsmoos/src/app/MinimalMeadowEnemyNavigation.js=90
lines:experiments/Awtsmoos/src/app/MinimalMeadowEnemyNavigationCollision.js=63
lines:experiments/Awtsmoos/src/app/MinimalMeadowEnemyLineOfSight.js=46
lines:experiments/Awtsmoos/src/app/MinimalMeadowTerrainDensityLayers.js=88
lines:experiments/Awtsmoos/src/app/MinimalMeadowTerrainEcology.js=74
lines:experiments/Awtsmoos/src/app/MinimalMeadowTerrainMaterialDensity.js=93
lines:experiments/Awtsmoos/src/app/MinimalMeadowTerrainPackage.js=116
lines:experiments/Awtsmoos/src/app/MinimalMeadowTerrainRoadMount.js=33
lines:experiments/Awtsmoos/src/world/TerrainMesh.js=93
lines:experiments/Awtsmoos/src/test/app/minimalMeadowEnemyNavigationRuntime.test.mjs=62
lines:experiments/Awtsmoos/src/test/world/minimalMeadowTerrainVisualQuality.test.mjs=89
lines:experiments/light-three-gltf/tiny-render-culling.js=114
lines:experiments/light-three-gltf/tiny-render-culling-metadata.js=86
lines:experiments/light-three-gltf/test/tiny-render-frustum-opt-out.test.mjs=40
syntax_exit=0
oversized_exit=0
(node:48547) [MODULE_TYPELESS_PACKAGE_JSON] Warning: Module type of file:///Users/awtsmoos/work/awtsmoos.com/geelooy/games/mitzvahWorld/experiments/Awtsmoos/src/app/MinimalMeadowEnemyNavigation.js is not specified and it doesn't parse as CommonJS.
Reparsing as ES module because module syntax was detected. This incurs a performance overhead.
To eliminate this warning, add "type": "module" to /Users/awtsmoos/work/awtsmoos.com/package.json.
(Use `node --trace-warnings ...` to show where the warning was created)
✔ B"H combat approach moves an actor that has no move method (11.958763ms)
(node:48548) [MODULE_TYPELESS_PACKAGE_JSON] Warning: Module type of file:///Users/awtsmoos/work/awtsmoos.com/geelooy/games/mitzvahWorld/experiments/light-three-gltf/tiny-runtime.js is not specified and it doesn't parse as CommonJS.
Reparsing as ES module because module syntax was detected. This incurs a performance overhead.
To eliminate this warning, add "type": "module" to /Users/awtsmoos/work/awtsmoos.com/package.json.
(Use `node --trace-warnings ...` to show where the warning was created)
✔ B"H mobile terrain keeps enough source pixels for crisp ground detail (2.080609ms)
✔ B"H six ecological sources retain strong nonuniform identities (2.452561ms)
✔ B"H terrain zone weights distinguish road, wetness, dryness, and rock (0.645756ms)
✔ B"H visible road mounts without becoming collision authority (0.984533ms)
ℹ tests 5
ℹ suites 0
ℹ pass 5
ℹ fail 0
ℹ cancelled 0
ℹ skipped 0
ℹ todo 0
ℹ duration_ms 375.866221
app_test_exit=0
(node:48551) [MODULE_TYPELESS_PACKAGE_JSON] Warning: Module type of file:///Users/awtsmoos/work/awtsmoos.com/geelooy/games/mitzvahWorld/experiments/light-three-gltf/tiny-render-culling.js is not specified and it doesn't parse as CommonJS.
Reparsing as ES module because module syntax was detected. This incurs a performance overhead.
To eliminate this warning, add "type": "module" to /Users/awtsmoos/work/awtsmoos.com/package.json.
(Use `node --trace-warnings ...` to show where the warning was created)
✔ B"H frustumCulled false bypasses custom distance and frustum rejection (2.395126ms)
ℹ tests 1
ℹ suites 0
ℹ pass 1
ℹ fail 0
ℹ cancelled 0
ℹ skipped 0
ℹ todo 0
ℹ duration_ms 256.396959
renderer_test_exit=0
