lines:experiments/Awtsmoos/src/test/geometry/TerrainLayerRecipe.test.mjs=137
lines:experiments/Awtsmoos/src/test/world/minimalMeadowTerrainMaterialProfiles.test.mjs=116
lines:experiments/Awtsmoos/src/test/world/minimalMeadowTerrainVisualQuality.test.mjs=89
(node:54185) [MODULE_TYPELESS_PACKAGE_JSON] Warning: Module type of file:///Users/awtsmoos/work/awtsmoos.com/geelooy/games/mitzvahWorld/experiments/Awtsmoos/src/assets/ProductionMaterialUrlPolicy.js is not specified and it doesn't parse as CommonJS.
Reparsing as ES module because module syntax was detected. This incurs a performance overhead.
To eliminate this warning, add "type": "module" to /Users/awtsmoos/work/awtsmoos.com/package.json.
(Use `node --trace-warnings ...` to show where the warning was created)
✔ quality recipes preserve six ecological sources and bounded active roles (9.66456ms)
✔ complete terrain stack retains six distinct source garments (4.937698ms)
✔ visible maps and source provenance obey local production policy (1.471701ms)
✔ medium terrain carries normalized mixed ecological weights and five slots (6.456735ms)
(node:54186) [MODULE_TYPELESS_PACKAGE_JSON] Warning: Module type of file:///Users/awtsmoos/work/awtsmoos.com/geelooy/games/mitzvahWorld/experiments/Awtsmoos/src/app/MinimalMeadowTerrainComposites.js is not specified and it doesn't parse as CommonJS.
Reparsing as ES module because module syntax was detected. This incurs a performance overhead.
To eliminate this warning, add "type": "module" to /Users/awtsmoos/work/awtsmoos.com/package.json.
(Use `node --trace-warnings ...` to show where the warning was created)
✔ independent sources replace canvas mosaics (14.33444ms)
✔ mobile and desktop profiles keep six crisp readable layers (4.708416ms)
✔ terrain and road presets use six broad rotated sources (10.875198ms)
✔ package mounts a visible road while terrain owns collision (38.819575ms)
(node:54187) [MODULE_TYPELESS_PACKAGE_JSON] Warning: Module type of file:///Users/awtsmoos/work/awtsmoos.com/geelooy/games/mitzvahWorld/experiments/light-three-gltf/tiny-runtime.js is not specified and it doesn't parse as CommonJS.
Reparsing as ES module because module syntax was detected. This incurs a performance overhead.
To eliminate this warning, add "type": "module" to /Users/awtsmoos/work/awtsmoos.com/package.json.
(Use `node --trace-warnings ...` to show where the warning was created)
✔ B"H mobile terrain keeps enough source pixels for crisp ground detail (2.174376ms)
✔ B"H six ecological sources retain strong nonuniform identities (2.373904ms)
✔ B"H terrain zone weights distinguish road, wetness, dryness, and rock (0.582458ms)
✔ B"H visible road mounts without becoming collision authority (1.031565ms)
ℹ tests 12
ℹ suites 0
ℹ pass 12
ℹ fail 0
ℹ cancelled 0
ℹ skipped 0
ℹ todo 0
ℹ duration_ms 550.550256
syntax_exit=0
oversized_exit=1
test_exit=0
