[Probe:afterCollect] {"target":"geelooy/games/scribe-journey/index.html","fileCount":179,"entry":"geelooy/games/scribe-journey/index.html"}
[MerkavaStep:start] {"type":"classic","inline":true,"resolved":null}
[MerkavaStep:done] {"type":"classic","inline":true,"resolved":null}
[MerkavaStep:start] {"type":"module","inline":false,"resolved":"geelooy/games/scribe-journey/js/main.js"}
[MerkavaModule:start] {"file":"geelooy/games/scribe-journey/js/main.js","from":"/","resolvedFile":"geelooy/games/scribe-journey/js/main.js","key":"geelooy/games/scribe-journey/js/main.js"}
[MerkavaModule:start] {"file":"geelooy/games/scribe-journey/js/main.js","from":"/","resolvedFile":"geelooy/games/scribe-journey/js/main.js","key":"geelooy/games/scribe-journey/js/main.js"}
[MerkavaModule:start] {"file":"/geelooy/games/scribe-journey/js/input.js","from":"geelooy/games/scribe-journey/js/main.js","resolvedFile":"/geelooy/games/scribe-journey/js/input.js","key":"geelooy/games/scribe-journey/js/input.js"}
[MerkavaModule:start] {"file":"/geelooy/games/scribe-journey/js/input.js","from":"geelooy/games/scribe-journey/js/main.js","resolvedFile":"/geelooy/games/scribe-journey/js/input.js","key":"geelooy/games/scribe-journey/js/input.js"}
[MerkavaModule:done] {"key":"geelooy/games/scribe-journey/js/input.js","exports":["initInput"]}
[MerkavaModule:start] {"file":"/geelooy/games/scribe-journey/js/ui.js","from":"geelooy/games/scribe-journey/js/main.js","resolvedFile":"/geelooy/games/scribe-journey/js/ui.js","key":"geelooy/games/scribe-journey/js/ui.js"}
[MerkavaModule:start] {"file":"/geelooy/games/scribe-journey/js/ui.js","from":"geelooy/games/scribe-journey/js/main.js","resolvedFile":"/geelooy/games/scribe-journey/js/ui.js","key":"geelooy/games/scribe-journey/js/ui.js"}
[MerkavaModule:start] {"file":"/geelooy/games/scribe-journey/js/render.js","from":"geelooy/games/scribe-journey/js/ui.js","resolvedFile":"/geelooy/games/scribe-journey/js/render.js","key":"geelooy/games/scribe-journey/js/render.js"}
[MerkavaModule:start] {"file":"/geelooy/games/scribe-journey/js/render.js","from":"geelooy/games/scribe-journey/js/ui.js","resolvedFile":"/geelooy/games/scribe-journey/js/render.js","key":"geelooy/games/scribe-journey/js/render.js"}
[MerkavaModule:start] {"file":"/geelooy/games/scribe-journey/js/data/database.js","from":"geelooy/games/scribe-journey/js/render.js","resolvedFile":"/geelooy/games/scribe-journey/js/data/database.js","key":"geelooy/games/scribe-journey/js/data/database.js"}
[MerkavaModule:start] {"file":"/geelooy/games/scribe-journey/js/data/database.js","from":"geelooy/games/scribe-journey/js/render.js","resolvedFile":"/geelooy/games/scribe-journey/js/data/database.js","key":"geelooy/games/scribe-journey/js/data/database.js"}
[MerkavaModule:start] {"file":"/geelooy/games/scribe-journey/js/data/musagim.js","from":"geelooy/games/scribe-journey/js/data/database.js","resolvedFile":"/geelooy/games/scribe-journey/js/data/musagim.js","key":"geelooy/games/scribe-journey/js/data/musagim.js"}
[MerkavaModule:start] {"file":"/geelooy/games/scribe-journey/js/data/musagim.js","from":"geelooy/games/scribe-journey/js/data/database.js","resolvedFile":"/geelooy/games/scribe-journey/js/data/musagim.js","key":"geelooy/games/scribe-journey/js/data/musagim.js"}
[MerkavaModule:start] {"file":"/geelooy/games/scribe-journey/js/data/bestiary/index.js","from":"geelooy/games/scribe-journey/js/data/musagim.js","resolvedFile":"/geelooy/games/scribe-journey/js/data/bestiary/index.js","key":"geelooy/games/scribe-journey/js/data/bestiary/index.js"}
[MerkavaModule:start] {"file":"/geelooy/games/scribe-journey/js/data/bestiary/index.js","from":"geelooy/games/scribe-journey/js/data/musagim.js","resolvedFile":"/geelooy/games/scribe-journey/js/data/bestiary/index.js","key":"geelooy/games/scribe-journey/js/data/bestiary/index.js"}
[MerkavaModule:start] {"file":"/geelooy/games/scribe-journey/js/data/bestiary/malkuth.js","from":"geelooy/games/scribe-journey/js/data/bestiary/index.js","resolvedFile":"/geelooy/games/scribe-journey/js/data/bestiary/malkuth.js","key":"geelooy/games/scribe-journey/js/data/bestiary/malkuth.js"}
[MerkavaModule:start] {"file":"/geelooy/games/scribe-journey/js/data/bestiary/malkuth.js","from":"geelooy/games/scribe-journey/js/data/bestiary/index.js","resolvedFile":"/geelooy/games/scribe-journey/js/data/bestiary/malkuth.js","key":"geelooy/games/scribe-journey/js/data/bestiary/malkuth.js"}
[MerkavaModule:done] {"key":"geelooy/games/scribe-journey/js/data/bestiary/malkuth.js","exports":["malkuthBeasts"]}
[MerkavaModule:start] {"file":"/geelooy/games/scribe-journey/js/data/bestiary/gevurah.js","from":"geelooy/games/scribe-journey/js/data/bestiary/index.js","resolvedFile":"/geelooy/games/scribe-journey/js/data/bestiary/gevurah.js","key":"geelooy/games/scribe-journey/js/data/bestiary/gevurah.js"}
[MerkavaModule:start] {"file":"/geelooy/games/scribe-journey/js/data/bestiary/gevurah.js","from":"geelooy/games/scribe-journey/js/data/bestiary/index.js","resolvedFile":"/geelooy/games/scribe-journey/js/data/bestiary/gevurah.js","key":"geelooy/games/scribe-journey/js/data/bestiary/gevurah.js"}
[MerkavaModule:done] {"key":"geelooy/games/scribe-journey/js/data/bestiary/gevurah.js","exports":["gevurahBeasts"]}
[MerkavaModule:start] {"file":"/geelooy/games/scribe-journey/js/data/bestiary/chesed.js","from":"geelooy/games/scribe-journey/js/data/bestiary/index.js","resolvedFile":"/geelooy/games/scribe-journey/js/data/bestiary/chesed.js","key":"geelooy/games/scribe-journey/js/data/bestiary/chesed.js"}
[MerkavaModule:start] {"file":"/geelooy/games/scribe-journey/js/data/bestiary/chesed.js","from":"geelooy/games/scribe-journey/js/data/bestiary/index.js","resolvedFile":"/geelooy/games/scribe-journey/js/data/bestiary/chesed.js","key":"geelooy/games/scribe-journey/js/data/bestiary/chesed.js"}
[MerkavaModule:done] {"key":"geelooy/games/scribe-journey/js/data/bestiary/chesed.js","exports":["chesedBeasts"]}
[MerkavaModule:start] {"file":"/geelooy/games/scribe-journey/js/data/bestiary/binah.js","from":"geelooy/games/scribe-journey/js/data/bestiary/index.js","resolvedFile":"/geelooy/games/scribe-journey/js/data/bestiary/binah.js","key":"geelooy/games/scribe-journey/js/data/bestiary/binah.js"}
[MerkavaModule:start] {"file":"/geelooy/games/scribe-journey/js/data/bestiary/binah.js","from":"geelooy/games/scribe-journey/js/data/bestiary/index.js","resolvedFile":"/geelooy/games/scribe-journey/js/data/bestiary/binah.js","key":"geelooy/games/scribe-journey/js/data/bestiary/binah.js"}
[MerkavaModule:done] {"key":"geelooy/games/scribe-journey/js/data/bestiary/binah.js","exports":["binahBeasts"]}
[MerkavaModule:start] {"file":"/geelooy/games/scribe-journey/js/data/bestiary/qliphoth.js","from":"geelooy/games/scribe-journey/js/data/bestiary/index.js","resolvedFile":"/geelooy/games/scribe-journey/js/data/bestiary/qliphoth.js","key":"geelooy/games/scribe-journey/js/data/bestiary/qliphoth.js"}
[MerkavaModule:start] {"file":"/geelooy/games/scribe-journey/js/data/bestiary/qliphoth.js","from":"geelooy/games/scribe-journey/js/data/bestiary/index.js","resolvedFile":"/geelooy/games/scribe-journey/js/data/bestiary/qliphoth.js","key":"geelooy/games/scribe-journey/js/data/bestiary/qliphoth.js"}
[MerkavaModule:done] {"key":"geelooy/games/scribe-journey/js/data/bestiary/qliphoth.js","exports":["qliphothBeasts"]}
[MerkavaModule:start] {"file":"/geelooy/games/scribe-journey/js/data/bestiary/keter.js","from":"geelooy/games/scribe-journey/js/data/bestiary/index.js","resolvedFile":"/geelooy/games/scribe-journey/js/data/bestiary/keter.js","key":"geelooy/games/scribe-journey/js/data/bestiary/keter.js"}
[MerkavaModule:start] {"file":"/geelooy/games/scribe-journey/js/data/bestiary/keter.js","from":"geelooy/games/scribe-journey/js/data/bestiary/index.js","resolvedFile":"/geelooy/games/scribe-journey/js/data/bestiary/keter.js","key":"geelooy/games/scribe-journey/js/data/bestiary/keter.js"}
[MerkavaModule:done] {"key":"geelooy/games/scribe-journey/js/data/bestiary/keter.js","exports":["keterBeasts"]}
[MerkavaModule:start] {"file":"/geelooy/games/scribe-journey/js/data/bestiary/chokhmah.js","from":"geelooy/games/scribe-journey/js/data/bestiary/index.js","resolvedFile":"/geelooy/games/scribe-journey/js/data/bestiary/chokhmah.js","key":"geelooy/games/scribe-journey/js/data/bestiary/chokhmah.js"}
[MerkavaModule:start] {"file":"/geelooy/games/scribe-journey/js/data/bestiary/chokhmah.js","from":"geelooy/games/scribe-journey/js/data/bestiary/index.js","resolvedFile":"/geelooy/games/scribe-journey/js/data/bestiary/chokhmah.js","key":"geelooy/games/scribe-journey/js/data/bestiary/chokhmah.js"}
[MerkavaModule:done] {"key":"geelooy/games/scribe-journey/js/data/bestiary/chokhmah.js","exports":["chokhmahBeasts"]}
[MerkavaModule:start] {"file":"/geelooy/games/scribe-journey/js/data/bestiary/zeraim.js","from":"geelooy/games/scribe-journey/js/data/bestiary/index.js","resolvedFile":"/geelooy/games/scribe-journey/js/data/bestiary/zeraim.js","key":"geelooy/games/scribe-journey/js/data/bestiary/zeraim.js"}
[MerkavaModule:start] {"file":"/geelooy/games/scribe-journey/js/data/bestiary/zeraim.js","from":"geelooy/games/scribe-journey/js/data/bestiary/index.js","resolvedFile":"/geelooy/games/scribe-journey/js/data/bestiary/zeraim.js","key":"geelooy/games/scribe-journey/js/data/bestiary/zeraim.js"}
[MerkavaModule:done] {"key":"geelooy/games/scribe-journey/js/data/bestiary/zeraim.js","exports":["zeraimBeasts"]}
[MerkavaModule:start] {"file":"/geelooy/games/scribe-journey/js/data/bestiary/tanya.js","from":"geelooy/games/scribe-journey/js/data/bestiary/index.js","resolvedFile":"/geelooy/games/scribe-journey/js/data/bestiary/tanya.js","key":"geelooy/games/scribe-journey/js/data/bestiary/tanya.js"}
[MerkavaModule:start] {"file":"/geelooy/games/scribe-journey/js/data/bestiary/tanya.js","from":"geelooy/games/scribe-journey/js/data/bestiary/index.js","resolvedFile":"/geelooy/games/scribe-journey/js/data/bestiary/tanya.js","key":"geelooy/games/scribe-journey/js/data/bestiary/tanya.js"}
[MerkavaModule:done] {"key":"geelooy/games/scribe-journey/js/data/bestiary/tanya.js","exports":["tanyaBeasts"]}
[MerkavaModule:start] {"file":"/geelooy/games/scribe-journey/js/data/bestiary/tribes.js","from":"geelooy/games/scribe-journey/js/data/bestiary/index.js","resolvedFile":"/geelooy/games/scribe-journey/js/data/bestiary/tribes.js","key":"geelooy/games/scribe-journey/js/data/bestiary/tribes.js"}
[MerkavaModule:start] {"file":"/geelooy/games/scribe-journey/js/data/bestiary/tribes.js","from":"geelooy/games/scribe-journey/js/data/bestiary/index.js","resolvedFile":"/geelooy/games/scribe-journey/js/data/bestiary/tribes.js","key":"geelooy/games/scribe-journey/js/data/bestiary/tribes.js"}
[MerkavaModule:done] {"key":"geelooy/games/scribe-journey/js/data/bestiary/tribes.js","exports":["tribesBeasts"]}
[MerkavaModule:start] {"file":"/geelooy/games/scribe-journey/js/data/bestiary/amalek.js","from":"geelooy/games/scribe-journey/js/data/bestiary/index.js","resolvedFile":"/geelooy/games/scribe-journey/js/data/bestiary/amalek.js","key":"geelooy/games/scribe-journey/js/data/bestiary/amalek.js"}
[MerkavaModule:start] {"file":"/geelooy/games/scribe-journey/js/data/bestiary/amalek.js","from":"geelooy/games/scribe-journey/js/data/bestiary/index.js","resolvedFile":"/geelooy/games/scribe-journey/js/data/bestiary/amalek.js","key":"geelooy/games/scribe-journey/js/data/bestiary/amalek.js"}
[MerkavaModule:done] {"key":"geelooy/games/scribe-journey/js/data/bestiary/amalek.js","exports":["amalekBeasts"]}
[MerkavaModule:start] {"file":"/geelooy/games/scribe-journey/js/data/bestiary/letters.js","from":"geelooy/games/scribe-journey/js/data/bestiary/index.js","resolvedFile":"/geelooy/games/scribe-journey/js/data/bestiary/letters.js","key":"geelooy/games/scribe-journey/js/data/bestiary/letters.js"}
[MerkavaModule:start] {"file":"/geelooy/games/scribe-journey/js/data/bestiary/letters.js","from":"geelooy/games/scribe-journey/js/data/bestiary/index.js","resolvedFile":"/geelooy/games/scribe-journey/js/data/bestiary/letters.js","key":"geelooy/games/scribe-journey/js/data/bestiary/letters.js"}
[MerkavaModule:done] {"key":"geelooy/games/scribe-journey/js/data/bestiary/letters.js","exports":["letterBeasts"]}
[MerkavaModule:start] {"file":"/geelooy/games/scribe-journey/js/data/bestiary/midbar.js","from":"geelooy/games/scribe-journey/js/data/bestiary/index.js","resolvedFile":"/geelooy/games/scribe-journey/js/data/bestiary/midbar.js","key":"geelooy/games/scribe-journey/js/data/bestiary/midbar.js"}
[MerkavaModule:start] {"file":"/geelooy/games/scribe-journey/js/data/bestiary/midbar.js","from":"geelooy/games/scribe-journey/js/data/bestiary/index.js","resolvedFile":"/geelooy/games/scribe-journey/js/data/bestiary/midbar.js","key":"geelooy/games/scribe-journey/js/data/bestiary/midbar.js"}
[MerkavaModule:done] {"key":"geelooy/games/scribe-journey/js/data/bestiary/midbar.js","exports":["midbarBeasts"]}
[MerkavaModule:start] {"file":"/geelooy/games/scribe-journey/js/data/bestiary/sechirut.js","from":"geelooy/games/scribe-journey/js/data/bestiary/index.js","resolvedFile":"/geelooy/games/scribe-journey/js/data/bestiary/sechirut.js","key":"geelooy/games/scribe-journey/js/data/bestiary/sechirut.js"}
[MerkavaModule:start] {"file":"/geelooy/games/scribe-journey/js/data/bestiary/sechirut.js","from":"geelooy/games/scribe-journey/js/data/bestiary/index.js","resolvedFile":"/geelooy/games/scribe-journey/js/data/bestiary/sechirut.js","key":"geelooy/games/scribe-journey/js/data/bestiary/sechirut.js"}
[MerkavaModule:done] {"key":"geelooy/games/scribe-journey/js/data/bestiary/sechirut.js","exports":["sechirutBeasts"]}
[MerkavaModule:start] {"file":"/geelooy/games/scribe-journey/js/data/bestiary/chanukah_beasts.js","from":"geelooy/games/scribe-journey/js/data/bestiary/index.js","resolvedFile":"/geelooy/games/scribe-journey/js/data/bestiary/chanukah_beasts.js","key":"geelooy/games/scribe-journey/js/data/bestiary/chanukah_beasts.js"}
[MerkavaModule:start] {"file":"/geelooy/games/scribe-journey/js/data/bestiary/chanukah_beasts.js","from":"geelooy/games/scribe-journey/js/data/bestiary/index.js","resolvedFile":"/geelooy/games/scribe-journey/js/data/bestiary/chanukah_beasts.js","key":"geelooy/games/scribe-journey/js/data/bestiary/chanukah_beasts.js"}
[MerkavaModule:done] {"key":"geelooy/games/scribe-journey/js/data/bestiary/chanukah_beasts.js","exports":["chanukahBeasts"]}
[MerkavaModule:start] {"file":"/geelooy/games/scribe-journey/js/data/bestiary/gehinnom.js","from":"geelooy/games/scribe-journey/js/data/bestiary/index.js","resolvedFile":"/geelooy/games/scribe-journey/js/data/bestiary/gehinnom.js","key":"geelooy/games/scribe-journey/js/data/bestiary/gehinnom.js"}
[MerkavaModule:start] {"file":"/geelooy/games/scribe-journey/js/data/bestiary/gehinnom.js","from":"geelooy/games/scribe-journey/js/data/bestiary/index.js","resolvedFile":"/geelooy/games/scribe-journey/js/data/bestiary/gehinnom.js","key":"geelooy/games/scribe-journey/js/data/bestiary/gehinnom.js"}
[MerkavaModule:done] {"key":"geelooy/games/scribe-journey/js/data/bestiary/gehinnom.js","exports":["gehinnomBeasts"]}
[MerkavaModule:start] {"file":"/geelooy/games/scribe-journey/js/data/bestiary/gan_eden.js","from":"geelooy/games/scribe-journey/js/data/bestiary/index.js","resolvedFile":"/geelooy/games/scribe-journey/js/data/bestiary/gan_eden.js","key":"geelooy/games/scribe-journey/js/data/bestiary/gan_eden.js"}
[MerkavaModule:start] {"file":"/geelooy/games/scribe-journey/js/data/bestiary/gan_eden.js","from":"geelooy/games/scribe-journey/js/data/bestiary/index.js","resolvedFile":"/geelooy/games/scribe-journey/js/data/bestiary/gan_eden.js","key":"geelooy/games/scribe-journey/js/data/bestiary/gan_eden.js"}
[MerkavaModule:done] {"key":"geelooy/games/scribe-journey/js/data/bestiary/gan_eden.js","exports":["ganEdenBeasts"]}
[MerkavaModule:start] {"file":"/geelooy/games/scribe-journey/js/data/bestiary/yud_tet_kislev.js","from":"geelooy/games/scribe-journey/js/data/bestiary/index.js","resolvedFile":"/geelooy/games/scribe-journey/js/data/bestiary/yud_tet_kislev.js","key":"geelooy/games/scribe-journey/js/data/bestiary/yud_tet_kislev.js"}
[MerkavaModule:start] {"file":"/geelooy/games/scribe-journey/js/data/bestiary/yud_tet_kislev.js","from":"geelooy/games/scribe-journey/js/data/bestiary/index.js","resolvedFile":"/geelooy/games/scribe-journey/js/data/bestiary/yud_tet_kislev.js","key":"geelooy/games/scribe-journey/js/data/bestiary/yud_tet_kislev.js"}
[MerkavaModule:done] {"key":"geelooy/games/scribe-journey/js/data/bestiary/yud_tet_kislev.js","exports":["yudTetBeasts"]}
[MerkavaModule:start] {"file":"/geelooy/games/scribe-journey/js/data/bestiary/expansion_1.js","from":"geelooy/games/scribe-journey/js/data/bestiary/index.js","resolvedFile":"/geelooy/games/scribe-journey/js/data/bestiary/expansion_1.js","key":"geelooy/games/scribe-journey/js/data/bestiary/expansion_1.js"}
[MerkavaModule:start] {"file":"/geelooy/games/scribe-journey/js/data/bestiary/expansion_1.js","from":"geelooy/games/scribe-journey/js/data/bestiary/index.js","resolvedFile":"/geelooy/games/scribe-journey/js/data/bestiary/expansion_1.js","key":"geelooy/games/scribe-journey/js/data/bestiary/expansion_1.js"}
[MerkavaModule:done] {"key":"geelooy/games/scribe-journey/js/data/bestiary/expansion_1.js","exports":["expansionBeasts"]}
[MerkavaModule:start] {"file":"/geelooy/games/scribe-journey/js/data/bestiary/expansion_2.js","from":"geelooy/games/scribe-journey/js/data/bestiary/index.js","resolvedFile":"/geelooy/games/scribe-journey/js/data/bestiary/expansion_2.js","key":"geelooy/games/scribe-journey/js/data/bestiary/expansion_2.js"}
[MerkavaModule:start] {"file":"/geelooy/games/scribe-journey/js/data/bestiary/expansion_2.js","from":"geelooy/games/scribe-journey/js/data/bestiary/index.js","resolvedFile":"/geelooy/games/scribe-journey/js/data/bestiary/expansion_2.js","key":"geelooy/games/scribe-journey/js/data/bestiary/expansion_2.js"}
[MerkavaModule:done] {"key":"geelooy/games/scribe-journey/js/data/bestiary/expansion_2.js","exports":["expansion2Beasts"]}
[MerkavaModule:start] {"file":"/geelooy/games/scribe-journey/js/data/bestiary/taryag_beasts.js","from":"geelooy/games/scribe-journey/js/data/bestiary/index.js","resolvedFile":"/geelooy/games/scribe-journey/js/data/bestiary/taryag_beasts.js","key":"geelooy/games/scribe-journey/js/data/bestiary/taryag_beasts.js"}
[MerkavaModule:start] {"file":"/geelooy/games/scribe-journey/js/data/bestiary/taryag_beasts.js","from":"geelooy/games/scribe-journey/js/data/bestiary/index.js","resolvedFile":"/geelooy/games/scribe-journey/js/data/bestiary/taryag_beasts.js","key":"geelooy/games/scribe-journey/js/data/bestiary/taryag_beasts.js"}
[MerkavaModule:done] {"key":"geelooy/games/scribe-journey/js/data/bestiary/taryag_beasts.js","exports":["taryagBeasts"]}
[MerkavaModule:start] {"file":"/geelooy/games/scribe-journey/js/data/insanity_expansion.js","from":"geelooy/games/scribe-journey/js/data/bestiary/index.js","resolvedFile":"/geelooy/games/scribe-journey/js/data/insanity_expansion.js","key":"geelooy/games/scribe-journey/js/data/insanity_expansion.js"}
[MerkavaModule:start] {"file":"/geelooy/games/scribe-journey/js/data/insanity_expansion.js","from":"geelooy/games/scribe-journey/js/data/bestiary/index.js","resolvedFile":"/geelooy/games/scribe-journey/js/data/insanity_expansion.js","key":"geelooy/games/scribe-journey/js/data/insanity_expansion.js"}
[MerkavaModule:done] {"key":"geelooy/games/scribe-journey/js/data/insanity_expansion.js","exports":["insanityItems","insanityBeasts","insanityMaps"]}
[MerkavaModule:start] {"file":"/geelooy/games/scribe-journey/js/data/labyrinth_67.js","from":"geelooy/games/scribe-journey/js/data/bestiary/index.js","resolvedFile":"/geelooy/games/scribe-journey/js/data/labyrinth_67.js","key":"geelooy/games/scribe-journey/js/data/labyrinth_67.js"}
[MerkavaModule:start] {"file":"/geelooy/games/scribe-journey/js/data/labyrinth_67.js","from":"geelooy/games/scribe-journey/js/data/bestiary/index.js","resolvedFile":"/geelooy/games/scribe-journey/js/data/labyrinth_67.js","key":"geelooy/games/scribe-journey/js/data/labyrinth_67.js"}
[MerkavaModule:done] {"key":"geelooy/games/scribe-journey/js/data/labyrinth_67.js","exports":["labyrinthItems","labyrinthBeasts","labyrinthMaps"]}
[MerkavaModule:start] {"file":"/geelooy/games/scribe-journey/js/data/expansion_555.js","from":"geelooy/games/scribe-journey/js/data/bestiary/index.js","resolvedFile":"/geelooy/games/scribe-journey/js/data/expansion_555.js","key":"geelooy/games/scribe-journey/js/data/expansion_555.js"}
[MerkavaModule:start] {"file":"/geelooy/games/scribe-journey/js/data/expansion_555.js","from":"geelooy/games/scribe-journey/js/data/bestiary/index.js","resolvedFile":"/geelooy/games/scribe-journey/js/data/expansion_555.js","key":"geelooy/games/scribe-journey/js/data/expansion_555.js"}
