[direct] afterCollect {"target":"geelooy/games/scribe-journey/index.html","fileCount":179}
[MerkavaStep:start] {"type":"classic","inline":true,"resolved":null}
[MerkavaStep:done] {"type":"classic","inline":true,"resolved":null}
[MerkavaStep:start] {"type":"module","inline":false,"resolved":"geelooy/games/scribe-journey/js/main.js"}
[MerkavaStep:done] {"type":"module","inline":false,"resolved":"geelooy/games/scribe-journey/js/main.js"}
[MerkavaLifecycle:start] DOMContentLoaded
[MerkavaLifecycle:start] DOMContentLoaded
[MerkavaLifecycle:done] DOMContentLoaded
[MerkavaLifecycle:done] DOMContentLoaded
[MerkavaLifecycle:start] load
[MerkavaLifecycle:start] load
[MerkavaLifecycle:done] load
[MerkavaLifecycle:done] load
[MerkavaLifecycle:start] settle
[MerkavaLifecycle:start] settle 0
[MerkavaLifecycle:done] settle
[MerkavaLifecycle:done] settle
[direct] afterRun {"ms":24401,"ok":true,"errors":[],"timers":0}
[direct:caught] TypeError: (raw.console || []).slice is not a function
    at /storage/emulated/0/Documents/git/awtsmoos.com/AI_THOUGHTS/runtime-stress/probe-assembler-direct.cjs:15:140
