[Probe:afterCollect] {"target":"geelooy/games/scribe-journey/index.html","fileCount":132,"entry":"geelooy/games/scribe-journey/index.html"}
[MerkavaStep:start] {"type":"classic","inline":true,"resolved":null}
[MerkavaStep:done] {"type":"classic","inline":true,"resolved":null}
[MerkavaStep:start] {"type":"module","inline":false,"resolved":"geelooy/games/scribe-journey/js/main.js"}
[MerkavaModule:start] {"file":"geelooy/games/scribe-journey/js/main.js","from":"/","resolvedFile":"geelooy/games/scribe-journey/js/main.js","key":"geelooy/games/scribe-journey/js/main.js"}
[MerkavaModule:start] {"file":"geelooy/games/scribe-journey/js/main.js","from":"/","resolvedFile":"geelooy/games/scribe-journey/js/main.js","key":"geelooy/games/scribe-journey/js/main.js"}
[MerkavaModule:start] {"file":"/geelooy/games/scribe-journey/js/input.js","from":"geelooy/games/scribe-journey/js/main.js","resolvedFile":"/geelooy/games/scribe-journey/js/input.js","key":"geelooy/games/scribe-journey/js/input.js"}
[MerkavaModule:start] {"file":"/geelooy/games/scribe-journey/js/input.js","from":"geelooy/games/scribe-journey/js/main.js","resolvedFile":"/geelooy/games/scribe-journey/js/input.js","key":"geelooy/games/scribe-journey/js/input.js"}
[MerkavaModule:done] {"key":"geelooy/games/scribe-journey/js/input.js","exports":["initInput"]}
[MerkavaModule:start] {"file":"/geelooy/games/scribe-journey/js/ui.js","from":"geelooy/games/scribe-journey/js/main.js","resolvedFile":"/geelooy/games/scribe-journey/js/ui.js","key":"geelooy/games/scribe-journey/js/ui.js"}
[MerkavaModule:start] {"file":"/geelooy/games/scribe-journey/js/ui.js","from":"geelooy/games/scribe-journey/js/main.js","resolvedFile":"/geelooy/games/scribe-journey/js/ui.js","key":"geelooy/games/scribe-journey/js/ui.js"}
[MerkavaModule:start] {"file":"/geelooy/games/scribe-journey/js/render.js","from":"geelooy/games/scribe-journey/js/ui.js","resolvedFile":"/geelooy/games/scribe-journey/js/render.js","key":"geelooy/games/scribe-journey/js/render.js"}
[MerkavaModule:start] {"file":"/geelooy/games/scribe-journey/js/render.js","from":"geelooy/games/scribe-journey/js/ui.js","resolvedFile":"/geelooy/games/scribe-journey/js/render.js","key":"geelooy/games/scribe-journey/js/render.js"}
[MerkavaModule:start] {"file":"/geelooy/games/scribe-journey/js/data/database.js","from":"geelooy/games/scribe-journey/js/render.js","resolvedFile":"/geelooy/games/scribe-journey/js/data/database.js","key":"geelooy/games/scribe-journey/js/data/database.js"}
[MerkavaModule:start] {"file":"/geelooy/games/scribe-journey/js/data/database.js","from":"geelooy/games/scribe-journey/js/render.js","resolvedFile":"/geelooy/games/scribe-journey/js/data/database.js","key":"geelooy/games/scribe-journey/js/data/database.js"}
[MerkavaModule:start] {"file":"/geelooy/games/scribe-journey/js/data/musagim.js","from":"geelooy/games/scribe-journey/js/data/database.js","resolvedFile":"/geelooy/games/scribe-journey/js/data/musagim.js","key":"geelooy/games/scribe-journey/js/data/musagim.js"}
[MerkavaModule:start] {"file":"/geelooy/games/scribe-journey/js/data/musagim.js","from":"geelooy/games/scribe-journey/js/data/database.js","resolvedFile":"/geelooy/games/scribe-journey/js/data/musagim.js","key":"geelooy/games/scribe-journey/js/data/musagim.js"}
[MerkavaModule:start] {"file":"/geelooy/games/scribe-journey/js/data/bestiary/index.js","from":"geelooy/games/scribe-journey/js/data/musagim.js","resolvedFile":"/geelooy/games/scribe-journey/js/data/bestiary/index.js","key":"geelooy/games/scribe-journey/js/data/bestiary/index.js"}
[MerkavaModule:start] {"file":"/geelooy/games/scribe-journey/js/data/bestiary/index.js","from":"geelooy/games/scribe-journey/js/data/musagim.js","resolvedFile":"/geelooy/games/scribe-journey/js/data/bestiary/index.js","key":"geelooy/games/scribe-journey/js/data/bestiary/index.js"}
[MerkavaModule:start] {"file":"/geelooy/games/scribe-journey/js/data/bestiary/malkuth.js","from":"geelooy/games/scribe-journey/js/data/bestiary/index.js","resolvedFile":"/geelooy/games/scribe-journey/js/data/bestiary/malkuth.js","key":"geelooy/games/scribe-journey/js/data/bestiary/malkuth.js"}
[MerkavaModule:start] {"file":"/geelooy/games/scribe-journey/js/data/bestiary/malkuth.js","from":"geelooy/games/scribe-journey/js/data/bestiary/index.js","resolvedFile":"/geelooy/games/scribe-journey/js/data/bestiary/malkuth.js","key":"geelooy/games/scribe-journey/js/data/bestiary/malkuth.js"}
[MerkavaModule:done] {"key":"geelooy/games/scribe-journey/js/data/bestiary/malkuth.js","exports":["malkuthBeasts"]}
[MerkavaModule:done] {"key":"geelooy/games/scribe-journey/js/data/bestiary/index.js","exports":["musagim"]}
[MerkavaModule:done] {"key":"geelooy/games/scribe-journey/js/data/musagim.js","exports":["musagim"]}
[MerkavaModule:start] {"file":"/geelooy/games/scribe-journey/js/data/moves.js","from":"geelooy/games/scribe-journey/js/data/database.js","resolvedFile":"/geelooy/games/scribe-journey/js/data/moves.js","key":"geelooy/games/scribe-journey/js/data/moves.js"}
[MerkavaModule:start] {"file":"/geelooy/games/scribe-journey/js/data/moves.js","from":"geelooy/games/scribe-journey/js/data/database.js","resolvedFile":"/geelooy/games/scribe-journey/js/data/moves.js","key":"geelooy/games/scribe-journey/js/data/moves.js"}
[MerkavaModule:start] {"file":"/geelooy/games/scribe-journey/js/data/moves/physical.js","from":"geelooy/games/scribe-journey/js/data/moves.js","resolvedFile":"/geelooy/games/scribe-journey/js/data/moves/physical.js","key":"geelooy/games/scribe-journey/js/data/moves/physical.js"}
[MerkavaModule:start] {"file":"/geelooy/games/scribe-journey/js/data/moves/physical.js","from":"geelooy/games/scribe-journey/js/data/moves.js","resolvedFile":"/geelooy/games/scribe-journey/js/data/moves/physical.js","key":"geelooy/games/scribe-journey/js/data/moves/physical.js"}
[MerkavaModule:done] {"key":"geelooy/games/scribe-journey/js/data/moves/physical.js","exports":["physicalMoves"]}
[MerkavaModule:start] {"file":"/geelooy/games/scribe-journey/js/data/moves/mystical.js","from":"geelooy/games/scribe-journey/js/data/moves.js","resolvedFile":"/geelooy/games/scribe-journey/js/data/moves/mystical.js","key":"geelooy/games/scribe-journey/js/data/moves/mystical.js"}
[MerkavaModule:start] {"file":"/geelooy/games/scribe-journey/js/data/moves/mystical.js","from":"geelooy/games/scribe-journey/js/data/moves.js","resolvedFile":"/geelooy/games/scribe-journey/js/data/moves/mystical.js","key":"geelooy/games/scribe-journey/js/data/moves/mystical.js"}
[MerkavaModule:done] {"key":"geelooy/games/scribe-journey/js/data/moves/mystical.js","exports":["mysticalMoves"]}
[MerkavaModule:start] {"file":"/geelooy/games/scribe-journey/js/data/moves/amalek_moves.js","from":"geelooy/games/scribe-journey/js/data/moves.js","resolvedFile":"/geelooy/games/scribe-journey/js/data/moves/amalek_moves.js","key":"geelooy/games/scribe-journey/js/data/moves/amalek_moves.js"}
[MerkavaModule:start] {"file":"/geelooy/games/scribe-journey/js/data/moves/amalek_moves.js","from":"geelooy/games/scribe-journey/js/data/moves.js","resolvedFile":"/geelooy/games/scribe-journey/js/data/moves/amalek_moves.js","key":"geelooy/games/scribe-journey/js/data/moves/amalek_moves.js"}
[MerkavaModule:done] {"key":"geelooy/games/scribe-journey/js/data/moves/amalek_moves.js","exports":["amalekMoves"]}
[MerkavaModule:start] {"file":"/geelooy/games/scribe-journey/js/data/moves/expansion_moves.js","from":"geelooy/games/scribe-journey/js/data/moves.js","resolvedFile":"/geelooy/games/scribe-journey/js/data/moves/expansion_moves.js","key":"geelooy/games/scribe-journey/js/data/moves/expansion_moves.js"}
[MerkavaModule:start] {"file":"/geelooy/games/scribe-journey/js/data/moves/expansion_moves.js","from":"geelooy/games/scribe-journey/js/data/moves.js","resolvedFile":"/geelooy/games/scribe-journey/js/data/moves/expansion_moves.js","key":"geelooy/games/scribe-journey/js/data/moves/expansion_moves.js"}
[MerkavaModule:done] {"key":"geelooy/games/scribe-journey/js/data/moves/expansion_moves.js","exports":["expansionMoves"]}
[MerkavaModule:start] {"file":"/geelooy/games/scribe-journey/js/data/moves/letters.js","from":"geelooy/games/scribe-journey/js/data/moves.js","resolvedFile":"/geelooy/games/scribe-journey/js/data/moves/letters.js","key":"geelooy/games/scribe-journey/js/data/moves/letters.js"}
[MerkavaModule:start] {"file":"/geelooy/games/scribe-journey/js/data/moves/letters.js","from":"geelooy/games/scribe-journey/js/data/moves.js","resolvedFile":"/geelooy/games/scribe-journey/js/data/moves/letters.js","key":"geelooy/games/scribe-journey/js/data/moves/letters.js"}
[MerkavaModule:done] {"key":"geelooy/games/scribe-journey/js/data/moves/letters.js","exports":["letterMoves"]}
[MerkavaModule:start] {"file":"/geelooy/games/scribe-journey/js/data/moves/the_66_moves.js","from":"geelooy/games/scribe-journey/js/data/moves.js","resolvedFile":"/geelooy/games/scribe-journey/js/data/moves/the_66_moves.js","key":"geelooy/games/scribe-journey/js/data/moves/the_66_moves.js"}
[MerkavaModule:start] {"file":"/geelooy/games/scribe-journey/js/data/moves/the_66_moves.js","from":"geelooy/games/scribe-journey/js/data/moves.js","resolvedFile":"/geelooy/games/scribe-journey/js/data/moves/the_66_moves.js","key":"geelooy/games/scribe-journey/js/data/moves/the_66_moves.js"}
[MerkavaModule:done] {"key":"geelooy/games/scribe-journey/js/data/moves/the_66_moves.js","exports":["moves66"]}
[MerkavaModule:start] {"file":"/geelooy/games/scribe-journey/js/data/moves/digital_moves.js","from":"geelooy/games/scribe-journey/js/data/moves.js","resolvedFile":"/geelooy/games/scribe-journey/js/data/moves/digital_moves.js","key":"geelooy/games/scribe-journey/js/data/moves/digital_moves.js"}
[MerkavaModule:start] {"file":"/geelooy/games/scribe-journey/js/data/moves/digital_moves.js","from":"geelooy/games/scribe-journey/js/data/moves.js","resolvedFile":"/geelooy/games/scribe-journey/js/data/moves/digital_moves.js","key":"geelooy/games/scribe-journey/js/data/moves/digital_moves.js"}
[MerkavaModule:done] {"key":"geelooy/games/scribe-journey/js/data/moves/digital_moves.js","exports":["digitalMoves"]}
[MerkavaModule:done] {"key":"geelooy/games/scribe-journey/js/data/moves.js","exports":["moves"]}
[MerkavaModule:start] {"file":"/geelooy/games/scribe-journey/js/data/items.js","from":"geelooy/games/scribe-journey/js/data/database.js","resolvedFile":"/geelooy/games/scribe-journey/js/data/items.js","key":"geelooy/games/scribe-journey/js/data/items.js"}
[MerkavaModule:start] {"file":"/geelooy/games/scribe-journey/js/data/items.js","from":"geelooy/games/scribe-journey/js/data/database.js","resolvedFile":"/geelooy/games/scribe-journey/js/data/items.js","key":"geelooy/games/scribe-journey/js/data/items.js"}
[MerkavaModule:start] {"file":"/geelooy/games/scribe-journey/js/data/items/consumables.js","from":"geelooy/games/scribe-journey/js/data/items.js","resolvedFile":"/geelooy/games/scribe-journey/js/data/items/consumables.js","key":"geelooy/games/scribe-journey/js/data/items/consumables.js"}
[MerkavaModule:start] {"file":"/geelooy/games/scribe-journey/js/data/items/consumables.js","from":"geelooy/games/scribe-journey/js/data/items.js","resolvedFile":"/geelooy/games/scribe-journey/js/data/items/consumables.js","key":"geelooy/games/scribe-journey/js/data/items/consumables.js"}
[MerkavaModule:done] {"key":"geelooy/games/scribe-journey/js/data/items/consumables.js","exports":["consumables"]}
[MerkavaModule:start] {"file":"/geelooy/games/scribe-journey/js/data/items/kelim.js","from":"geelooy/games/scribe-journey/js/data/items.js","resolvedFile":"/geelooy/games/scribe-journey/js/data/items/kelim.js","key":"geelooy/games/scribe-journey/js/data/items/kelim.js"}
[MerkavaModule:start] {"file":"/geelooy/games/scribe-journey/js/data/items/kelim.js","from":"geelooy/games/scribe-journey/js/data/items.js","resolvedFile":"/geelooy/games/scribe-journey/js/data/items/kelim.js","key":"geelooy/games/scribe-journey/js/data/items/kelim.js"}
[MerkavaModule:done] {"key":"geelooy/games/scribe-journey/js/data/items/kelim.js","exports":["kelim"]}
[MerkavaModule:done] {"key":"geelooy/games/scribe-journey/js/data/items.js","exports":["items"]}
[MerkavaModule:start] {"file":"/geelooy/games/scribe-journey/js/data/quests.js","from":"geelooy/games/scribe-journey/js/data/database.js","resolvedFile":"/geelooy/games/scribe-journey/js/data/quests.js","key":"geelooy/games/scribe-journey/js/data/quests.js"}
[MerkavaModule:start] {"file":"/geelooy/games/scribe-journey/js/data/quests.js","from":"geelooy/games/scribe-journey/js/data/database.js","resolvedFile":"/geelooy/games/scribe-journey/js/data/quests.js","key":"geelooy/games/scribe-journey/js/data/quests.js"}
[MerkavaModule:start] {"file":"/geelooy/games/scribe-journey/js/data/quests/main_story.js","from":"geelooy/games/scribe-journey/js/data/quests.js","resolvedFile":"/geelooy/games/scribe-journey/js/data/quests/main_story.js","key":"geelooy/games/scribe-journey/js/data/quests/main_story.js"}
[MerkavaModule:start] {"file":"/geelooy/games/scribe-journey/js/data/quests/main_story.js","from":"geelooy/games/scribe-journey/js/data/quests.js","resolvedFile":"/geelooy/games/scribe-journey/js/data/quests/main_story.js","key":"geelooy/games/scribe-journey/js/data/quests/main_story.js"}
[MerkavaModule:done] {"key":"geelooy/games/scribe-journey/js/data/quests/main_story.js","exports":["mainStoryQuests"]}
[MerkavaModule:start] {"file":"/geelooy/games/scribe-journey/js/data/quests/tractate_nezikin.js","from":"geelooy/games/scribe-journey/js/data/quests.js","resolvedFile":"/geelooy/games/scribe-journey/js/data/quests/tractate_nezikin.js","key":"geelooy/games/scribe-journey/js/data/quests/tractate_nezikin.js"}
[MerkavaModule:start] {"file":"/geelooy/games/scribe-journey/js/data/quests/tractate_nezikin.js","from":"geelooy/games/scribe-journey/js/data/quests.js","resolvedFile":"/geelooy/games/scribe-journey/js/data/quests/tractate_nezikin.js","key":"geelooy/games/scribe-journey/js/data/quests/tractate_nezikin.js"}
[MerkavaModule:done] {"key":"geelooy/games/scribe-journey/js/data/quests/tractate_nezikin.js","exports":["nezikinQuests"]}
[MerkavaModule:start] {"file":"/geelooy/games/scribe-journey/js/data/quests/tractate_moed.js","from":"geelooy/games/scribe-journey/js/data/quests.js","resolvedFile":"/geelooy/games/scribe-journey/js/data/quests/tractate_moed.js","key":"geelooy/games/scribe-journey/js/data/quests/tractate_moed.js"}
[MerkavaModule:start] {"file":"/geelooy/games/scribe-journey/js/data/quests/tractate_moed.js","from":"geelooy/games/scribe-journey/js/data/quests.js","resolvedFile":"/geelooy/games/scribe-journey/js/data/quests/tractate_moed.js","key":"geelooy/games/scribe-journey/js/data/quests/tractate_moed.js"}
[MerkavaModule:done] {"key":"geelooy/games/scribe-journey/js/data/quests/tractate_moed.js","exports":["moedQuests"]}
[MerkavaModule:start] {"file":"/geelooy/games/scribe-journey/js/data/quests/side_stories.js","from":"geelooy/games/scribe-journey/js/data/quests.js","resolvedFile":"/geelooy/games/scribe-journey/js/data/quests/side_stories.js","key":"geelooy/games/scribe-journey/js/data/quests/side_stories.js"}
[MerkavaModule:start] {"file":"/geelooy/games/scribe-journey/js/data/quests/side_stories.js","from":"geelooy/games/scribe-journey/js/data/quests.js","resolvedFile":"/geelooy/games/scribe-journey/js/data/quests/side_stories.js","key":"geelooy/games/scribe-journey/js/data/quests/side_stories.js"}
[MerkavaModule:done] {"key":"geelooy/games/scribe-journey/js/data/quests/side_stories.js","exports":["sideQuests"]}
[MerkavaModule:start] {"file":"/geelooy/games/scribe-journey/js/data/quests/tractate_nashim.js","from":"geelooy/games/scribe-journey/js/data/quests.js","resolvedFile":"/geelooy/games/scribe-journey/js/data/quests/tractate_nashim.js","key":"geelooy/games/scribe-journey/js/data/quests/tractate_nashim.js"}
[MerkavaModule:start] {"file":"/geelooy/games/scribe-journey/js/data/quests/tractate_nashim.js","from":"geelooy/games/scribe-journey/js/data/quests.js","resolvedFile":"/geelooy/games/scribe-journey/js/data/quests/tractate_nashim.js","key":"geelooy/games/scribe-journey/js/data/quests/tractate_nashim.js"}
[MerkavaModule:done] {"key":"geelooy/games/scribe-journey/js/data/quests/tractate_nashim.js","exports":["nashimQuests"]}
[MerkavaModule:start] {"file":"/geelooy/games/scribe-journey/js/data/quests/tractate_kodashim.js","from":"geelooy/games/scribe-journey/js/data/quests.js","resolvedFile":"/geelooy/games/scribe-journey/js/data/quests/tractate_kodashim.js","key":"geelooy/games/scribe-journey/js/data/quests/tractate_kodashim.js"}
[MerkavaModule:start] {"file":"/geelooy/games/scribe-journey/js/data/quests/tractate_kodashim.js","from":"geelooy/games/scribe-journey/js/data/quests.js","resolvedFile":"/geelooy/games/scribe-journey/js/data/quests/tractate_kodashim.js","key":"geelooy/games/scribe-journey/js/data/quests/tractate_kodashim.js"}
[MerkavaModule:done] {"key":"geelooy/games/scribe-journey/js/data/quests/tractate_kodashim.js","exports":["kodashimQuests"]}
[MerkavaModule:start] {"file":"/geelooy/games/scribe-journey/js/data/quests/holiday_quests.js","from":"geelooy/games/scribe-journey/js/data/quests.js","resolvedFile":"/geelooy/games/scribe-journey/js/data/quests/holiday_quests.js","key":"geelooy/games/scribe-journey/js/data/quests/holiday_quests.js"}
[MerkavaModule:start] {"file":"/geelooy/games/scribe-journey/js/data/quests/holiday_quests.js","from":"geelooy/games/scribe-journey/js/data/quests.js","resolvedFile":"/geelooy/games/scribe-journey/js/data/quests/holiday_quests.js","key":"geelooy/games/scribe-journey/js/data/quests/holiday_quests.js"}
[MerkavaModule:done] {"key":"geelooy/games/scribe-journey/js/data/quests/holiday_quests.js","exports":["holidayQuests"]}
[MerkavaModule:start] {"file":"/geelooy/games/scribe-journey/js/data/quests/sechirut_quests.js","from":"geelooy/games/scribe-journey/js/data/quests.js","resolvedFile":"/geelooy/games/scribe-journey/js/data/quests/sechirut_quests.js","key":"geelooy/games/scribe-journey/js/data/quests/sechirut_quests.js"}
[MerkavaModule:start] {"file":"/geelooy/games/scribe-journey/js/data/quests/sechirut_quests.js","from":"geelooy/games/scribe-journey/js/data/quests.js","resolvedFile":"/geelooy/games/scribe-journey/js/data/quests/sechirut_quests.js","key":"geelooy/games/scribe-journey/js/data/quests/sechirut_quests.js"}
[MerkavaModule:done] {"key":"geelooy/games/scribe-journey/js/data/quests/sechirut_quests.js","exports":["sechirutQuests"]}
[MerkavaModule:start] {"file":"/geelooy/games/scribe-journey/js/data/quests/yud_tet_quests.js","from":"geelooy/games/scribe-journey/js/data/quests.js","resolvedFile":"/geelooy/games/scribe-journey/js/data/quests/yud_tet_quests.js","key":"geelooy/games/scribe-journey/js/data/quests/yud_tet_quests.js"}
[MerkavaModule:start] {"file":"/geelooy/games/scribe-journey/js/data/quests/yud_tet_quests.js","from":"geelooy/games/scribe-journey/js/data/quests.js","resolvedFile":"/geelooy/games/scribe-journey/js/data/quests/yud_tet_quests.js","key":"geelooy/games/scribe-journey/js/data/quests/yud_tet_quests.js"}
[MerkavaModule:done] {"key":"geelooy/games/scribe-journey/js/data/quests/yud_tet_quests.js","exports":["yudTetQuests"]}
[MerkavaModule:start] {"file":"/geelooy/games/scribe-journey/js/data/quests/daily.js","from":"geelooy/games/scribe-journey/js/data/quests.js","resolvedFile":"/geelooy/games/scribe-journey/js/data/quests/daily.js","key":"geelooy/games/scribe-journey/js/data/quests/daily.js"}
[MerkavaModule:start] {"file":"/geelooy/games/scribe-journey/js/data/quests/daily.js","from":"geelooy/games/scribe-journey/js/data/quests.js","resolvedFile":"/geelooy/games/scribe-journey/js/data/quests/daily.js","key":"geelooy/games/scribe-journey/js/data/quests/daily.js"}
[MerkavaModule:done] {"key":"geelooy/games/scribe-journey/js/data/quests/daily.js","exports":["generateDailyQuest"]}
[MerkavaModule:start] {"file":"/geelooy/games/scribe-journey/js/data/quests/maamar/matbea_quests.js","from":"geelooy/games/scribe-journey/js/data/quests.js","resolvedFile":"/geelooy/games/scribe-journey/js/data/quests/maamar/matbea_quests.js","key":"geelooy/games/scribe-journey/js/data/quests/maamar/matbea_quests.js"}
[MerkavaModule:start] {"file":"/geelooy/games/scribe-journey/js/data/quests/maamar/matbea_quests.js","from":"geelooy/games/scribe-journey/js/data/quests.js","resolvedFile":"/geelooy/games/scribe-journey/js/data/quests/maamar/matbea_quests.js","key":"geelooy/games/scribe-journey/js/data/quests/maamar/matbea_quests.js"}
[MerkavaModule:done] {"key":"geelooy/games/scribe-journey/js/data/quests/maamar/matbea_quests.js","exports":["matbeaQuests"]}
[MerkavaModule:start] {"file":"/geelooy/games/scribe-journey/js/data/quests/maamar/tvia_quests.js","from":"geelooy/games/scribe-journey/js/data/quests.js","resolvedFile":"/geelooy/games/scribe-journey/js/data/quests/maamar/tvia_quests.js","key":"geelooy/games/scribe-journey/js/data/quests/maamar/tvia_quests.js"}
[MerkavaModule:start] {"file":"/geelooy/games/scribe-journey/js/data/quests/maamar/tvia_quests.js","from":"geelooy/games/scribe-journey/js/data/quests.js","resolvedFile":"/geelooy/games/scribe-journey/js/data/quests/maamar/tvia_quests.js","key":"geelooy/games/scribe-journey/js/data/quests/maamar/tvia_quests.js"}
[MerkavaModule:done] {"key":"geelooy/games/scribe-journey/js/data/quests/maamar/tvia_quests.js","exports":["tviaQuests"]}
[MerkavaModule:start] {"file":"/geelooy/games/scribe-journey/js/data/quests/maamar/dibbur_quests.js","from":"geelooy/games/scribe-journey/js/data/quests.js","resolvedFile":"/geelooy/games/scribe-journey/js/data/quests/maamar/dibbur_quests.js","key":"geelooy/games/scribe-journey/js/data/quests/maamar/dibbur_quests.js"}
[MerkavaModule:start] {"file":"/geelooy/games/scribe-journey/js/data/quests/maamar/dibbur_quests.js","from":"geelooy/games/scribe-journey/js/data/quests.js","resolvedFile":"/geelooy/games/scribe-journey/js/data/quests/maamar/dibbur_quests.js","key":"geelooy/games/scribe-journey/js/data/quests/maamar/dibbur_quests.js"}
[MerkavaModule:done] {"key":"geelooy/games/scribe-journey/js/data/quests/maamar/dibbur_quests.js","exports":["dibburQuests"]}
[MerkavaModule:start] {"file":"/geelooy/games/scribe-journey/js/data/quests/maamar/ratzon_quests.js","from":"geelooy/games/scribe-journey/js/data/quests.js","resolvedFile":"/geelooy/games/scribe-journey/js/data/quests/maamar/ratzon_quests.js","key":"geelooy/games/scribe-journey/js/data/quests/maamar/ratzon_quests.js"}
[MerkavaModule:start] {"file":"/geelooy/games/scribe-journey/js/data/quests/maamar/ratzon_quests.js","from":"geelooy/games/scribe-journey/js/data/quests.js","resolvedFile":"/geelooy/games/scribe-journey/js/data/quests/maamar/ratzon_quests.js","key":"geelooy/games/scribe-journey/js/data/quests/maamar/ratzon_quests.js"}
[MerkavaModule:done] {"key":"geelooy/games/scribe-journey/js/data/quests/maamar/ratzon_quests.js","exports":["ratzonQuests"]}
[MerkavaModule:start] {"file":"/geelooy/games/scribe-journey/js/data/quests/tanya.js","from":"geelooy/games/scribe-journey/js/data/quests.js","resolvedFile":"/geelooy/games/scribe-journey/js/data/quests/tanya.js","key":"geelooy/games/scribe-journey/js/data/quests/tanya.js"}
[MerkavaModule:start] {"file":"/geelooy/games/scribe-journey/js/data/quests/tanya.js","from":"geelooy/games/scribe-journey/js/data/quests.js","resolvedFile":"/geelooy/games/scribe-journey/js/data/quests/tanya.js","key":"geelooy/games/scribe-journey/js/data/quests/tanya.js"}
[MerkavaModule:done] {"key":"geelooy/games/scribe-journey/js/data/quests/tanya.js","exports":["tanyaQuests"]}
[MerkavaModule:start] {"file":"/geelooy/games/scribe-journey/js/data/quests/tribes.js","from":"geelooy/games/scribe-journey/js/data/quests.js","resolvedFile":"/geelooy/games/scribe-journey/js/data/quests/tribes.js","key":"geelooy/games/scribe-journey/js/data/quests/tribes.js"}
[MerkavaModule:start] {"file":"/geelooy/games/scribe-journey/js/data/quests/tribes.js","from":"geelooy/games/scribe-journey/js/data/quests.js","resolvedFile":"/geelooy/games/scribe-journey/js/data/quests/tribes.js","key":"geelooy/games/scribe-journey/js/data/quests/tribes.js"}
[MerkavaModule:done] {"key":"geelooy/games/scribe-journey/js/data/quests/tribes.js","exports":["tribeQuests"]}
[MerkavaModule:start] {"file":"/geelooy/games/scribe-journey/js/data/quests/gan_eden_quests.js","from":"geelooy/games/scribe-journey/js/data/quests.js","resolvedFile":"/geelooy/games/scribe-journey/js/data/quests/gan_eden_quests.js","key":"geelooy/games/scribe-journey/js/data/quests/gan_eden_quests.js"}
[MerkavaModule:start] {"file":"/geelooy/games/scribe-journey/js/data/quests/gan_eden_quests.js","from":"geelooy/games/scribe-journey/js/data/quests.js","resolvedFile":"/geelooy/games/scribe-journey/js/data/quests/gan_eden_quests.js","key":"geelooy/games/scribe-journey/js/data/quests/gan_eden_quests.js"}
[MerkavaModule:done] {"key":"geelooy/games/scribe-journey/js/data/quests/gan_eden_quests.js","exports":["ganEdenQuests"]}
[MerkavaModule:start] {"file":"/geelooy/games/scribe-journey/js/data/quests/expansion_quests.js","from":"geelooy/games/scribe-journey/js/data/quests.js","resolvedFile":"/geelooy/games/scribe-journey/js/data/quests/expansion_quests.js","key":"geelooy/games/scribe-journey/js/data/quests/expansion_quests.js"}
[MerkavaModule:start] {"file":"/geelooy/games/scribe-journey/js/data/quests/expansion_quests.js","from":"geelooy/games/scribe-journey/js/data/quests.js","resolvedFile":"/geelooy/games/scribe-journey/js/data/quests/expansion_quests.js","key":"geelooy/games/scribe-journey/js/data/quests/expansion_quests.js"}
[MerkavaModule:done] {"key":"geelooy/games/scribe-journey/js/data/quests/expansion_quests.js","exports":["expansionQuests"]}
[MerkavaModule:start] {"file":"/geelooy/games/scribe-journey/js/data/quests/shlichus_campaigns.js","from":"geelooy/games/scribe-journey/js/data/quests.js","resolvedFile":"/geelooy/games/scribe-journey/js/data/quests/shlichus_campaigns.js","key":"geelooy/games/scribe-journey/js/data/quests/shlichus_campaigns.js"}
[MerkavaModule:start] {"file":"/geelooy/games/scribe-journey/js/data/quests/shlichus_campaigns.js","from":"geelooy/games/scribe-journey/js/data/quests.js","resolvedFile":"/geelooy/games/scribe-journey/js/data/quests/shlichus_campaigns.js","key":"geelooy/games/scribe-journey/js/data/quests/shlichus_campaigns.js"}
[MerkavaModule:done] {"key":"geelooy/games/scribe-journey/js/data/quests/shlichus_campaigns.js","exports":["shlichusCampaignQuests"]}
[MerkavaModule:done] {"key":"geelooy/games/scribe-journey/js/data/quests.js","exports":["quests"]}
[MerkavaModule:done] {"key":"geelooy/games/scribe-journey/js/data/database.js","exports":["TILE_SIZE","PLAYER_SPEED","formatMoney","createDefaultGameState"]}
[MerkavaModule:start] {"file":"/geelooy/games/scribe-journey/js/rendering/tileVisualResolver.js","from":"geelooy/games/scribe-journey/js/render.js","resolvedFile":"/geelooy/games/scribe-journey/js/rendering/tileVisualResolver.js","key":"geelooy/games/scribe-journey/js/rendering/tileVisualResolver.js"}
[MerkavaModule:start] {"file":"/geelooy/games/scribe-journey/js/rendering/tileVisualResolver.js","from":"geelooy/games/scribe-journey/js/render.js","resolvedFile":"/geelooy/games/scribe-journey/js/rendering/tileVisualResolver.js","key":"geelooy/games/scribe-journey/js/rendering/tileVisualResolver.js"}
[MerkavaModule:done] {"key":"geelooy/games/scribe-journey/js/rendering/tileVisualResolver.js","exports":["resolveTileVisual"]}
[MerkavaModule:done] {"key":"geelooy/games/scribe-journey/js/render.js","exports":["addParticle","updateParticles","updateTimeVisuals","renderGameState","triggerShake"]}
[MerkavaModule:start] {"file":"/geelooy/games/scribe-journey/js/ui/renderers.js","from":"geelooy/games/scribe-journey/js/ui.js","resolvedFile":"/geelooy/games/scribe-journey/js/ui/renderers.js","key":"geelooy/games/scribe-journey/js/ui/renderers.js"}
[MerkavaModule:start] {"file":"/geelooy/games/scribe-journey/js/ui/renderers.js","from":"geelooy/games/scribe-journey/js/ui.js","resolvedFile":"/geelooy/games/scribe-journey/js/ui/renderers.js","key":"geelooy/games/scribe-journey/js/ui/renderers.js"}
[MerkavaModule:done] {"key":"geelooy/games/scribe-journey/js/ui/renderers.js","exports":["renderInventory","renderGates37","renderQuestLog"]}
[MerkavaModule:done] {"key":"geelooy/games/scribe-journey/js/ui.js","exports":["initUI"]}
[MerkavaModule:start] {"file":"/geelooy/games/scribe-journey/js/workers/gameWorker.js","from":"geelooy/games/scribe-journey/js/main.js","resolvedFile":"/geelooy/games/scribe-journey/js/workers/gameWorker.js","key":"geelooy/games/scribe-journey/js/workers/gameWorker.js"}
[MerkavaModule:start] {"file":"/geelooy/games/scribe-journey/js/workers/gameWorker.js","from":"geelooy/games/scribe-journey/js/main.js","resolvedFile":"/geelooy/games/scribe-journey/js/workers/gameWorker.js","key":"geelooy/games/scribe-journey/js/workers/gameWorker.js"}
[MerkavaModule:start] {"file":"/geelooy/games/scribe-journey/js/data/maps.js","from":"geelooy/games/scribe-journey/js/workers/gameWorker.js","resolvedFile":"/geelooy/games/scribe-journey/js/data/maps.js","key":"geelooy/games/scribe-journey/js/data/maps.js"}
[MerkavaModule:start] {"file":"/geelooy/games/scribe-journey/js/data/maps.js","from":"geelooy/games/scribe-journey/js/workers/gameWorker.js","resolvedFile":"/geelooy/games/scribe-journey/js/data/maps.js","key":"geelooy/games/scribe-journey/js/data/maps.js"}
[MerkavaModule:start] {"file":"/geelooy/games/scribe-journey/js/data/maps/malkuth_main.js","from":"geelooy/games/scribe-journey/js/data/maps.js","resolvedFile":"/geelooy/games/scribe-journey/js/data/maps/malkuth_main.js","key":"geelooy/games/scribe-journey/js/data/maps/malkuth_main.js"}
[MerkavaModule:start] {"file":"/geelooy/games/scribe-journey/js/data/maps/malkuth_main.js","from":"geelooy/games/scribe-journey/js/data/maps.js","resolvedFile":"/geelooy/games/scribe-journey/js/data/maps/malkuth_main.js","key":"geelooy/games/scribe-journey/js/data/maps/malkuth_main.js"}
[MerkavaModule:done] {"key":"geelooy/games/scribe-journey/js/data/maps/malkuth_main.js","exports":["malkuthMainMaps"]}
[MerkavaModule:start] {"file":"/geelooy/games/scribe-journey/js/data/maps/malkuth_interiors.js","from":"geelooy/games/scribe-journey/js/data/maps.js","resolvedFile":"/geelooy/games/scribe-journey/js/data/maps/malkuth_interiors.js","key":"geelooy/games/scribe-journey/js/data/maps/malkuth_interiors.js"}
[MerkavaModule:start] {"file":"/geelooy/games/scribe-journey/js/data/maps/malkuth_interiors.js","from":"geelooy/games/scribe-journey/js/data/maps.js","resolvedFile":"/geelooy/games/scribe-journey/js/data/maps/malkuth_interiors.js","key":"geelooy/games/scribe-journey/js/data/maps/malkuth_interiors.js"}
[MerkavaModule:done] {"key":"geelooy/games/scribe-journey/js/data/maps/malkuth_interiors.js","exports":["malkuthInteriorMaps"]}
[MerkavaModule:start] {"file":"/geelooy/games/scribe-journey/js/data/maps/netzach_wilds.js","from":"geelooy/games/scribe-journey/js/data/maps.js","resolvedFile":"/geelooy/games/scribe-journey/js/data/maps/netzach_wilds.js","key":"geelooy/games/scribe-journey/js/data/maps/netzach_wilds.js"}
[MerkavaModule:start] {"file":"/geelooy/games/scribe-journey/js/data/maps/netzach_wilds.js","from":"geelooy/games/scribe-journey/js/data/maps.js","resolvedFile":"/geelooy/games/scribe-journey/js/data/maps/netzach_wilds.js","key":"geelooy/games/scribe-journey/js/data/maps/netzach_wilds.js"}
[MerkavaModule:done] {"key":"geelooy/games/scribe-journey/js/data/maps/netzach_wilds.js","exports":["netzachWildsMaps"]}
[MerkavaModule:start] {"file":"/geelooy/games/scribe-journey/js/data/maps/hod_academy.js","from":"geelooy/games/scribe-journey/js/data/maps.js","resolvedFile":"/geelooy/games/scribe-journey/js/data/maps/hod_academy.js","key":"geelooy/games/scribe-journey/js/data/maps/hod_academy.js"}
[MerkavaModule:start] {"file":"/geelooy/games/scribe-journey/js/data/maps/hod_academy.js","from":"geelooy/games/scribe-journey/js/data/maps.js","resolvedFile":"/geelooy/games/scribe-journey/js/data/maps/hod_academy.js","key":"geelooy/games/scribe-journey/js/data/maps/hod_academy.js"}
[MerkavaModule:done] {"key":"geelooy/games/scribe-journey/js/data/maps/hod_academy.js","exports":["hodAcademyMaps"]}
[MerkavaModule:start] {"file":"/geelooy/games/scribe-journey/js/data/maps/caverns.js","from":"geelooy/games/scribe-journey/js/data/maps.js","resolvedFile":"/geelooy/games/scribe-journey/js/data/maps/caverns.js","key":"geelooy/games/scribe-journey/js/data/maps/caverns.js"}
[MerkavaModule:start] {"file":"/geelooy/games/scribe-journey/js/data/maps/caverns.js","from":"geelooy/games/scribe-journey/js/data/maps.js","resolvedFile":"/geelooy/games/scribe-journey/js/data/maps/caverns.js","key":"geelooy/games/scribe-journey/js/data/maps/caverns.js"}
[MerkavaModule:done] {"key":"geelooy/games/scribe-journey/js/data/maps/caverns.js","exports":["cavernMaps"]}
[MerkavaModule:start] {"file":"/geelooy/games/scribe-journey/js/data/maps/sefiros.js","from":"geelooy/games/scribe-journey/js/data/maps.js","resolvedFile":"/geelooy/games/scribe-journey/js/data/maps/sefiros.js","key":"geelooy/games/scribe-journey/js/data/maps/sefiros.js"}
[MerkavaModule:start] {"file":"/geelooy/games/scribe-journey/js/data/maps/sefiros.js","from":"geelooy/games/scribe-journey/js/data/maps.js","resolvedFile":"/geelooy/games/scribe-journey/js/data/maps/sefiros.js","key":"geelooy/games/scribe-journey/js/data/maps/sefiros.js"}
[MerkavaModule:done] {"key":"geelooy/games/scribe-journey/js/data/maps/sefiros.js","exports":["sefirotMaps"]}
[MerkavaModule:start] {"file":"/geelooy/games/scribe-journey/js/data/maps/gevurah_fortress.js","from":"geelooy/games/scribe-journey/js/data/maps.js","resolvedFile":"/geelooy/games/scribe-journey/js/data/maps/gevurah_fortress.js","key":"geelooy/games/scribe-journey/js/data/maps/gevurah_fortress.js"}
[MerkavaModule:start] {"file":"/geelooy/games/scribe-journey/js/data/maps/gevurah_fortress.js","from":"geelooy/games/scribe-journey/js/data/maps.js","resolvedFile":"/geelooy/games/scribe-journey/js/data/maps/gevurah_fortress.js","key":"geelooy/games/scribe-journey/js/data/maps/gevurah_fortress.js"}
[MerkavaModule:done] {"key":"geelooy/games/scribe-journey/js/data/maps/gevurah_fortress.js","exports":["gevurahMaps"]}
[MerkavaModule:start] {"file":"/geelooy/games/scribe-journey/js/data/maps/chesed_ocean.js","from":"geelooy/games/scribe-journey/js/data/maps.js","resolvedFile":"/geelooy/games/scribe-journey/js/data/maps/chesed_ocean.js","key":"geelooy/games/scribe-journey/js/data/maps/chesed_ocean.js"}
[MerkavaModule:start] {"file":"/geelooy/games/scribe-journey/js/data/maps/chesed_ocean.js","from":"geelooy/games/scribe-journey/js/data/maps.js","resolvedFile":"/geelooy/games/scribe-journey/js/data/maps/chesed_ocean.js","key":"geelooy/games/scribe-journey/js/data/maps/chesed_ocean.js"}
[MerkavaModule:done] {"key":"geelooy/games/scribe-journey/js/data/maps/chesed_ocean.js","exports":["chesedMaps"]}
[MerkavaModule:start] {"file":"/geelooy/games/scribe-journey/js/data/maps/binah_palace.js","from":"geelooy/games/scribe-journey/js/data/maps.js","resolvedFile":"/geelooy/games/scribe-journey/js/data/maps/binah_palace.js","key":"geelooy/games/scribe-journey/js/data/maps/binah_palace.js"}
[MerkavaModule:start] {"file":"/geelooy/games/scribe-journey/js/data/maps/binah_palace.js","from":"geelooy/games/scribe-journey/js/data/maps.js","resolvedFile":"/geelooy/games/scribe-journey/js/data/maps/binah_palace.js","key":"geelooy/games/scribe-journey/js/data/maps/binah_palace.js"}
[MerkavaModule:done] {"key":"geelooy/games/scribe-journey/js/data/maps/binah_palace.js","exports":["binahMaps"]}
[MerkavaModule:start] {"file":"/geelooy/games/scribe-journey/js/data/maps/qliphoth_depths.js","from":"geelooy/games/scribe-journey/js/data/maps.js","resolvedFile":"/geelooy/games/scribe-journey/js/data/maps/qliphoth_depths.js","key":"geelooy/games/scribe-journey/js/data/maps/qliphoth_depths.js"}
[MerkavaModule:start] {"file":"/geelooy/games/scribe-journey/js/data/maps/qliphoth_depths.js","from":"geelooy/games/scribe-journey/js/data/maps.js","resolvedFile":"/geelooy/games/scribe-journey/js/data/maps/qliphoth_depths.js","key":"geelooy/games/scribe-journey/js/data/maps/qliphoth_depths.js"}
[MerkavaModule:done] {"key":"geelooy/games/scribe-journey/js/data/maps/qliphoth_depths.js","exports":["qliphothMaps"]}
[MerkavaModule:start] {"file":"/geelooy/games/scribe-journey/js/data/maps/keter.js","from":"geelooy/games/scribe-journey/js/data/maps.js","resolvedFile":"/geelooy/games/scribe-journey/js/data/maps/keter.js","key":"geelooy/games/scribe-journey/js/data/maps/keter.js"}
[MerkavaModule:start] {"file":"/geelooy/games/scribe-journey/js/data/maps/keter.js","from":"geelooy/games/scribe-journey/js/data/maps.js","resolvedFile":"/geelooy/games/scribe-journey/js/data/maps/keter.js","key":"geelooy/games/scribe-journey/js/data/maps/keter.js"}
[MerkavaModule:done] {"key":"geelooy/games/scribe-journey/js/data/maps/keter.js","exports":["keterMaps"]}
[MerkavaModule:start] {"file":"/geelooy/games/scribe-journey/js/data/maps/chanukah/caves.js","from":"geelooy/games/scribe-journey/js/data/maps.js","resolvedFile":"/geelooy/games/scribe-journey/js/data/maps/chanukah/caves.js","key":"geelooy/games/scribe-journey/js/data/maps/chanukah/caves.js"}
[MerkavaModule:start] {"file":"/geelooy/games/scribe-journey/js/data/maps/chanukah/caves.js","from":"geelooy/games/scribe-journey/js/data/maps.js","resolvedFile":"/geelooy/games/scribe-journey/js/data/maps/chanukah/caves.js","key":"geelooy/games/scribe-journey/js/data/maps/chanukah/caves.js"}
[MerkavaModule:done] {"key":"geelooy/games/scribe-journey/js/data/maps/chanukah/caves.js","exports":["chanukahCaveMaps"]}
[MerkavaModule:start] {"file":"/geelooy/games/scribe-journey/js/data/maps/chanukah/citadel.js","from":"geelooy/games/scribe-journey/js/data/maps.js","resolvedFile":"/geelooy/games/scribe-journey/js/data/maps/chanukah/citadel.js","key":"geelooy/games/scribe-journey/js/data/maps/chanukah/citadel.js"}
[MerkavaModule:start] {"file":"/geelooy/games/scribe-journey/js/data/maps/chanukah/citadel.js","from":"geelooy/games/scribe-journey/js/data/maps.js","resolvedFile":"/geelooy/games/scribe-journey/js/data/maps/chanukah/citadel.js","key":"geelooy/games/scribe-journey/js/data/maps/chanukah/citadel.js"}
[MerkavaModule:done] {"key":"geelooy/games/scribe-journey/js/data/maps/chanukah/citadel.js","exports":["chanukahCitadelMaps"]}
[MerkavaModule:start] {"file":"/geelooy/games/scribe-journey/js/data/maps/sechirut.js","from":"geelooy/games/scribe-journey/js/data/maps.js","resolvedFile":"/geelooy/games/scribe-journey/js/data/maps/sechirut.js","key":"geelooy/games/scribe-journey/js/data/maps/sechirut.js"}
[MerkavaModule:start] {"file":"/geelooy/games/scribe-journey/js/data/maps/sechirut.js","from":"geelooy/games/scribe-journey/js/data/maps.js","resolvedFile":"/geelooy/games/scribe-journey/js/data/maps/sechirut.js","key":"geelooy/games/scribe-journey/js/data/maps/sechirut.js"}
[MerkavaModule:done] {"key":"geelooy/games/scribe-journey/js/data/maps/sechirut.js","exports":["sechirutMaps"]}
[MerkavaModule:start] {"file":"/geelooy/games/scribe-journey/js/data/maps/maamar/hub.js","from":"geelooy/games/scribe-journey/js/data/maps.js","resolvedFile":"/geelooy/games/scribe-journey/js/data/maps/maamar/hub.js","key":"geelooy/games/scribe-journey/js/data/maps/maamar/hub.js"}
[MerkavaModule:start] {"file":"/geelooy/games/scribe-journey/js/data/maps/maamar/hub.js","from":"geelooy/games/scribe-journey/js/data/maps.js","resolvedFile":"/geelooy/games/scribe-journey/js/data/maps/maamar/hub.js","key":"geelooy/games/scribe-journey/js/data/maps/maamar/hub.js"}
[MerkavaModule:done] {"key":"geelooy/games/scribe-journey/js/data/maps/maamar/hub.js","exports":["maamarHub"]}
[MerkavaModule:start] {"file":"/geelooy/games/scribe-journey/js/data/maps/maamar/matbea.js","from":"geelooy/games/scribe-journey/js/data/maps.js","resolvedFile":"/geelooy/games/scribe-journey/js/data/maps/maamar/matbea.js","key":"geelooy/games/scribe-journey/js/data/maps/maamar/matbea.js"}
[MerkavaModule:start] {"file":"/geelooy/games/scribe-journey/js/data/maps/maamar/matbea.js","from":"geelooy/games/scribe-journey/js/data/maps.js","resolvedFile":"/geelooy/games/scribe-journey/js/data/maps/maamar/matbea.js","key":"geelooy/games/scribe-journey/js/data/maps/maamar/matbea.js"}
[MerkavaModule:done] {"key":"geelooy/games/scribe-journey/js/data/maps/maamar/matbea.js","exports":["matbeaMaps"]}
[MerkavaModule:start] {"file":"/geelooy/games/scribe-journey/js/data/maps/maamar/tvia.js","from":"geelooy/games/scribe-journey/js/data/maps.js","resolvedFile":"/geelooy/games/scribe-journey/js/data/maps/maamar/tvia.js","key":"geelooy/games/scribe-journey/js/data/maps/maamar/tvia.js"}
[MerkavaModule:start] {"file":"/geelooy/games/scribe-journey/js/data/maps/maamar/tvia.js","from":"geelooy/games/scribe-journey/js/data/maps.js","resolvedFile":"/geelooy/games/scribe-journey/js/data/maps/maamar/tvia.js","key":"geelooy/games/scribe-journey/js/data/maps/maamar/tvia.js"}
[MerkavaModule:done] {"key":"geelooy/games/scribe-journey/js/data/maps/maamar/tvia.js","exports":["tviaMaps"]}
[MerkavaModule:start] {"file":"/geelooy/games/scribe-journey/js/data/maps/maamar/dibbur.js","from":"geelooy/games/scribe-journey/js/data/maps.js","resolvedFile":"/geelooy/games/scribe-journey/js/data/maps/maamar/dibbur.js","key":"geelooy/games/scribe-journey/js/data/maps/maamar/dibbur.js"}
[MerkavaModule:start] {"file":"/geelooy/games/scribe-journey/js/data/maps/maamar/dibbur.js","from":"geelooy/games/scribe-journey/js/data/maps.js","resolvedFile":"/geelooy/games/scribe-journey/js/data/maps/maamar/dibbur.js","key":"geelooy/games/scribe-journey/js/data/maps/maamar/dibbur.js"}
[MerkavaModule:done] {"key":"geelooy/games/scribe-journey/js/data/maps/maamar/dibbur.js","exports":["dibburMaps"]}
[MerkavaModule:start] {"file":"/geelooy/games/scribe-journey/js/data/maps/maamar/ratzon.js","from":"geelooy/games/scribe-journey/js/data/maps.js","resolvedFile":"/geelooy/games/scribe-journey/js/data/maps/maamar/ratzon.js","key":"geelooy/games/scribe-journey/js/data/maps/maamar/ratzon.js"}
[MerkavaModule:start] {"file":"/geelooy/games/scribe-journey/js/data/maps/maamar/ratzon.js","from":"geelooy/games/scribe-journey/js/data/maps.js","resolvedFile":"/geelooy/games/scribe-journey/js/data/maps/maamar/ratzon.js","key":"geelooy/games/scribe-journey/js/data/maps/maamar/ratzon.js"}
[MerkavaModule:done] {"key":"geelooy/games/scribe-journey/js/data/maps/maamar/ratzon.js","exports":["ratzonMaps"]}
[MerkavaModule:start] {"file":"/geelooy/games/scribe-journey/js/data/maps/tanya/hub.js","from":"geelooy/games/scribe-journey/js/data/maps.js","resolvedFile":"/geelooy/games/scribe-journey/js/data/maps/tanya/hub.js","key":"geelooy/games/scribe-journey/js/data/maps/tanya/hub.js"}
[MerkavaModule:start] {"file":"/geelooy/games/scribe-journey/js/data/maps/tanya/hub.js","from":"geelooy/games/scribe-journey/js/data/maps.js","resolvedFile":"/geelooy/games/scribe-journey/js/data/maps/tanya/hub.js","key":"geelooy/games/scribe-journey/js/data/maps/tanya/hub.js"}
[MerkavaModule:done] {"key":"geelooy/games/scribe-journey/js/data/maps/tanya/hub.js","exports":["tanyaHubMaps"]}
[MerkavaModule:start] {"file":"/geelooy/games/scribe-journey/js/data/maps/tanya/kelipah.js","from":"geelooy/games/scribe-journey/js/data/maps.js","resolvedFile":"/geelooy/games/scribe-journey/js/data/maps/tanya/kelipah.js","key":"geelooy/games/scribe-journey/js/data/maps/tanya/kelipah.js"}
[MerkavaModule:start] {"file":"/geelooy/games/scribe-journey/js/data/maps/tanya/kelipah.js","from":"geelooy/games/scribe-journey/js/data/maps.js","resolvedFile":"/geelooy/games/scribe-journey/js/data/maps/tanya/kelipah.js","key":"geelooy/games/scribe-journey/js/data/maps/tanya/kelipah.js"}
[MerkavaModule:done] {"key":"geelooy/games/scribe-journey/js/data/maps/tanya/kelipah.js","exports":["tanyaKelipahMaps"]}
[MerkavaModule:start] {"file":"/geelooy/games/scribe-journey/js/data/maps/tanya/kedushah.js","from":"geelooy/games/scribe-journey/js/data/maps.js","resolvedFile":"/geelooy/games/scribe-journey/js/data/maps/tanya/kedushah.js","key":"geelooy/games/scribe-journey/js/data/maps/tanya/kedushah.js"}
[MerkavaModule:start] {"file":"/geelooy/games/scribe-journey/js/data/maps/tanya/kedushah.js","from":"geelooy/games/scribe-journey/js/data/maps.js","resolvedFile":"/geelooy/games/scribe-journey/js/data/maps/tanya/kedushah.js","key":"geelooy/games/scribe-journey/js/data/maps/tanya/kedushah.js"}
[MerkavaModule:done] {"key":"geelooy/games/scribe-journey/js/data/maps/tanya/kedushah.js","exports":["tanyaKedushahMaps"]}
[MerkavaModule:start] {"file":"/geelooy/games/scribe-journey/js/data/maps/tribes/camp_hub.js","from":"geelooy/games/scribe-journey/js/data/maps.js","resolvedFile":"/geelooy/games/scribe-journey/js/data/maps/tribes/camp_hub.js","key":"geelooy/games/scribe-journey/js/data/maps/tribes/camp_hub.js"}
[MerkavaModule:start] {"file":"/geelooy/games/scribe-journey/js/data/maps/tribes/camp_hub.js","from":"geelooy/games/scribe-journey/js/data/maps.js","resolvedFile":"/geelooy/games/scribe-journey/js/data/maps/tribes/camp_hub.js","key":"geelooy/games/scribe-journey/js/data/maps/tribes/camp_hub.js"}
[MerkavaModule:done] {"key":"geelooy/games/scribe-journey/js/data/maps/tribes/camp_hub.js","exports":["tribesHubMaps"]}
[MerkavaModule:start] {"file":"/geelooy/games/scribe-journey/js/data/maps/tribes/judah_camp.js","from":"geelooy/games/scribe-journey/js/data/maps.js","resolvedFile":"/geelooy/games/scribe-journey/js/data/maps/tribes/judah_camp.js","key":"geelooy/games/scribe-journey/js/data/maps/tribes/judah_camp.js"}
[MerkavaModule:start] {"file":"/geelooy/games/scribe-journey/js/data/maps/tribes/judah_camp.js","from":"geelooy/games/scribe-journey/js/data/maps.js","resolvedFile":"/geelooy/games/scribe-journey/js/data/maps/tribes/judah_camp.js","key":"geelooy/games/scribe-journey/js/data/maps/tribes/judah_camp.js"}
[MerkavaModule:done] {"key":"geelooy/games/scribe-journey/js/data/maps/tribes/judah_camp.js","exports":["judahCampMaps"]}
[MerkavaModule:start] {"file":"/geelooy/games/scribe-journey/js/data/maps/tribes/dan_camp.js","from":"geelooy/games/scribe-journey/js/data/maps.js","resolvedFile":"/geelooy/games/scribe-journey/js/data/maps/tribes/dan_camp.js","key":"geelooy/games/scribe-journey/js/data/maps/tribes/dan_camp.js"}
[MerkavaModule:start] {"file":"/geelooy/games/scribe-journey/js/data/maps/tribes/dan_camp.js","from":"geelooy/games/scribe-journey/js/data/maps.js","resolvedFile":"/geelooy/games/scribe-journey/js/data/maps/tribes/dan_camp.js","key":"geelooy/games/scribe-journey/js/data/maps/tribes/dan_camp.js"}
[MerkavaModule:done] {"key":"geelooy/games/scribe-journey/js/data/maps/tribes/dan_camp.js","exports":["danCampMaps"]}
[MerkavaModule:start] {"file":"/geelooy/games/scribe-journey/js/data/maps/crown_heights.js","from":"geelooy/games/scribe-journey/js/data/maps.js","resolvedFile":"/geelooy/games/scribe-journey/js/data/maps/crown_heights.js","key":"geelooy/games/scribe-journey/js/data/maps/crown_heights.js"}
[MerkavaModule:start] {"file":"/geelooy/games/scribe-journey/js/data/maps/crown_heights.js","from":"geelooy/games/scribe-journey/js/data/maps.js","resolvedFile":"/geelooy/games/scribe-journey/js/data/maps/crown_heights.js","key":"geelooy/games/scribe-journey/js/data/maps/crown_heights.js"}
[MerkavaModule:done] {"key":"geelooy/games/scribe-journey/js/data/maps/crown_heights.js","exports":["crownHeightsMaps"]}
[MerkavaModule:start] {"file":"/geelooy/games/scribe-journey/js/data/maps/binah_50_gates.js","from":"geelooy/games/scribe-journey/js/data/maps.js","resolvedFile":"/geelooy/games/scribe-journey/js/data/maps/binah_50_gates.js","key":"geelooy/games/scribe-journey/js/data/maps/binah_50_gates.js"}
[MerkavaModule:start] {"file":"/geelooy/games/scribe-journey/js/data/maps/binah_50_gates.js","from":"geelooy/games/scribe-journey/js/data/maps.js","resolvedFile":"/geelooy/games/scribe-journey/js/data/maps/binah_50_gates.js","key":"geelooy/games/scribe-journey/js/data/maps/binah_50_gates.js"}
[MerkavaModule:done] {"key":"geelooy/games/scribe-journey/js/data/maps/binah_50_gates.js","exports":["binahGatesMaps"]}
[MerkavaModule:start] {"file":"/geelooy/games/scribe-journey/js/data/maps/seven_seventy.js","from":"geelooy/games/scribe-journey/js/data/maps.js","resolvedFile":"/geelooy/games/scribe-journey/js/data/maps/seven_seventy.js","key":"geelooy/games/scribe-journey/js/data/maps/seven_seventy.js"}
[MerkavaModule:start] {"file":"/geelooy/games/scribe-journey/js/data/maps/seven_seventy.js","from":"geelooy/games/scribe-journey/js/data/maps.js","resolvedFile":"/geelooy/games/scribe-journey/js/data/maps/seven_seventy.js","key":"geelooy/games/scribe-journey/js/data/maps/seven_seventy.js"}
[MerkavaModule:done] {"key":"geelooy/games/scribe-journey/js/data/maps/seven_seventy.js","exports":["sevenSeventyMaps"]}
[MerkavaModule:start] {"file":"/geelooy/games/scribe-journey/js/data/maps/gan_eden.js","from":"geelooy/games/scribe-journey/js/data/maps.js","resolvedFile":"/geelooy/games/scribe-journey/js/data/maps/gan_eden.js","key":"geelooy/games/scribe-journey/js/data/maps/gan_eden.js"}
[MerkavaModule:start] {"file":"/geelooy/games/scribe-journey/js/data/maps/gan_eden.js","from":"geelooy/games/scribe-journey/js/data/maps.js","resolvedFile":"/geelooy/games/scribe-journey/js/data/maps/gan_eden.js","key":"geelooy/games/scribe-journey/js/data/maps/gan_eden.js"}
[MerkavaModule:done] {"key":"geelooy/games/scribe-journey/js/data/maps/gan_eden.js","exports":["ganEdenMaps"]}
[MerkavaModule:start] {"file":"/geelooy/games/scribe-journey/js/data/maps/gehinnom.js","from":"geelooy/games/scribe-journey/js/data/maps.js","resolvedFile":"/geelooy/games/scribe-journey/js/data/maps/gehinnom.js","key":"geelooy/games/scribe-journey/js/data/maps/gehinnom.js"}
[MerkavaModule:start] {"file":"/geelooy/games/scribe-journey/js/data/maps/gehinnom.js","from":"geelooy/games/scribe-journey/js/data/maps.js","resolvedFile":"/geelooy/games/scribe-journey/js/data/maps/gehinnom.js","key":"geelooy/games/scribe-journey/js/data/maps/gehinnom.js"}
[MerkavaModule:done] {"key":"geelooy/games/scribe-journey/js/data/maps/gehinnom.js","exports":["gehinnomMaps"]}
[MerkavaModule:start] {"file":"/geelooy/games/scribe-journey/js/data/maps/expansion_maps.js","from":"geelooy/games/scribe-journey/js/data/maps.js","resolvedFile":"/geelooy/games/scribe-journey/js/data/maps/expansion_maps.js","key":"geelooy/games/scribe-journey/js/data/maps/expansion_maps.js"}
[MerkavaModule:start] {"file":"/geelooy/games/scribe-journey/js/data/maps/expansion_maps.js","from":"geelooy/games/scribe-journey/js/data/maps.js","resolvedFile":"/geelooy/games/scribe-journey/js/data/maps/expansion_maps.js","key":"geelooy/games/scribe-journey/js/data/maps/expansion_maps.js"}
[MerkavaModule:done] {"key":"geelooy/games/scribe-journey/js/data/maps/expansion_maps.js","exports":["expansionMaps"]}
[MerkavaModule:start] {"file":"/geelooy/games/scribe-journey/js/data/maps/midbar.js","from":"geelooy/games/scribe-journey/js/data/maps.js","resolvedFile":"/geelooy/games/scribe-journey/js/data/maps/midbar.js","key":"geelooy/games/scribe-journey/js/data/maps/midbar.js"}
[MerkavaModule:start] {"file":"/geelooy/games/scribe-journey/js/data/maps/midbar.js","from":"geelooy/games/scribe-journey/js/data/maps.js","resolvedFile":"/geelooy/games/scribe-journey/js/data/maps/midbar.js","key":"geelooy/games/scribe-journey/js/data/maps/midbar.js"}
[MerkavaModule:done] {"key":"geelooy/games/scribe-journey/js/data/maps/midbar.js","exports":["midbarMaps"]}
[MerkavaModule:start] {"file":"/geelooy/games/scribe-journey/js/data/maps/kotel.js","from":"geelooy/games/scribe-journey/js/data/maps.js","resolvedFile":"/geelooy/games/scribe-journey/js/data/maps/kotel.js","key":"geelooy/games/scribe-journey/js/data/maps/kotel.js"}
[MerkavaModule:start] {"file":"/geelooy/games/scribe-journey/js/data/maps/kotel.js","from":"geelooy/games/scribe-journey/js/data/maps.js","resolvedFile":"/geelooy/games/scribe-journey/js/data/maps/kotel.js","key":"geelooy/games/scribe-journey/js/data/maps/kotel.js"}
[MerkavaModule:done] {"key":"geelooy/games/scribe-journey/js/data/maps/kotel.js","exports":["kotelMaps"]}
[MerkavaModule:start] {"file":"/geelooy/games/scribe-journey/js/data/maps/babel.js","from":"geelooy/games/scribe-journey/js/data/maps.js","resolvedFile":"/geelooy/games/scribe-journey/js/data/maps/babel.js","key":"geelooy/games/scribe-journey/js/data/maps/babel.js"}
[MerkavaModule:start] {"file":"/geelooy/games/scribe-journey/js/data/maps/babel.js","from":"geelooy/games/scribe-journey/js/data/maps.js","resolvedFile":"/geelooy/games/scribe-journey/js/data/maps/babel.js","key":"geelooy/games/scribe-journey/js/data/maps/babel.js"}
[MerkavaModule:done] {"key":"geelooy/games/scribe-journey/js/data/maps/babel.js","exports":["babelMaps"]}
[MerkavaModule:start] {"file":"/geelooy/games/scribe-journey/js/data/maps/expansion_2.js","from":"geelooy/games/scribe-journey/js/data/maps.js","resolvedFile":"/geelooy/games/scribe-journey/js/data/maps/expansion_2.js","key":"geelooy/games/scribe-journey/js/data/maps/expansion_2.js"}
[MerkavaModule:start] {"file":"/geelooy/games/scribe-journey/js/data/maps/expansion_2.js","from":"geelooy/games/scribe-journey/js/data/maps.js","resolvedFile":"/geelooy/games/scribe-journey/js/data/maps/expansion_2.js","key":"geelooy/games/scribe-journey/js/data/maps/expansion_2.js"}
[MerkavaModule:done] {"key":"geelooy/games/scribe-journey/js/data/maps/expansion_2.js","exports":["expansion2Maps"]}
[MerkavaModule:start] {"file":"/geelooy/games/scribe-journey/js/data/maps/taryag_maps.js","from":"geelooy/games/scribe-journey/js/data/maps.js","resolvedFile":"/geelooy/games/scribe-journey/js/data/maps/taryag_maps.js","key":"geelooy/games/scribe-journey/js/data/maps/taryag_maps.js"}
[MerkavaModule:start] {"file":"/geelooy/games/scribe-journey/js/data/maps/taryag_maps.js","from":"geelooy/games/scribe-journey/js/data/maps.js","resolvedFile":"/geelooy/games/scribe-journey/js/data/maps/taryag_maps.js","key":"geelooy/games/scribe-journey/js/data/maps/taryag_maps.js"}
[MerkavaModule:done] {"key":"geelooy/games/scribe-journey/js/data/maps/taryag_maps.js","exports":["taryagMaps"]}
[MerkavaModule:start] {"file":"/geelooy/games/scribe-journey/js/data/maps/aleph_bet.js","from":"geelooy/games/scribe-journey/js/data/maps.js","resolvedFile":"/geelooy/games/scribe-journey/js/data/maps/aleph_bet.js","key":"geelooy/games/scribe-journey/js/data/maps/aleph_bet.js"}
[MerkavaModule:start] {"file":"/geelooy/games/scribe-journey/js/data/maps/aleph_bet.js","from":"geelooy/games/scribe-journey/js/data/maps.js","resolvedFile":"/geelooy/games/scribe-journey/js/data/maps/aleph_bet.js","key":"geelooy/games/scribe-journey/js/data/maps/aleph_bet.js"}
[MerkavaModule:done] {"key":"geelooy/games/scribe-journey/js/data/maps/aleph_bet.js","exports":["alephBetMaps"]}
[MerkavaModule:start] {"file":"/geelooy/games/scribe-journey/js/data/insanity_expansion.js","from":"geelooy/games/scribe-journey/js/data/maps.js","resolvedFile":"/geelooy/games/scribe-journey/js/data/insanity_expansion.js","key":"geelooy/games/scribe-journey/js/data/insanity_expansion.js"}
[MerkavaModule:start] {"file":"/geelooy/games/scribe-journey/js/data/insanity_expansion.js","from":"geelooy/games/scribe-journey/js/data/maps.js","resolvedFile":"/geelooy/games/scribe-journey/js/data/insanity_expansion.js","key":"geelooy/games/scribe-journey/js/data/insanity_expansion.js"}
[MerkavaModule:done] {"key":"geelooy/games/scribe-journey/js/data/insanity_expansion.js","exports":["insanityItems","insanityBeasts","insanityMaps"]}
[MerkavaModule:start] {"file":"/geelooy/games/scribe-journey/js/data/chanukah_massive.js","from":"geelooy/games/scribe-journey/js/data/maps.js","resolvedFile":"/geelooy/games/scribe-journey/js/data/chanukah_massive.js","key":"geelooy/games/scribe-journey/js/data/chanukah_massive.js"}
[MerkavaModule:start] {"file":"/geelooy/games/scribe-journey/js/data/chanukah_massive.js","from":"geelooy/games/scribe-journey/js/data/maps.js","resolvedFile":"/geelooy/games/scribe-journey/js/data/chanukah_massive.js","key":"geelooy/games/scribe-journey/js/data/chanukah_massive.js"}
[MerkavaModule:done] {"key":"geelooy/games/scribe-journey/js/data/chanukah_massive.js","exports":["chanukahItems","chanukahBeasts","chanukahMaps"]}
[MerkavaModule:start] {"file":"/geelooy/games/scribe-journey/js/data/labyrinth_67.js","from":"geelooy/games/scribe-journey/js/data/maps.js","resolvedFile":"/geelooy/games/scribe-journey/js/data/labyrinth_67.js","key":"geelooy/games/scribe-journey/js/data/labyrinth_67.js"}
[MerkavaModule:start] {"file":"/geelooy/games/scribe-journey/js/data/labyrinth_67.js","from":"geelooy/games/scribe-journey/js/data/maps.js","resolvedFile":"/geelooy/games/scribe-journey/js/data/labyrinth_67.js","key":"geelooy/games/scribe-journey/js/data/labyrinth_67.js"}
[MerkavaModule:done] {"key":"geelooy/games/scribe-journey/js/data/labyrinth_67.js","exports":["labyrinthItems","labyrinthBeasts","labyrinthMaps"]}
[MerkavaModule:start] {"file":"/geelooy/games/scribe-journey/js/data/map_parser.js","from":"geelooy/games/scribe-journey/js/data/maps.js","resolvedFile":"/geelooy/games/scribe-journey/js/data/map_parser.js","key":"geelooy/games/scribe-journey/js/data/map_parser.js"}
[MerkavaModule:start] {"file":"/geelooy/games/scribe-journey/js/data/map_parser.js","from":"geelooy/games/scribe-journey/js/data/maps.js","resolvedFile":"/geelooy/games/scribe-journey/js/data/map_parser.js","key":"geelooy/games/scribe-journey/js/data/map_parser.js"}
[MerkavaModule:start] {"file":"/geelooy/games/scribe-journey/js/data/map-parser/ParsedEntityIndex.js","from":"geelooy/games/scribe-journey/js/data/map_parser.js","resolvedFile":"/geelooy/games/scribe-journey/js/data/map-parser/ParsedEntityIndex.js","key":"geelooy/games/scribe-journey/js/data/map-parser/ParsedEntityIndex.js"}
[MerkavaModule:start] {"file":"/geelooy/games/scribe-journey/js/data/map-parser/ParsedEntityIndex.js","from":"geelooy/games/scribe-journey/js/data/map_parser.js","resolvedFile":"/geelooy/games/scribe-journey/js/data/map-parser/ParsedEntityIndex.js","key":"geelooy/games/scribe-journey/js/data/map-parser/ParsedEntityIndex.js"}
