[Probe:afterCollect] {"target":"geelooy/games/sulam-ha-sod/index.html","fileCount":89,"entry":"geelooy/games/sulam-ha-sod/index.html"}
[MerkavaStep:start] {"type":"module","inline":false,"resolved":"geelooy/games/sulam-ha-sod/js/main.js"}
[MerkavaModule:start] {"file":"geelooy/games/sulam-ha-sod/js/main.js","from":"/","resolvedFile":"geelooy/games/sulam-ha-sod/js/main.js","key":"geelooy/games/sulam-ha-sod/js/main.js"}
[MerkavaModule:start] {"file":"geelooy/games/sulam-ha-sod/js/main.js","from":"/","resolvedFile":"geelooy/games/sulam-ha-sod/js/main.js","key":"geelooy/games/sulam-ha-sod/js/main.js"}
[MerkavaModule:start] {"file":"/geelooy/games/sulam-ha-sod/js/data/levels.js","from":"geelooy/games/sulam-ha-sod/js/main.js","resolvedFile":"/geelooy/games/sulam-ha-sod/js/data/levels.js","key":"geelooy/games/sulam-ha-sod/js/data/levels.js"}
[MerkavaModule:start] {"file":"/geelooy/games/sulam-ha-sod/js/data/levels.js","from":"geelooy/games/sulam-ha-sod/js/main.js","resolvedFile":"/geelooy/games/sulam-ha-sod/js/data/levels.js","key":"geelooy/games/sulam-ha-sod/js/data/levels.js"}
[MerkavaModule:start] {"file":"/geelooy/games/sulam-ha-sod/js/data/levelCruelty.js","from":"geelooy/games/sulam-ha-sod/js/data/levels.js","resolvedFile":"/geelooy/games/sulam-ha-sod/js/data/levelCruelty.js","key":"geelooy/games/sulam-ha-sod/js/data/levelCruelty.js"}
[MerkavaModule:start] {"file":"/geelooy/games/sulam-ha-sod/js/data/levelCruelty.js","from":"geelooy/games/sulam-ha-sod/js/data/levels.js","resolvedFile":"/geelooy/games/sulam-ha-sod/js/data/levelCruelty.js","key":"geelooy/games/sulam-ha-sod/js/data/levelCruelty.js"}
[MerkavaModule:start] {"file":"/geelooy/games/sulam-ha-sod/js/data/enrichment/geometry.js","from":"geelooy/games/sulam-ha-sod/js/data/levelCruelty.js","resolvedFile":"/geelooy/games/sulam-ha-sod/js/data/enrichment/geometry.js","key":"geelooy/games/sulam-ha-sod/js/data/enrichment/geometry.js"}
[MerkavaModule:start] {"file":"/geelooy/games/sulam-ha-sod/js/data/enrichment/geometry.js","from":"geelooy/games/sulam-ha-sod/js/data/levelCruelty.js","resolvedFile":"/geelooy/games/sulam-ha-sod/js/data/enrichment/geometry.js","key":"geelooy/games/sulam-ha-sod/js/data/enrichment/geometry.js"}
[MerkavaModule:done] {"key":"geelooy/games/sulam-ha-sod/js/data/enrichment/geometry.js","exports":["enrichmentFrame","safeTriggerX","hit"]}
[MerkavaModule:start] {"file":"/geelooy/games/sulam-ha-sod/js/data/enrichment/ascent.js","from":"geelooy/games/sulam-ha-sod/js/data/levelCruelty.js","resolvedFile":"/geelooy/games/sulam-ha-sod/js/data/enrichment/ascent.js","key":"geelooy/games/sulam-ha-sod/js/data/enrichment/ascent.js"}
[MerkavaModule:start] {"file":"/geelooy/games/sulam-ha-sod/js/data/enrichment/ascent.js","from":"geelooy/games/sulam-ha-sod/js/data/levelCruelty.js","resolvedFile":"/geelooy/games/sulam-ha-sod/js/data/enrichment/ascent.js","key":"geelooy/games/sulam-ha-sod/js/data/enrichment/ascent.js"}
[MerkavaModule:start] {"file":"/geelooy/games/sulam-ha-sod/js/data/levelPrimitives.js","from":"geelooy/games/sulam-ha-sod/js/data/enrichment/ascent.js","resolvedFile":"/geelooy/games/sulam-ha-sod/js/data/levelPrimitives.js","key":"geelooy/games/sulam-ha-sod/js/data/levelPrimitives.js"}
[MerkavaModule:start] {"file":"/geelooy/games/sulam-ha-sod/js/data/levelPrimitives.js","from":"geelooy/games/sulam-ha-sod/js/data/enrichment/ascent.js","resolvedFile":"/geelooy/games/sulam-ha-sod/js/data/levelPrimitives.js","key":"geelooy/games/sulam-ha-sod/js/data/levelPrimitives.js"}
[MerkavaModule:done] {"key":"geelooy/games/sulam-ha-sod/js/data/levelPrimitives.js","exports":["P","C","F","S","E","R","T","G","L","normalizeDoor","standDoorOn","bestDoorSupport"]}
[MerkavaModule:done] {"key":"geelooy/games/sulam-ha-sod/js/data/enrichment/ascent.js","exports":["addGuaranteedAscent","ascentRungs","midRouteEntryRungs"]}
[MerkavaModule:start] {"file":"/geelooy/games/sulam-ha-sod/js/data/enrichment/vault.js","from":"geelooy/games/sulam-ha-sod/js/data/levelCruelty.js","resolvedFile":"/geelooy/games/sulam-ha-sod/js/data/enrichment/vault.js","key":"geelooy/games/sulam-ha-sod/js/data/enrichment/vault.js"}
[MerkavaModule:start] {"file":"/geelooy/games/sulam-ha-sod/js/data/enrichment/vault.js","from":"geelooy/games/sulam-ha-sod/js/data/levelCruelty.js","resolvedFile":"/geelooy/games/sulam-ha-sod/js/data/enrichment/vault.js","key":"geelooy/games/sulam-ha-sod/js/data/enrichment/vault.js"}
[MerkavaModule:start] {"file":"/geelooy/games/sulam-ha-sod/js/data/enrichment/builders.js","from":"geelooy/games/sulam-ha-sod/js/data/enrichment/vault.js","resolvedFile":"/geelooy/games/sulam-ha-sod/js/data/enrichment/builders.js","key":"geelooy/games/sulam-ha-sod/js/data/enrichment/builders.js"}
[MerkavaModule:start] {"file":"/geelooy/games/sulam-ha-sod/js/data/enrichment/builders.js","from":"geelooy/games/sulam-ha-sod/js/data/enrichment/vault.js","resolvedFile":"/geelooy/games/sulam-ha-sod/js/data/enrichment/builders.js","key":"geelooy/games/sulam-ha-sod/js/data/enrichment/builders.js"}
[MerkavaModule:done] {"key":"geelooy/games/sulam-ha-sod/js/data/enrichment/builders.js","exports":["movingSpike","jumpSpikeTriggerData","fallingIronTriggerData"]}
[MerkavaModule:done] {"key":"geelooy/games/sulam-ha-sod/js/data/enrichment/vault.js","exports":["addSkyVault"]}
[MerkavaModule:start] {"file":"/geelooy/games/sulam-ha-sod/js/data/enrichment/hazards.js","from":"geelooy/games/sulam-ha-sod/js/data/levelCruelty.js","resolvedFile":"/geelooy/games/sulam-ha-sod/js/data/enrichment/hazards.js","key":"geelooy/games/sulam-ha-sod/js/data/enrichment/hazards.js"}
[MerkavaModule:start] {"file":"/geelooy/games/sulam-ha-sod/js/data/enrichment/hazards.js","from":"geelooy/games/sulam-ha-sod/js/data/levelCruelty.js","resolvedFile":"/geelooy/games/sulam-ha-sod/js/data/enrichment/hazards.js","key":"geelooy/games/sulam-ha-sod/js/data/enrichment/hazards.js"}
[MerkavaModule:done] {"key":"geelooy/games/sulam-ha-sod/js/data/enrichment/hazards.js","exports":["addHarderHazards","addPatrolHazards"]}
[MerkavaModule:start] {"file":"/geelooy/games/sulam-ha-sod/js/data/enrichment/triggers.js","from":"geelooy/games/sulam-ha-sod/js/data/levelCruelty.js","resolvedFile":"/geelooy/games/sulam-ha-sod/js/data/enrichment/triggers.js","key":"geelooy/games/sulam-ha-sod/js/data/enrichment/triggers.js"}
[MerkavaModule:start] {"file":"/geelooy/games/sulam-ha-sod/js/data/enrichment/triggers.js","from":"geelooy/games/sulam-ha-sod/js/data/levelCruelty.js","resolvedFile":"/geelooy/games/sulam-ha-sod/js/data/enrichment/triggers.js","key":"geelooy/games/sulam-ha-sod/js/data/enrichment/triggers.js"}
[MerkavaModule:done] {"key":"geelooy/games/sulam-ha-sod/js/data/enrichment/triggers.js","exports":["addReactiveTriggers","addWisdom"]}
[MerkavaModule:start] {"file":"/geelooy/games/sulam-ha-sod/js/data/enrichment/antiAutopilot.js","from":"geelooy/games/sulam-ha-sod/js/data/levelCruelty.js","resolvedFile":"/geelooy/games/sulam-ha-sod/js/data/enrichment/antiAutopilot.js","key":"geelooy/games/sulam-ha-sod/js/data/enrichment/antiAutopilot.js"}
[MerkavaModule:start] {"file":"/geelooy/games/sulam-ha-sod/js/data/enrichment/antiAutopilot.js","from":"geelooy/games/sulam-ha-sod/js/data/levelCruelty.js","resolvedFile":"/geelooy/games/sulam-ha-sod/js/data/enrichment/antiAutopilot.js","key":"geelooy/games/sulam-ha-sod/js/data/enrichment/antiAutopilot.js"}
[MerkavaModule:done] {"key":"geelooy/games/sulam-ha-sod/js/data/enrichment/antiAutopilot.js","exports":["addAntiAutopilotLayer"]}
[MerkavaModule:start] {"file":"/geelooy/games/sulam-ha-sod/js/data/enrichment/devilLayer.js","from":"geelooy/games/sulam-ha-sod/js/data/levelCruelty.js","resolvedFile":"/geelooy/games/sulam-ha-sod/js/data/enrichment/devilLayer.js","key":"geelooy/games/sulam-ha-sod/js/data/enrichment/devilLayer.js"}
[MerkavaModule:start] {"file":"/geelooy/games/sulam-ha-sod/js/data/enrichment/devilLayer.js","from":"geelooy/games/sulam-ha-sod/js/data/levelCruelty.js","resolvedFile":"/geelooy/games/sulam-ha-sod/js/data/enrichment/devilLayer.js","key":"geelooy/games/sulam-ha-sod/js/data/enrichment/devilLayer.js"}
[MerkavaModule:done] {"key":"geelooy/games/sulam-ha-sod/js/data/enrichment/devilLayer.js","exports":["addDevilLayer"]}
[MerkavaModule:start] {"file":"/geelooy/games/sulam-ha-sod/js/data/enrichment/devilDeceptions.js","from":"geelooy/games/sulam-ha-sod/js/data/levelCruelty.js","resolvedFile":"/geelooy/games/sulam-ha-sod/js/data/enrichment/devilDeceptions.js","key":"geelooy/games/sulam-ha-sod/js/data/enrichment/devilDeceptions.js"}
[MerkavaModule:start] {"file":"/geelooy/games/sulam-ha-sod/js/data/enrichment/devilDeceptions.js","from":"geelooy/games/sulam-ha-sod/js/data/levelCruelty.js","resolvedFile":"/geelooy/games/sulam-ha-sod/js/data/enrichment/devilDeceptions.js","key":"geelooy/games/sulam-ha-sod/js/data/enrichment/devilDeceptions.js"}
[MerkavaModule:done] {"key":"geelooy/games/sulam-ha-sod/js/data/enrichment/devilDeceptions.js","exports":["addDevilDeceptions"]}
[MerkavaModule:start] {"file":"/geelooy/games/sulam-ha-sod/js/data/enrichment/legacyHardening.js","from":"geelooy/games/sulam-ha-sod/js/data/levelCruelty.js","resolvedFile":"/geelooy/games/sulam-ha-sod/js/data/enrichment/legacyHardening.js","key":"geelooy/games/sulam-ha-sod/js/data/enrichment/legacyHardening.js"}
[MerkavaModule:start] {"file":"/geelooy/games/sulam-ha-sod/js/data/enrichment/legacyHardening.js","from":"geelooy/games/sulam-ha-sod/js/data/levelCruelty.js","resolvedFile":"/geelooy/games/sulam-ha-sod/js/data/enrichment/legacyHardening.js","key":"geelooy/games/sulam-ha-sod/js/data/enrichment/legacyHardening.js"}
[MerkavaModule:done] {"key":"geelooy/games/sulam-ha-sod/js/data/enrichment/legacyHardening.js","exports":["addLegacyHardening"]}
[MerkavaModule:start] {"file":"/geelooy/games/sulam-ha-sod/js/data/enrichment/fairness.js","from":"geelooy/games/sulam-ha-sod/js/data/levelCruelty.js","resolvedFile":"/geelooy/games/sulam-ha-sod/js/data/enrichment/fairness.js","key":"geelooy/games/sulam-ha-sod/js/data/enrichment/fairness.js"}
[MerkavaModule:start] {"file":"/geelooy/games/sulam-ha-sod/js/data/enrichment/fairness.js","from":"geelooy/games/sulam-ha-sod/js/data/levelCruelty.js","resolvedFile":"/geelooy/games/sulam-ha-sod/js/data/enrichment/fairness.js","key":"geelooy/games/sulam-ha-sod/js/data/enrichment/fairness.js"}
[MerkavaModule:done] {"key":"geelooy/games/sulam-ha-sod/js/data/enrichment/fairness.js","exports":["applyHumanFairness"]}
[MerkavaModule:done] {"key":"geelooy/games/sulam-ha-sod/js/data/levelCruelty.js","exports":["enrichLevel"]}
[MerkavaModule:start] {"file":"/geelooy/games/sulam-ha-sod/js/data/levels/level01-malchus.js","from":"geelooy/games/sulam-ha-sod/js/data/levels.js","resolvedFile":"/geelooy/games/sulam-ha-sod/js/data/levels/level01-malchus.js","key":"geelooy/games/sulam-ha-sod/js/data/levels/level01-malchus.js"}
[MerkavaModule:start] {"file":"/geelooy/games/sulam-ha-sod/js/data/levels/level01-malchus.js","from":"geelooy/games/sulam-ha-sod/js/data/levels.js","resolvedFile":"/geelooy/games/sulam-ha-sod/js/data/levels/level01-malchus.js","key":"geelooy/games/sulam-ha-sod/js/data/levels/level01-malchus.js"}
[MerkavaModule:start] {"file":"/geelooy/games/sulam-ha-sod/js/data/levels/level01-malchus/terrain.js","from":"geelooy/games/sulam-ha-sod/js/data/levels/level01-malchus.js","resolvedFile":"/geelooy/games/sulam-ha-sod/js/data/levels/level01-malchus/terrain.js","key":"geelooy/games/sulam-ha-sod/js/data/levels/level01-malchus/terrain.js"}
[MerkavaModule:start] {"file":"/geelooy/games/sulam-ha-sod/js/data/levels/level01-malchus/terrain.js","from":"geelooy/games/sulam-ha-sod/js/data/levels/level01-malchus.js","resolvedFile":"/geelooy/games/sulam-ha-sod/js/data/levels/level01-malchus/terrain.js","key":"geelooy/games/sulam-ha-sod/js/data/levels/level01-malchus/terrain.js"}
[MerkavaModule:done] {"key":"geelooy/games/sulam-ha-sod/js/data/levels/level01-malchus/terrain.js","exports":["malchusPlatforms","malchusRotors","malchusTricks"]}
[MerkavaModule:start] {"file":"/geelooy/games/sulam-ha-sod/js/data/levels/level01-malchus/actors.js","from":"geelooy/games/sulam-ha-sod/js/data/levels/level01-malchus.js","resolvedFile":"/geelooy/games/sulam-ha-sod/js/data/levels/level01-malchus/actors.js","key":"geelooy/games/sulam-ha-sod/js/data/levels/level01-malchus/actors.js"}
[MerkavaModule:start] {"file":"/geelooy/games/sulam-ha-sod/js/data/levels/level01-malchus/actors.js","from":"geelooy/games/sulam-ha-sod/js/data/levels/level01-malchus.js","resolvedFile":"/geelooy/games/sulam-ha-sod/js/data/levels/level01-malchus/actors.js","key":"geelooy/games/sulam-ha-sod/js/data/levels/level01-malchus/actors.js"}
[MerkavaModule:done] {"key":"geelooy/games/sulam-ha-sod/js/data/levels/level01-malchus/actors.js","exports":["malchusCoins","malchusKeys","malchusSpikes","malchusEnemies","malchusExtra"]}
[MerkavaModule:start] {"file":"/geelooy/games/sulam-ha-sod/js/data/levels/level01-malchus/story.js","from":"geelooy/games/sulam-ha-sod/js/data/levels/level01-malchus.js","resolvedFile":"/geelooy/games/sulam-ha-sod/js/data/levels/level01-malchus/story.js","key":"geelooy/games/sulam-ha-sod/js/data/levels/level01-malchus/story.js"}
[MerkavaModule:start] {"file":"/geelooy/games/sulam-ha-sod/js/data/levels/level01-malchus/story.js","from":"geelooy/games/sulam-ha-sod/js/data/levels/level01-malchus.js","resolvedFile":"/geelooy/games/sulam-ha-sod/js/data/levels/level01-malchus/story.js","key":"geelooy/games/sulam-ha-sod/js/data/levels/level01-malchus/story.js"}
[MerkavaModule:done] {"key":"geelooy/games/sulam-ha-sod/js/data/levels/level01-malchus/story.js","exports":["malchusTriggers","malchusLore"]}
[MerkavaModule:done] {"key":"geelooy/games/sulam-ha-sod/js/data/levels/level01-malchus.js","exports":["level01"]}
[MerkavaModule:start] {"file":"/geelooy/games/sulam-ha-sod/js/data/levels/level02-yesod.js","from":"geelooy/games/sulam-ha-sod/js/data/levels.js","resolvedFile":"/geelooy/games/sulam-ha-sod/js/data/levels/level02-yesod.js","key":"geelooy/games/sulam-ha-sod/js/data/levels/level02-yesod.js"}
[MerkavaModule:start] {"file":"/geelooy/games/sulam-ha-sod/js/data/levels/level02-yesod.js","from":"geelooy/games/sulam-ha-sod/js/data/levels.js","resolvedFile":"/geelooy/games/sulam-ha-sod/js/data/levels/level02-yesod.js","key":"geelooy/games/sulam-ha-sod/js/data/levels/level02-yesod.js"}
[MerkavaModule:start] {"file":"/geelooy/games/sulam-ha-sod/js/data/levels/level02-yesod/terrain.js","from":"geelooy/games/sulam-ha-sod/js/data/levels/level02-yesod.js","resolvedFile":"/geelooy/games/sulam-ha-sod/js/data/levels/level02-yesod/terrain.js","key":"geelooy/games/sulam-ha-sod/js/data/levels/level02-yesod/terrain.js"}
[MerkavaModule:start] {"file":"/geelooy/games/sulam-ha-sod/js/data/levels/level02-yesod/terrain.js","from":"geelooy/games/sulam-ha-sod/js/data/levels/level02-yesod.js","resolvedFile":"/geelooy/games/sulam-ha-sod/js/data/levels/level02-yesod/terrain.js","key":"geelooy/games/sulam-ha-sod/js/data/levels/level02-yesod/terrain.js"}
[MerkavaModule:done] {"key":"geelooy/games/sulam-ha-sod/js/data/levels/level02-yesod/terrain.js","exports":["yesodPlatforms","yesodRotors","yesodTricks"]}
[MerkavaModule:start] {"file":"/geelooy/games/sulam-ha-sod/js/data/levels/level02-yesod/actors.js","from":"geelooy/games/sulam-ha-sod/js/data/levels/level02-yesod.js","resolvedFile":"/geelooy/games/sulam-ha-sod/js/data/levels/level02-yesod/actors.js","key":"geelooy/games/sulam-ha-sod/js/data/levels/level02-yesod/actors.js"}
[MerkavaModule:start] {"file":"/geelooy/games/sulam-ha-sod/js/data/levels/level02-yesod/actors.js","from":"geelooy/games/sulam-ha-sod/js/data/levels/level02-yesod.js","resolvedFile":"/geelooy/games/sulam-ha-sod/js/data/levels/level02-yesod/actors.js","key":"geelooy/games/sulam-ha-sod/js/data/levels/level02-yesod/actors.js"}
[MerkavaModule:done] {"key":"geelooy/games/sulam-ha-sod/js/data/levels/level02-yesod/actors.js","exports":["yesodCoins","yesodKeys","yesodSpikes","yesodEnemies","yesodExtra"]}
[MerkavaModule:start] {"file":"/geelooy/games/sulam-ha-sod/js/data/levels/level02-yesod/story.js","from":"geelooy/games/sulam-ha-sod/js/data/levels/level02-yesod.js","resolvedFile":"/geelooy/games/sulam-ha-sod/js/data/levels/level02-yesod/story.js","key":"geelooy/games/sulam-ha-sod/js/data/levels/level02-yesod/story.js"}
[MerkavaModule:start] {"file":"/geelooy/games/sulam-ha-sod/js/data/levels/level02-yesod/story.js","from":"geelooy/games/sulam-ha-sod/js/data/levels/level02-yesod.js","resolvedFile":"/geelooy/games/sulam-ha-sod/js/data/levels/level02-yesod/story.js","key":"geelooy/games/sulam-ha-sod/js/data/levels/level02-yesod/story.js"}
[MerkavaModule:done] {"key":"geelooy/games/sulam-ha-sod/js/data/levels/level02-yesod/story.js","exports":["yesodTriggers","yesodLore"]}
[MerkavaModule:done] {"key":"geelooy/games/sulam-ha-sod/js/data/levels/level02-yesod.js","exports":["level02"]}
[MerkavaModule:start] {"file":"/geelooy/games/sulam-ha-sod/js/data/levels/level03-hod.js","from":"geelooy/games/sulam-ha-sod/js/data/levels.js","resolvedFile":"/geelooy/games/sulam-ha-sod/js/data/levels/level03-hod.js","key":"geelooy/games/sulam-ha-sod/js/data/levels/level03-hod.js"}
[MerkavaModule:start] {"file":"/geelooy/games/sulam-ha-sod/js/data/levels/level03-hod.js","from":"geelooy/games/sulam-ha-sod/js/data/levels.js","resolvedFile":"/geelooy/games/sulam-ha-sod/js/data/levels/level03-hod.js","key":"geelooy/games/sulam-ha-sod/js/data/levels/level03-hod.js"}
[MerkavaModule:start] {"file":"/geelooy/games/sulam-ha-sod/js/data/levels/level03-hod/terrain.js","from":"geelooy/games/sulam-ha-sod/js/data/levels/level03-hod.js","resolvedFile":"/geelooy/games/sulam-ha-sod/js/data/levels/level03-hod/terrain.js","key":"geelooy/games/sulam-ha-sod/js/data/levels/level03-hod/terrain.js"}
[MerkavaModule:start] {"file":"/geelooy/games/sulam-ha-sod/js/data/levels/level03-hod/terrain.js","from":"geelooy/games/sulam-ha-sod/js/data/levels/level03-hod.js","resolvedFile":"/geelooy/games/sulam-ha-sod/js/data/levels/level03-hod/terrain.js","key":"geelooy/games/sulam-ha-sod/js/data/levels/level03-hod/terrain.js"}
[MerkavaModule:done] {"key":"geelooy/games/sulam-ha-sod/js/data/levels/level03-hod/terrain.js","exports":["hodPlatforms","hodRotors","hodTricks"]}
[MerkavaModule:start] {"file":"/geelooy/games/sulam-ha-sod/js/data/levels/level03-hod/actors.js","from":"geelooy/games/sulam-ha-sod/js/data/levels/level03-hod.js","resolvedFile":"/geelooy/games/sulam-ha-sod/js/data/levels/level03-hod/actors.js","key":"geelooy/games/sulam-ha-sod/js/data/levels/level03-hod/actors.js"}
[MerkavaModule:start] {"file":"/geelooy/games/sulam-ha-sod/js/data/levels/level03-hod/actors.js","from":"geelooy/games/sulam-ha-sod/js/data/levels/level03-hod.js","resolvedFile":"/geelooy/games/sulam-ha-sod/js/data/levels/level03-hod/actors.js","key":"geelooy/games/sulam-ha-sod/js/data/levels/level03-hod/actors.js"}
[MerkavaModule:done] {"key":"geelooy/games/sulam-ha-sod/js/data/levels/level03-hod/actors.js","exports":["hodCoins","hodKeys","hodSpikes","hodEnemies","hodExtra"]}
[MerkavaModule:start] {"file":"/geelooy/games/sulam-ha-sod/js/data/levels/level03-hod/story.js","from":"geelooy/games/sulam-ha-sod/js/data/levels/level03-hod.js","resolvedFile":"/geelooy/games/sulam-ha-sod/js/data/levels/level03-hod/story.js","key":"geelooy/games/sulam-ha-sod/js/data/levels/level03-hod/story.js"}
[MerkavaModule:start] {"file":"/geelooy/games/sulam-ha-sod/js/data/levels/level03-hod/story.js","from":"geelooy/games/sulam-ha-sod/js/data/levels/level03-hod.js","resolvedFile":"/geelooy/games/sulam-ha-sod/js/data/levels/level03-hod/story.js","key":"geelooy/games/sulam-ha-sod/js/data/levels/level03-hod/story.js"}
[MerkavaModule:done] {"key":"geelooy/games/sulam-ha-sod/js/data/levels/level03-hod/story.js","exports":["hodTriggers","hodLore"]}
[MerkavaModule:done] {"key":"geelooy/games/sulam-ha-sod/js/data/levels/level03-hod.js","exports":["level03"]}
[MerkavaModule:start] {"file":"/geelooy/games/sulam-ha-sod/js/data/levels/level04-netzach.js","from":"geelooy/games/sulam-ha-sod/js/data/levels.js","resolvedFile":"/geelooy/games/sulam-ha-sod/js/data/levels/level04-netzach.js","key":"geelooy/games/sulam-ha-sod/js/data/levels/level04-netzach.js"}
[MerkavaModule:start] {"file":"/geelooy/games/sulam-ha-sod/js/data/levels/level04-netzach.js","from":"geelooy/games/sulam-ha-sod/js/data/levels.js","resolvedFile":"/geelooy/games/sulam-ha-sod/js/data/levels/level04-netzach.js","key":"geelooy/games/sulam-ha-sod/js/data/levels/level04-netzach.js"}
[MerkavaModule:start] {"file":"/geelooy/games/sulam-ha-sod/js/data/levels/level04-netzach/terrain.js","from":"geelooy/games/sulam-ha-sod/js/data/levels/level04-netzach.js","resolvedFile":"/geelooy/games/sulam-ha-sod/js/data/levels/level04-netzach/terrain.js","key":"geelooy/games/sulam-ha-sod/js/data/levels/level04-netzach/terrain.js"}
[MerkavaModule:start] {"file":"/geelooy/games/sulam-ha-sod/js/data/levels/level04-netzach/terrain.js","from":"geelooy/games/sulam-ha-sod/js/data/levels/level04-netzach.js","resolvedFile":"/geelooy/games/sulam-ha-sod/js/data/levels/level04-netzach/terrain.js","key":"geelooy/games/sulam-ha-sod/js/data/levels/level04-netzach/terrain.js"}
[MerkavaModule:done] {"key":"geelooy/games/sulam-ha-sod/js/data/levels/level04-netzach/terrain.js","exports":["netzachPlatforms","netzachRotors","netzachTricks"]}
[MerkavaModule:start] {"file":"/geelooy/games/sulam-ha-sod/js/data/levels/level04-netzach/actors.js","from":"geelooy/games/sulam-ha-sod/js/data/levels/level04-netzach.js","resolvedFile":"/geelooy/games/sulam-ha-sod/js/data/levels/level04-netzach/actors.js","key":"geelooy/games/sulam-ha-sod/js/data/levels/level04-netzach/actors.js"}
[MerkavaModule:start] {"file":"/geelooy/games/sulam-ha-sod/js/data/levels/level04-netzach/actors.js","from":"geelooy/games/sulam-ha-sod/js/data/levels/level04-netzach.js","resolvedFile":"/geelooy/games/sulam-ha-sod/js/data/levels/level04-netzach/actors.js","key":"geelooy/games/sulam-ha-sod/js/data/levels/level04-netzach/actors.js"}
[MerkavaModule:done] {"key":"geelooy/games/sulam-ha-sod/js/data/levels/level04-netzach/actors.js","exports":["netzachCoins","netzachKeys","netzachSpikes","netzachEnemies","netzachExtra"]}
[MerkavaModule:start] {"file":"/geelooy/games/sulam-ha-sod/js/data/levels/level04-netzach/story.js","from":"geelooy/games/sulam-ha-sod/js/data/levels/level04-netzach.js","resolvedFile":"/geelooy/games/sulam-ha-sod/js/data/levels/level04-netzach/story.js","key":"geelooy/games/sulam-ha-sod/js/data/levels/level04-netzach/story.js"}
[MerkavaModule:start] {"file":"/geelooy/games/sulam-ha-sod/js/data/levels/level04-netzach/story.js","from":"geelooy/games/sulam-ha-sod/js/data/levels/level04-netzach.js","resolvedFile":"/geelooy/games/sulam-ha-sod/js/data/levels/level04-netzach/story.js","key":"geelooy/games/sulam-ha-sod/js/data/levels/level04-netzach/story.js"}
[MerkavaModule:done] {"key":"geelooy/games/sulam-ha-sod/js/data/levels/level04-netzach/story.js","exports":["netzachTriggers","netzachLore"]}
[MerkavaModule:done] {"key":"geelooy/games/sulam-ha-sod/js/data/levels/level04-netzach.js","exports":["level04"]}
[MerkavaModule:start] {"file":"/geelooy/games/sulam-ha-sod/js/data/levels/level05-gevurah.js","from":"geelooy/games/sulam-ha-sod/js/data/levels.js","resolvedFile":"/geelooy/games/sulam-ha-sod/js/data/levels/level05-gevurah.js","key":"geelooy/games/sulam-ha-sod/js/data/levels/level05-gevurah.js"}
[MerkavaModule:start] {"file":"/geelooy/games/sulam-ha-sod/js/data/levels/level05-gevurah.js","from":"geelooy/games/sulam-ha-sod/js/data/levels.js","resolvedFile":"/geelooy/games/sulam-ha-sod/js/data/levels/level05-gevurah.js","key":"geelooy/games/sulam-ha-sod/js/data/levels/level05-gevurah.js"}
[MerkavaModule:start] {"file":"/geelooy/games/sulam-ha-sod/js/data/levels/level05-gevurah/terrain.js","from":"geelooy/games/sulam-ha-sod/js/data/levels/level05-gevurah.js","resolvedFile":"/geelooy/games/sulam-ha-sod/js/data/levels/level05-gevurah/terrain.js","key":"geelooy/games/sulam-ha-sod/js/data/levels/level05-gevurah/terrain.js"}
[MerkavaModule:start] {"file":"/geelooy/games/sulam-ha-sod/js/data/levels/level05-gevurah/terrain.js","from":"geelooy/games/sulam-ha-sod/js/data/levels/level05-gevurah.js","resolvedFile":"/geelooy/games/sulam-ha-sod/js/data/levels/level05-gevurah/terrain.js","key":"geelooy/games/sulam-ha-sod/js/data/levels/level05-gevurah/terrain.js"}
[MerkavaModule:done] {"key":"geelooy/games/sulam-ha-sod/js/data/levels/level05-gevurah/terrain.js","exports":["gevurahPlatforms","gevurahRotors","gevurahTricks"]}
[MerkavaModule:start] {"file":"/geelooy/games/sulam-ha-sod/js/data/levels/level05-gevurah/actors.js","from":"geelooy/games/sulam-ha-sod/js/data/levels/level05-gevurah.js","resolvedFile":"/geelooy/games/sulam-ha-sod/js/data/levels/level05-gevurah/actors.js","key":"geelooy/games/sulam-ha-sod/js/data/levels/level05-gevurah/actors.js"}
[MerkavaModule:start] {"file":"/geelooy/games/sulam-ha-sod/js/data/levels/level05-gevurah/actors.js","from":"geelooy/games/sulam-ha-sod/js/data/levels/level05-gevurah.js","resolvedFile":"/geelooy/games/sulam-ha-sod/js/data/levels/level05-gevurah/actors.js","key":"geelooy/games/sulam-ha-sod/js/data/levels/level05-gevurah/actors.js"}
[MerkavaModule:done] {"key":"geelooy/games/sulam-ha-sod/js/data/levels/level05-gevurah/actors.js","exports":["gevurahCoins","gevurahKeys","gevurahSpikes","gevurahEnemies","gevurahExtra"]}
[MerkavaModule:start] {"file":"/geelooy/games/sulam-ha-sod/js/data/levels/level05-gevurah/story.js","from":"geelooy/games/sulam-ha-sod/js/data/levels/level05-gevurah.js","resolvedFile":"/geelooy/games/sulam-ha-sod/js/data/levels/level05-gevurah/story.js","key":"geelooy/games/sulam-ha-sod/js/data/levels/level05-gevurah/story.js"}
[MerkavaModule:start] {"file":"/geelooy/games/sulam-ha-sod/js/data/levels/level05-gevurah/story.js","from":"geelooy/games/sulam-ha-sod/js/data/levels/level05-gevurah.js","resolvedFile":"/geelooy/games/sulam-ha-sod/js/data/levels/level05-gevurah/story.js","key":"geelooy/games/sulam-ha-sod/js/data/levels/level05-gevurah/story.js"}
[MerkavaModule:done] {"key":"geelooy/games/sulam-ha-sod/js/data/levels/level05-gevurah/story.js","exports":["gevurahTriggers","gevurahLore"]}
[MerkavaModule:done] {"key":"geelooy/games/sulam-ha-sod/js/data/levels/level05-gevurah.js","exports":["level05"]}
[MerkavaModule:start] {"file":"/geelooy/games/sulam-ha-sod/js/data/levels/level06-tiferes.js","from":"geelooy/games/sulam-ha-sod/js/data/levels.js","resolvedFile":"/geelooy/games/sulam-ha-sod/js/data/levels/level06-tiferes.js","key":"geelooy/games/sulam-ha-sod/js/data/levels/level06-tiferes.js"}
[MerkavaModule:start] {"file":"/geelooy/games/sulam-ha-sod/js/data/levels/level06-tiferes.js","from":"geelooy/games/sulam-ha-sod/js/data/levels.js","resolvedFile":"/geelooy/games/sulam-ha-sod/js/data/levels/level06-tiferes.js","key":"geelooy/games/sulam-ha-sod/js/data/levels/level06-tiferes.js"}
[MerkavaModule:done] {"key":"geelooy/games/sulam-ha-sod/js/data/levels/level06-tiferes.js","exports":["level06"]}
[MerkavaModule:start] {"file":"/geelooy/games/sulam-ha-sod/js/data/levels/level07-chesed.js","from":"geelooy/games/sulam-ha-sod/js/data/levels.js","resolvedFile":"/geelooy/games/sulam-ha-sod/js/data/levels/level07-chesed.js","key":"geelooy/games/sulam-ha-sod/js/data/levels/level07-chesed.js"}
[MerkavaModule:start] {"file":"/geelooy/games/sulam-ha-sod/js/data/levels/level07-chesed.js","from":"geelooy/games/sulam-ha-sod/js/data/levels.js","resolvedFile":"/geelooy/games/sulam-ha-sod/js/data/levels/level07-chesed.js","key":"geelooy/games/sulam-ha-sod/js/data/levels/level07-chesed.js"}
[MerkavaModule:done] {"key":"geelooy/games/sulam-ha-sod/js/data/levels/level07-chesed.js","exports":["level07"]}
[MerkavaModule:start] {"file":"/geelooy/games/sulam-ha-sod/js/data/levels/level08-binah.js","from":"geelooy/games/sulam-ha-sod/js/data/levels.js","resolvedFile":"/geelooy/games/sulam-ha-sod/js/data/levels/level08-binah.js","key":"geelooy/games/sulam-ha-sod/js/data/levels/level08-binah.js"}
[MerkavaModule:start] {"file":"/geelooy/games/sulam-ha-sod/js/data/levels/level08-binah.js","from":"geelooy/games/sulam-ha-sod/js/data/levels.js","resolvedFile":"/geelooy/games/sulam-ha-sod/js/data/levels/level08-binah.js","key":"geelooy/games/sulam-ha-sod/js/data/levels/level08-binah.js"}
[MerkavaModule:done] {"key":"geelooy/games/sulam-ha-sod/js/data/levels/level08-binah.js","exports":["level08"]}
[MerkavaModule:start] {"file":"/geelooy/games/sulam-ha-sod/js/data/levels/level09-chochmah.js","from":"geelooy/games/sulam-ha-sod/js/data/levels.js","resolvedFile":"/geelooy/games/sulam-ha-sod/js/data/levels/level09-chochmah.js","key":"geelooy/games/sulam-ha-sod/js/data/levels/level09-chochmah.js"}
[MerkavaModule:start] {"file":"/geelooy/games/sulam-ha-sod/js/data/levels/level09-chochmah.js","from":"geelooy/games/sulam-ha-sod/js/data/levels.js","resolvedFile":"/geelooy/games/sulam-ha-sod/js/data/levels/level09-chochmah.js","key":"geelooy/games/sulam-ha-sod/js/data/levels/level09-chochmah.js"}
[MerkavaModule:done] {"key":"geelooy/games/sulam-ha-sod/js/data/levels/level09-chochmah.js","exports":["level09"]}
