[Probe:afterCollect] {"target":"geelooy/games/sulam-ha-sod/index.html","fileCount":131,"entry":"geelooy/games/sulam-ha-sod/index.html"}
[MerkavaStep:start] {"type":"module","inline":false,"resolved":"geelooy/games/sulam-ha-sod/js/main.js"}
[MerkavaModule:start] {"file":"geelooy/games/sulam-ha-sod/js/main.js","from":"/","resolvedFile":"geelooy/games/sulam-ha-sod/js/main.js","key":"geelooy/games/sulam-ha-sod/js/main.js"}
[MerkavaModule:start] {"file":"geelooy/games/sulam-ha-sod/js/main.js","from":"/","resolvedFile":"geelooy/games/sulam-ha-sod/js/main.js","key":"geelooy/games/sulam-ha-sod/js/main.js"}
[MerkavaModule:start] {"file":"/geelooy/games/sulam-ha-sod/js/data/levels.js","from":"geelooy/games/sulam-ha-sod/js/main.js","resolvedFile":"/geelooy/games/sulam-ha-sod/js/data/levels.js","key":"geelooy/games/sulam-ha-sod/js/data/levels.js"}
[MerkavaModule:start] {"file":"/geelooy/games/sulam-ha-sod/js/data/levels.js","from":"geelooy/games/sulam-ha-sod/js/main.js","resolvedFile":"/geelooy/games/sulam-ha-sod/js/data/levels.js","key":"geelooy/games/sulam-ha-sod/js/data/levels.js"}
[MerkavaModule:start] {"file":"/geelooy/games/sulam-ha-sod/js/data/levelCruelty.js","from":"geelooy/games/sulam-ha-sod/js/data/levels.js","resolvedFile":"/geelooy/games/sulam-ha-sod/js/data/levelCruelty.js","key":"geelooy/games/sulam-ha-sod/js/data/levelCruelty.js"}
[MerkavaModule:start] {"file":"/geelooy/games/sulam-ha-sod/js/data/levelCruelty.js","from":"geelooy/games/sulam-ha-sod/js/data/levels.js","resolvedFile":"/geelooy/games/sulam-ha-sod/js/data/levelCruelty.js","key":"geelooy/games/sulam-ha-sod/js/data/levelCruelty.js"}
[MerkavaModule:start] {"file":"/geelooy/games/sulam-ha-sod/js/data/enrichment/geometry.js","from":"geelooy/games/sulam-ha-sod/js/data/levelCruelty.js","resolvedFile":"/geelooy/games/sulam-ha-sod/js/data/enrichment/geometry.js","key":"geelooy/games/sulam-ha-sod/js/data/enrichment/geometry.js"}
[MerkavaModule:start] {"file":"/geelooy/games/sulam-ha-sod/js/data/enrichment/geometry.js","from":"geelooy/games/sulam-ha-sod/js/data/levelCruelty.js","resolvedFile":"/geelooy/games/sulam-ha-sod/js/data/enrichment/geometry.js","key":"geelooy/games/sulam-ha-sod/js/data/enrichment/geometry.js"}
[MerkavaModule:done] {"key":"geelooy/games/sulam-ha-sod/js/data/enrichment/geometry.js","exports":["enrichmentFrame","safeTriggerX","hit"]}
[MerkavaModule:start] {"file":"/geelooy/games/sulam-ha-sod/js/data/enrichment/ascent.js","from":"geelooy/games/sulam-ha-sod/js/data/levelCruelty.js","resolvedFile":"/geelooy/games/sulam-ha-sod/js/data/enrichment/ascent.js","key":"geelooy/games/sulam-ha-sod/js/data/enrichment/ascent.js"}
[MerkavaModule:start] {"file":"/geelooy/games/sulam-ha-sod/js/data/enrichment/ascent.js","from":"geelooy/games/sulam-ha-sod/js/data/levelCruelty.js","resolvedFile":"/geelooy/games/sulam-ha-sod/js/data/enrichment/ascent.js","key":"geelooy/games/sulam-ha-sod/js/data/enrichment/ascent.js"}
[MerkavaModule:start] {"file":"/geelooy/games/sulam-ha-sod/js/data/levelPrimitives.js","from":"geelooy/games/sulam-ha-sod/js/data/enrichment/ascent.js","resolvedFile":"/geelooy/games/sulam-ha-sod/js/data/levelPrimitives.js","key":"geelooy/games/sulam-ha-sod/js/data/levelPrimitives.js"}
[MerkavaModule:start] {"file":"/geelooy/games/sulam-ha-sod/js/data/levelPrimitives.js","from":"geelooy/games/sulam-ha-sod/js/data/enrichment/ascent.js","resolvedFile":"/geelooy/games/sulam-ha-sod/js/data/levelPrimitives.js","key":"geelooy/games/sulam-ha-sod/js/data/levelPrimitives.js"}
[MerkavaModule:done] {"key":"geelooy/games/sulam-ha-sod/js/data/levelPrimitives.js","exports":["P","C","F","S","E","R","T","G","L","normalizeDoor","standDoorOn","bestDoorSupport"]}
[MerkavaModule:done] {"key":"geelooy/games/sulam-ha-sod/js/data/enrichment/ascent.js","exports":["addGuaranteedAscent","ascentRungs","midRouteEntryRungs"]}
[MerkavaModule:start] {"file":"/geelooy/games/sulam-ha-sod/js/data/enrichment/vault.js","from":"geelooy/games/sulam-ha-sod/js/data/levelCruelty.js","resolvedFile":"/geelooy/games/sulam-ha-sod/js/data/enrichment/vault.js","key":"geelooy/games/sulam-ha-sod/js/data/enrichment/vault.js"}
[MerkavaModule:start] {"file":"/geelooy/games/sulam-ha-sod/js/data/enrichment/vault.js","from":"geelooy/games/sulam-ha-sod/js/data/levelCruelty.js","resolvedFile":"/geelooy/games/sulam-ha-sod/js/data/enrichment/vault.js","key":"geelooy/games/sulam-ha-sod/js/data/enrichment/vault.js"}
[MerkavaModule:start] {"file":"/geelooy/games/sulam-ha-sod/js/data/enrichment/builders.js","from":"geelooy/games/sulam-ha-sod/js/data/enrichment/vault.js","resolvedFile":"/geelooy/games/sulam-ha-sod/js/data/enrichment/builders.js","key":"geelooy/games/sulam-ha-sod/js/data/enrichment/builders.js"}
[MerkavaModule:start] {"file":"/geelooy/games/sulam-ha-sod/js/data/enrichment/builders.js","from":"geelooy/games/sulam-ha-sod/js/data/enrichment/vault.js","resolvedFile":"/geelooy/games/sulam-ha-sod/js/data/enrichment/builders.js","key":"geelooy/games/sulam-ha-sod/js/data/enrichment/builders.js"}
[MerkavaModule:done] {"key":"geelooy/games/sulam-ha-sod/js/data/enrichment/builders.js","exports":["movingSpike","jumpSpikeTriggerData","fallingIronTriggerData"]}
[MerkavaModule:done] {"key":"geelooy/games/sulam-ha-sod/js/data/enrichment/vault.js","exports":["addSkyVault"]}
[MerkavaModule:start] {"file":"/geelooy/games/sulam-ha-sod/js/data/enrichment/hazards.js","from":"geelooy/games/sulam-ha-sod/js/data/levelCruelty.js","resolvedFile":"/geelooy/games/sulam-ha-sod/js/data/enrichment/hazards.js","key":"geelooy/games/sulam-ha-sod/js/data/enrichment/hazards.js"}
[MerkavaModule:start] {"file":"/geelooy/games/sulam-ha-sod/js/data/enrichment/hazards.js","from":"geelooy/games/sulam-ha-sod/js/data/levelCruelty.js","resolvedFile":"/geelooy/games/sulam-ha-sod/js/data/enrichment/hazards.js","key":"geelooy/games/sulam-ha-sod/js/data/enrichment/hazards.js"}
[MerkavaModule:done] {"key":"geelooy/games/sulam-ha-sod/js/data/enrichment/hazards.js","exports":["addHarderHazards","addPatrolHazards"]}
[MerkavaModule:start] {"file":"/geelooy/games/sulam-ha-sod/js/data/enrichment/triggers.js","from":"geelooy/games/sulam-ha-sod/js/data/levelCruelty.js","resolvedFile":"/geelooy/games/sulam-ha-sod/js/data/enrichment/triggers.js","key":"geelooy/games/sulam-ha-sod/js/data/enrichment/triggers.js"}
[MerkavaModule:start] {"file":"/geelooy/games/sulam-ha-sod/js/data/enrichment/triggers.js","from":"geelooy/games/sulam-ha-sod/js/data/levelCruelty.js","resolvedFile":"/geelooy/games/sulam-ha-sod/js/data/enrichment/triggers.js","key":"geelooy/games/sulam-ha-sod/js/data/enrichment/triggers.js"}
[MerkavaModule:done] {"key":"geelooy/games/sulam-ha-sod/js/data/enrichment/triggers.js","exports":["addReactiveTriggers","addWisdom"]}
[MerkavaModule:start] {"file":"/geelooy/games/sulam-ha-sod/js/data/enrichment/antiAutopilot.js","from":"geelooy/games/sulam-ha-sod/js/data/levelCruelty.js","resolvedFile":"/geelooy/games/sulam-ha-sod/js/data/enrichment/antiAutopilot.js","key":"geelooy/games/sulam-ha-sod/js/data/enrichment/antiAutopilot.js"}
[MerkavaModule:start] {"file":"/geelooy/games/sulam-ha-sod/js/data/enrichment/antiAutopilot.js","from":"geelooy/games/sulam-ha-sod/js/data/levelCruelty.js","resolvedFile":"/geelooy/games/sulam-ha-sod/js/data/enrichment/antiAutopilot.js","key":"geelooy/games/sulam-ha-sod/js/data/enrichment/antiAutopilot.js"}
[MerkavaModule:done] {"key":"geelooy/games/sulam-ha-sod/js/data/enrichment/antiAutopilot.js","exports":["addAntiAutopilotLayer"]}
[MerkavaModule:start] {"file":"/geelooy/games/sulam-ha-sod/js/data/enrichment/devilLayer.js","from":"geelooy/games/sulam-ha-sod/js/data/levelCruelty.js","resolvedFile":"/geelooy/games/sulam-ha-sod/js/data/enrichment/devilLayer.js","key":"geelooy/games/sulam-ha-sod/js/data/enrichment/devilLayer.js"}
[MerkavaModule:start] {"file":"/geelooy/games/sulam-ha-sod/js/data/enrichment/devilLayer.js","from":"geelooy/games/sulam-ha-sod/js/data/levelCruelty.js","resolvedFile":"/geelooy/games/sulam-ha-sod/js/data/enrichment/devilLayer.js","key":"geelooy/games/sulam-ha-sod/js/data/enrichment/devilLayer.js"}
[MerkavaModule:done] {"key":"geelooy/games/sulam-ha-sod/js/data/enrichment/devilLayer.js","exports":["addDevilLayer"]}
[MerkavaModule:start] {"file":"/geelooy/games/sulam-ha-sod/js/data/enrichment/devilDeceptions.js","from":"geelooy/games/sulam-ha-sod/js/data/levelCruelty.js","resolvedFile":"/geelooy/games/sulam-ha-sod/js/data/enrichment/devilDeceptions.js","key":"geelooy/games/sulam-ha-sod/js/data/enrichment/devilDeceptions.js"}
[MerkavaModule:start] {"file":"/geelooy/games/sulam-ha-sod/js/data/enrichment/devilDeceptions.js","from":"geelooy/games/sulam-ha-sod/js/data/levelCruelty.js","resolvedFile":"/geelooy/games/sulam-ha-sod/js/data/enrichment/devilDeceptions.js","key":"geelooy/games/sulam-ha-sod/js/data/enrichment/devilDeceptions.js"}
[MerkavaModule:done] {"key":"geelooy/games/sulam-ha-sod/js/data/enrichment/devilDeceptions.js","exports":["addDevilDeceptions"]}
[MerkavaModule:start] {"file":"/geelooy/games/sulam-ha-sod/js/data/enrichment/legacyHardening.js","from":"geelooy/games/sulam-ha-sod/js/data/levelCruelty.js","resolvedFile":"/geelooy/games/sulam-ha-sod/js/data/enrichment/legacyHardening.js","key":"geelooy/games/sulam-ha-sod/js/data/enrichment/legacyHardening.js"}
[MerkavaModule:start] {"file":"/geelooy/games/sulam-ha-sod/js/data/enrichment/legacyHardening.js","from":"geelooy/games/sulam-ha-sod/js/data/levelCruelty.js","resolvedFile":"/geelooy/games/sulam-ha-sod/js/data/enrichment/legacyHardening.js","key":"geelooy/games/sulam-ha-sod/js/data/enrichment/legacyHardening.js"}
[MerkavaModule:done] {"key":"geelooy/games/sulam-ha-sod/js/data/enrichment/legacyHardening.js","exports":["addLegacyHardening"]}
[MerkavaModule:start] {"file":"/geelooy/games/sulam-ha-sod/js/data/enrichment/fairness.js","from":"geelooy/games/sulam-ha-sod/js/data/levelCruelty.js","resolvedFile":"/geelooy/games/sulam-ha-sod/js/data/enrichment/fairness.js","key":"geelooy/games/sulam-ha-sod/js/data/enrichment/fairness.js"}
[MerkavaModule:start] {"file":"/geelooy/games/sulam-ha-sod/js/data/enrichment/fairness.js","from":"geelooy/games/sulam-ha-sod/js/data/levelCruelty.js","resolvedFile":"/geelooy/games/sulam-ha-sod/js/data/enrichment/fairness.js","key":"geelooy/games/sulam-ha-sod/js/data/enrichment/fairness.js"}
[MerkavaModule:done] {"key":"geelooy/games/sulam-ha-sod/js/data/enrichment/fairness.js","exports":["applyHumanFairness"]}
[MerkavaModule:done] {"key":"geelooy/games/sulam-ha-sod/js/data/levelCruelty.js","exports":["enrichLevel"]}
[MerkavaModule:start] {"file":"/geelooy/games/sulam-ha-sod/js/data/levels/level01-malchus.js","from":"geelooy/games/sulam-ha-sod/js/data/levels.js","resolvedFile":"/geelooy/games/sulam-ha-sod/js/data/levels/level01-malchus.js","key":"geelooy/games/sulam-ha-sod/js/data/levels/level01-malchus.js"}
[MerkavaModule:start] {"file":"/geelooy/games/sulam-ha-sod/js/data/levels/level01-malchus.js","from":"geelooy/games/sulam-ha-sod/js/data/levels.js","resolvedFile":"/geelooy/games/sulam-ha-sod/js/data/levels/level01-malchus.js","key":"geelooy/games/sulam-ha-sod/js/data/levels/level01-malchus.js"}
[MerkavaModule:start] {"file":"/geelooy/games/sulam-ha-sod/js/data/levels/level01-malchus/terrain.js","from":"geelooy/games/sulam-ha-sod/js/data/levels/level01-malchus.js","resolvedFile":"/geelooy/games/sulam-ha-sod/js/data/levels/level01-malchus/terrain.js","key":"geelooy/games/sulam-ha-sod/js/data/levels/level01-malchus/terrain.js"}
[MerkavaModule:start] {"file":"/geelooy/games/sulam-ha-sod/js/data/levels/level01-malchus/terrain.js","from":"geelooy/games/sulam-ha-sod/js/data/levels/level01-malchus.js","resolvedFile":"/geelooy/games/sulam-ha-sod/js/data/levels/level01-malchus/terrain.js","key":"geelooy/games/sulam-ha-sod/js/data/levels/level01-malchus/terrain.js"}
[MerkavaModule:done] {"key":"geelooy/games/sulam-ha-sod/js/data/levels/level01-malchus/terrain.js","exports":["malchusPlatforms","malchusRotors","malchusTricks"]}
[MerkavaModule:start] {"file":"/geelooy/games/sulam-ha-sod/js/data/levels/level01-malchus/actors.js","from":"geelooy/games/sulam-ha-sod/js/data/levels/level01-malchus.js","resolvedFile":"/geelooy/games/sulam-ha-sod/js/data/levels/level01-malchus/actors.js","key":"geelooy/games/sulam-ha-sod/js/data/levels/level01-malchus/actors.js"}
[MerkavaModule:start] {"file":"/geelooy/games/sulam-ha-sod/js/data/levels/level01-malchus/actors.js","from":"geelooy/games/sulam-ha-sod/js/data/levels/level01-malchus.js","resolvedFile":"/geelooy/games/sulam-ha-sod/js/data/levels/level01-malchus/actors.js","key":"geelooy/games/sulam-ha-sod/js/data/levels/level01-malchus/actors.js"}
[MerkavaModule:done] {"key":"geelooy/games/sulam-ha-sod/js/data/levels/level01-malchus/actors.js","exports":["malchusCoins","malchusKeys","malchusSpikes","malchusEnemies","malchusExtra"]}
[MerkavaModule:start] {"file":"/geelooy/games/sulam-ha-sod/js/data/levels/level01-malchus/story.js","from":"geelooy/games/sulam-ha-sod/js/data/levels/level01-malchus.js","resolvedFile":"/geelooy/games/sulam-ha-sod/js/data/levels/level01-malchus/story.js","key":"geelooy/games/sulam-ha-sod/js/data/levels/level01-malchus/story.js"}
[MerkavaModule:start] {"file":"/geelooy/games/sulam-ha-sod/js/data/levels/level01-malchus/story.js","from":"geelooy/games/sulam-ha-sod/js/data/levels/level01-malchus.js","resolvedFile":"/geelooy/games/sulam-ha-sod/js/data/levels/level01-malchus/story.js","key":"geelooy/games/sulam-ha-sod/js/data/levels/level01-malchus/story.js"}
[MerkavaModule:done] {"key":"geelooy/games/sulam-ha-sod/js/data/levels/level01-malchus/story.js","exports":["malchusTriggers","malchusLore"]}
[MerkavaModule:done] {"key":"geelooy/games/sulam-ha-sod/js/data/levels/level01-malchus.js","exports":["level01"]}
[MerkavaModule:start] {"file":"/geelooy/games/sulam-ha-sod/js/data/levels/level02-yesod.js","from":"geelooy/games/sulam-ha-sod/js/data/levels.js","resolvedFile":"/geelooy/games/sulam-ha-sod/js/data/levels/level02-yesod.js","key":"geelooy/games/sulam-ha-sod/js/data/levels/level02-yesod.js"}
[MerkavaModule:start] {"file":"/geelooy/games/sulam-ha-sod/js/data/levels/level02-yesod.js","from":"geelooy/games/sulam-ha-sod/js/data/levels.js","resolvedFile":"/geelooy/games/sulam-ha-sod/js/data/levels/level02-yesod.js","key":"geelooy/games/sulam-ha-sod/js/data/levels/level02-yesod.js"}
[MerkavaModule:start] {"file":"/geelooy/games/sulam-ha-sod/js/data/levels/level02-yesod/terrain.js","from":"geelooy/games/sulam-ha-sod/js/data/levels/level02-yesod.js","resolvedFile":"/geelooy/games/sulam-ha-sod/js/data/levels/level02-yesod/terrain.js","key":"geelooy/games/sulam-ha-sod/js/data/levels/level02-yesod/terrain.js"}
[MerkavaModule:start] {"file":"/geelooy/games/sulam-ha-sod/js/data/levels/level02-yesod/terrain.js","from":"geelooy/games/sulam-ha-sod/js/data/levels/level02-yesod.js","resolvedFile":"/geelooy/games/sulam-ha-sod/js/data/levels/level02-yesod/terrain.js","key":"geelooy/games/sulam-ha-sod/js/data/levels/level02-yesod/terrain.js"}
[MerkavaModule:done] {"key":"geelooy/games/sulam-ha-sod/js/data/levels/level02-yesod/terrain.js","exports":["yesodPlatforms","yesodRotors","yesodTricks"]}
[MerkavaModule:start] {"file":"/geelooy/games/sulam-ha-sod/js/data/levels/level02-yesod/actors.js","from":"geelooy/games/sulam-ha-sod/js/data/levels/level02-yesod.js","resolvedFile":"/geelooy/games/sulam-ha-sod/js/data/levels/level02-yesod/actors.js","key":"geelooy/games/sulam-ha-sod/js/data/levels/level02-yesod/actors.js"}
[MerkavaModule:start] {"file":"/geelooy/games/sulam-ha-sod/js/data/levels/level02-yesod/actors.js","from":"geelooy/games/sulam-ha-sod/js/data/levels/level02-yesod.js","resolvedFile":"/geelooy/games/sulam-ha-sod/js/data/levels/level02-yesod/actors.js","key":"geelooy/games/sulam-ha-sod/js/data/levels/level02-yesod/actors.js"}
[MerkavaModule:done] {"key":"geelooy/games/sulam-ha-sod/js/data/levels/level02-yesod/actors.js","exports":["yesodCoins","yesodKeys","yesodSpikes","yesodEnemies","yesodExtra"]}
[MerkavaModule:start] {"file":"/geelooy/games/sulam-ha-sod/js/data/levels/level02-yesod/story.js","from":"geelooy/games/sulam-ha-sod/js/data/levels/level02-yesod.js","resolvedFile":"/geelooy/games/sulam-ha-sod/js/data/levels/level02-yesod/story.js","key":"geelooy/games/sulam-ha-sod/js/data/levels/level02-yesod/story.js"}
[MerkavaModule:start] {"file":"/geelooy/games/sulam-ha-sod/js/data/levels/level02-yesod/story.js","from":"geelooy/games/sulam-ha-sod/js/data/levels/level02-yesod.js","resolvedFile":"/geelooy/games/sulam-ha-sod/js/data/levels/level02-yesod/story.js","key":"geelooy/games/sulam-ha-sod/js/data/levels/level02-yesod/story.js"}
[MerkavaModule:done] {"key":"geelooy/games/sulam-ha-sod/js/data/levels/level02-yesod/story.js","exports":["yesodTriggers","yesodLore"]}
[MerkavaModule:done] {"key":"geelooy/games/sulam-ha-sod/js/data/levels/level02-yesod.js","exports":["level02"]}
[MerkavaModule:start] {"file":"/geelooy/games/sulam-ha-sod/js/data/levels/level03-hod.js","from":"geelooy/games/sulam-ha-sod/js/data/levels.js","resolvedFile":"/geelooy/games/sulam-ha-sod/js/data/levels/level03-hod.js","key":"geelooy/games/sulam-ha-sod/js/data/levels/level03-hod.js"}
[MerkavaModule:start] {"file":"/geelooy/games/sulam-ha-sod/js/data/levels/level03-hod.js","from":"geelooy/games/sulam-ha-sod/js/data/levels.js","resolvedFile":"/geelooy/games/sulam-ha-sod/js/data/levels/level03-hod.js","key":"geelooy/games/sulam-ha-sod/js/data/levels/level03-hod.js"}
[MerkavaModule:start] {"file":"/geelooy/games/sulam-ha-sod/js/data/levels/level03-hod/terrain.js","from":"geelooy/games/sulam-ha-sod/js/data/levels/level03-hod.js","resolvedFile":"/geelooy/games/sulam-ha-sod/js/data/levels/level03-hod/terrain.js","key":"geelooy/games/sulam-ha-sod/js/data/levels/level03-hod/terrain.js"}
[MerkavaModule:start] {"file":"/geelooy/games/sulam-ha-sod/js/data/levels/level03-hod/terrain.js","from":"geelooy/games/sulam-ha-sod/js/data/levels/level03-hod.js","resolvedFile":"/geelooy/games/sulam-ha-sod/js/data/levels/level03-hod/terrain.js","key":"geelooy/games/sulam-ha-sod/js/data/levels/level03-hod/terrain.js"}
[MerkavaModule:done] {"key":"geelooy/games/sulam-ha-sod/js/data/levels/level03-hod/terrain.js","exports":["hodPlatforms","hodRotors","hodTricks"]}
[MerkavaModule:start] {"file":"/geelooy/games/sulam-ha-sod/js/data/levels/level03-hod/actors.js","from":"geelooy/games/sulam-ha-sod/js/data/levels/level03-hod.js","resolvedFile":"/geelooy/games/sulam-ha-sod/js/data/levels/level03-hod/actors.js","key":"geelooy/games/sulam-ha-sod/js/data/levels/level03-hod/actors.js"}
[MerkavaModule:start] {"file":"/geelooy/games/sulam-ha-sod/js/data/levels/level03-hod/actors.js","from":"geelooy/games/sulam-ha-sod/js/data/levels/level03-hod.js","resolvedFile":"/geelooy/games/sulam-ha-sod/js/data/levels/level03-hod/actors.js","key":"geelooy/games/sulam-ha-sod/js/data/levels/level03-hod/actors.js"}
[MerkavaModule:done] {"key":"geelooy/games/sulam-ha-sod/js/data/levels/level03-hod/actors.js","exports":["hodCoins","hodKeys","hodSpikes","hodEnemies","hodExtra"]}
[MerkavaModule:start] {"file":"/geelooy/games/sulam-ha-sod/js/data/levels/level03-hod/story.js","from":"geelooy/games/sulam-ha-sod/js/data/levels/level03-hod.js","resolvedFile":"/geelooy/games/sulam-ha-sod/js/data/levels/level03-hod/story.js","key":"geelooy/games/sulam-ha-sod/js/data/levels/level03-hod/story.js"}
[MerkavaModule:start] {"file":"/geelooy/games/sulam-ha-sod/js/data/levels/level03-hod/story.js","from":"geelooy/games/sulam-ha-sod/js/data/levels/level03-hod.js","resolvedFile":"/geelooy/games/sulam-ha-sod/js/data/levels/level03-hod/story.js","key":"geelooy/games/sulam-ha-sod/js/data/levels/level03-hod/story.js"}
[MerkavaModule:done] {"key":"geelooy/games/sulam-ha-sod/js/data/levels/level03-hod/story.js","exports":["hodTriggers","hodLore"]}
[MerkavaModule:done] {"key":"geelooy/games/sulam-ha-sod/js/data/levels/level03-hod.js","exports":["level03"]}
[MerkavaModule:start] {"file":"/geelooy/games/sulam-ha-sod/js/data/levels/level04-netzach.js","from":"geelooy/games/sulam-ha-sod/js/data/levels.js","resolvedFile":"/geelooy/games/sulam-ha-sod/js/data/levels/level04-netzach.js","key":"geelooy/games/sulam-ha-sod/js/data/levels/level04-netzach.js"}
[MerkavaModule:start] {"file":"/geelooy/games/sulam-ha-sod/js/data/levels/level04-netzach.js","from":"geelooy/games/sulam-ha-sod/js/data/levels.js","resolvedFile":"/geelooy/games/sulam-ha-sod/js/data/levels/level04-netzach.js","key":"geelooy/games/sulam-ha-sod/js/data/levels/level04-netzach.js"}
[MerkavaModule:start] {"file":"/geelooy/games/sulam-ha-sod/js/data/levels/level04-netzach/terrain.js","from":"geelooy/games/sulam-ha-sod/js/data/levels/level04-netzach.js","resolvedFile":"/geelooy/games/sulam-ha-sod/js/data/levels/level04-netzach/terrain.js","key":"geelooy/games/sulam-ha-sod/js/data/levels/level04-netzach/terrain.js"}
[MerkavaModule:start] {"file":"/geelooy/games/sulam-ha-sod/js/data/levels/level04-netzach/terrain.js","from":"geelooy/games/sulam-ha-sod/js/data/levels/level04-netzach.js","resolvedFile":"/geelooy/games/sulam-ha-sod/js/data/levels/level04-netzach/terrain.js","key":"geelooy/games/sulam-ha-sod/js/data/levels/level04-netzach/terrain.js"}
[MerkavaModule:done] {"key":"geelooy/games/sulam-ha-sod/js/data/levels/level04-netzach/terrain.js","exports":["netzachPlatforms","netzachRotors","netzachTricks"]}
[MerkavaModule:start] {"file":"/geelooy/games/sulam-ha-sod/js/data/levels/level04-netzach/actors.js","from":"geelooy/games/sulam-ha-sod/js/data/levels/level04-netzach.js","resolvedFile":"/geelooy/games/sulam-ha-sod/js/data/levels/level04-netzach/actors.js","key":"geelooy/games/sulam-ha-sod/js/data/levels/level04-netzach/actors.js"}
[MerkavaModule:start] {"file":"/geelooy/games/sulam-ha-sod/js/data/levels/level04-netzach/actors.js","from":"geelooy/games/sulam-ha-sod/js/data/levels/level04-netzach.js","resolvedFile":"/geelooy/games/sulam-ha-sod/js/data/levels/level04-netzach/actors.js","key":"geelooy/games/sulam-ha-sod/js/data/levels/level04-netzach/actors.js"}
[MerkavaModule:done] {"key":"geelooy/games/sulam-ha-sod/js/data/levels/level04-netzach/actors.js","exports":["netzachCoins","netzachKeys","netzachSpikes","netzachEnemies","netzachExtra"]}
[MerkavaModule:start] {"file":"/geelooy/games/sulam-ha-sod/js/data/levels/level04-netzach/story.js","from":"geelooy/games/sulam-ha-sod/js/data/levels/level04-netzach.js","resolvedFile":"/geelooy/games/sulam-ha-sod/js/data/levels/level04-netzach/story.js","key":"geelooy/games/sulam-ha-sod/js/data/levels/level04-netzach/story.js"}
[MerkavaModule:start] {"file":"/geelooy/games/sulam-ha-sod/js/data/levels/level04-netzach/story.js","from":"geelooy/games/sulam-ha-sod/js/data/levels/level04-netzach.js","resolvedFile":"/geelooy/games/sulam-ha-sod/js/data/levels/level04-netzach/story.js","key":"geelooy/games/sulam-ha-sod/js/data/levels/level04-netzach/story.js"}
[MerkavaModule:done] {"key":"geelooy/games/sulam-ha-sod/js/data/levels/level04-netzach/story.js","exports":["netzachTriggers","netzachLore"]}
[MerkavaModule:done] {"key":"geelooy/games/sulam-ha-sod/js/data/levels/level04-netzach.js","exports":["level04"]}
[MerkavaModule:start] {"file":"/geelooy/games/sulam-ha-sod/js/data/levels/level05-gevurah.js","from":"geelooy/games/sulam-ha-sod/js/data/levels.js","resolvedFile":"/geelooy/games/sulam-ha-sod/js/data/levels/level05-gevurah.js","key":"geelooy/games/sulam-ha-sod/js/data/levels/level05-gevurah.js"}
[MerkavaModule:start] {"file":"/geelooy/games/sulam-ha-sod/js/data/levels/level05-gevurah.js","from":"geelooy/games/sulam-ha-sod/js/data/levels.js","resolvedFile":"/geelooy/games/sulam-ha-sod/js/data/levels/level05-gevurah.js","key":"geelooy/games/sulam-ha-sod/js/data/levels/level05-gevurah.js"}
[MerkavaModule:start] {"file":"/geelooy/games/sulam-ha-sod/js/data/levels/level05-gevurah/terrain.js","from":"geelooy/games/sulam-ha-sod/js/data/levels/level05-gevurah.js","resolvedFile":"/geelooy/games/sulam-ha-sod/js/data/levels/level05-gevurah/terrain.js","key":"geelooy/games/sulam-ha-sod/js/data/levels/level05-gevurah/terrain.js"}
[MerkavaModule:start] {"file":"/geelooy/games/sulam-ha-sod/js/data/levels/level05-gevurah/terrain.js","from":"geelooy/games/sulam-ha-sod/js/data/levels/level05-gevurah.js","resolvedFile":"/geelooy/games/sulam-ha-sod/js/data/levels/level05-gevurah/terrain.js","key":"geelooy/games/sulam-ha-sod/js/data/levels/level05-gevurah/terrain.js"}
[MerkavaModule:done] {"key":"geelooy/games/sulam-ha-sod/js/data/levels/level05-gevurah/terrain.js","exports":["gevurahPlatforms","gevurahRotors","gevurahTricks"]}
[MerkavaModule:start] {"file":"/geelooy/games/sulam-ha-sod/js/data/levels/level05-gevurah/actors.js","from":"geelooy/games/sulam-ha-sod/js/data/levels/level05-gevurah.js","resolvedFile":"/geelooy/games/sulam-ha-sod/js/data/levels/level05-gevurah/actors.js","key":"geelooy/games/sulam-ha-sod/js/data/levels/level05-gevurah/actors.js"}
[MerkavaModule:start] {"file":"/geelooy/games/sulam-ha-sod/js/data/levels/level05-gevurah/actors.js","from":"geelooy/games/sulam-ha-sod/js/data/levels/level05-gevurah.js","resolvedFile":"/geelooy/games/sulam-ha-sod/js/data/levels/level05-gevurah/actors.js","key":"geelooy/games/sulam-ha-sod/js/data/levels/level05-gevurah/actors.js"}
[MerkavaModule:done] {"key":"geelooy/games/sulam-ha-sod/js/data/levels/level05-gevurah/actors.js","exports":["gevurahCoins","gevurahKeys","gevurahSpikes","gevurahEnemies","gevurahExtra"]}
[MerkavaModule:start] {"file":"/geelooy/games/sulam-ha-sod/js/data/levels/level05-gevurah/story.js","from":"geelooy/games/sulam-ha-sod/js/data/levels/level05-gevurah.js","resolvedFile":"/geelooy/games/sulam-ha-sod/js/data/levels/level05-gevurah/story.js","key":"geelooy/games/sulam-ha-sod/js/data/levels/level05-gevurah/story.js"}
[MerkavaModule:start] {"file":"/geelooy/games/sulam-ha-sod/js/data/levels/level05-gevurah/story.js","from":"geelooy/games/sulam-ha-sod/js/data/levels/level05-gevurah.js","resolvedFile":"/geelooy/games/sulam-ha-sod/js/data/levels/level05-gevurah/story.js","key":"geelooy/games/sulam-ha-sod/js/data/levels/level05-gevurah/story.js"}
[MerkavaModule:done] {"key":"geelooy/games/sulam-ha-sod/js/data/levels/level05-gevurah/story.js","exports":["gevurahTriggers","gevurahLore"]}
[MerkavaModule:done] {"key":"geelooy/games/sulam-ha-sod/js/data/levels/level05-gevurah.js","exports":["level05"]}
[MerkavaModule:start] {"file":"/geelooy/games/sulam-ha-sod/js/data/levels/level06-tiferes.js","from":"geelooy/games/sulam-ha-sod/js/data/levels.js","resolvedFile":"/geelooy/games/sulam-ha-sod/js/data/levels/level06-tiferes.js","key":"geelooy/games/sulam-ha-sod/js/data/levels/level06-tiferes.js"}
[MerkavaModule:start] {"file":"/geelooy/games/sulam-ha-sod/js/data/levels/level06-tiferes.js","from":"geelooy/games/sulam-ha-sod/js/data/levels.js","resolvedFile":"/geelooy/games/sulam-ha-sod/js/data/levels/level06-tiferes.js","key":"geelooy/games/sulam-ha-sod/js/data/levels/level06-tiferes.js"}
[MerkavaModule:done] {"key":"geelooy/games/sulam-ha-sod/js/data/levels/level06-tiferes.js","exports":["level06"]}
[MerkavaModule:start] {"file":"/geelooy/games/sulam-ha-sod/js/data/levels/level07-chesed.js","from":"geelooy/games/sulam-ha-sod/js/data/levels.js","resolvedFile":"/geelooy/games/sulam-ha-sod/js/data/levels/level07-chesed.js","key":"geelooy/games/sulam-ha-sod/js/data/levels/level07-chesed.js"}
[MerkavaModule:start] {"file":"/geelooy/games/sulam-ha-sod/js/data/levels/level07-chesed.js","from":"geelooy/games/sulam-ha-sod/js/data/levels.js","resolvedFile":"/geelooy/games/sulam-ha-sod/js/data/levels/level07-chesed.js","key":"geelooy/games/sulam-ha-sod/js/data/levels/level07-chesed.js"}
[MerkavaModule:done] {"key":"geelooy/games/sulam-ha-sod/js/data/levels/level07-chesed.js","exports":["level07"]}
[MerkavaModule:start] {"file":"/geelooy/games/sulam-ha-sod/js/data/levels/level08-binah.js","from":"geelooy/games/sulam-ha-sod/js/data/levels.js","resolvedFile":"/geelooy/games/sulam-ha-sod/js/data/levels/level08-binah.js","key":"geelooy/games/sulam-ha-sod/js/data/levels/level08-binah.js"}
[MerkavaModule:start] {"file":"/geelooy/games/sulam-ha-sod/js/data/levels/level08-binah.js","from":"geelooy/games/sulam-ha-sod/js/data/levels.js","resolvedFile":"/geelooy/games/sulam-ha-sod/js/data/levels/level08-binah.js","key":"geelooy/games/sulam-ha-sod/js/data/levels/level08-binah.js"}
[MerkavaModule:done] {"key":"geelooy/games/sulam-ha-sod/js/data/levels/level08-binah.js","exports":["level08"]}
[MerkavaModule:start] {"file":"/geelooy/games/sulam-ha-sod/js/data/levels/level09-chochmah.js","from":"geelooy/games/sulam-ha-sod/js/data/levels.js","resolvedFile":"/geelooy/games/sulam-ha-sod/js/data/levels/level09-chochmah.js","key":"geelooy/games/sulam-ha-sod/js/data/levels/level09-chochmah.js"}
[MerkavaModule:start] {"file":"/geelooy/games/sulam-ha-sod/js/data/levels/level09-chochmah.js","from":"geelooy/games/sulam-ha-sod/js/data/levels.js","resolvedFile":"/geelooy/games/sulam-ha-sod/js/data/levels/level09-chochmah.js","key":"geelooy/games/sulam-ha-sod/js/data/levels/level09-chochmah.js"}
[MerkavaModule:done] {"key":"geelooy/games/sulam-ha-sod/js/data/levels/level09-chochmah.js","exports":["level09"]}
[MerkavaModule:start] {"file":"/geelooy/games/sulam-ha-sod/js/data/levels/level10-keter.js","from":"geelooy/games/sulam-ha-sod/js/data/levels.js","resolvedFile":"/geelooy/games/sulam-ha-sod/js/data/levels/level10-keter.js","key":"geelooy/games/sulam-ha-sod/js/data/levels/level10-keter.js"}
[MerkavaModule:start] {"file":"/geelooy/games/sulam-ha-sod/js/data/levels/level10-keter.js","from":"geelooy/games/sulam-ha-sod/js/data/levels.js","resolvedFile":"/geelooy/games/sulam-ha-sod/js/data/levels/level10-keter.js","key":"geelooy/games/sulam-ha-sod/js/data/levels/level10-keter.js"}
[MerkavaModule:done] {"key":"geelooy/games/sulam-ha-sod/js/data/levels/level10-keter.js","exports":["level10"]}
[MerkavaModule:start] {"file":"/geelooy/games/sulam-ha-sod/js/data/levels/level11-daas.js","from":"geelooy/games/sulam-ha-sod/js/data/levels.js","resolvedFile":"/geelooy/games/sulam-ha-sod/js/data/levels/level11-daas.js","key":"geelooy/games/sulam-ha-sod/js/data/levels/level11-daas.js"}
[MerkavaModule:start] {"file":"/geelooy/games/sulam-ha-sod/js/data/levels/level11-daas.js","from":"geelooy/games/sulam-ha-sod/js/data/levels.js","resolvedFile":"/geelooy/games/sulam-ha-sod/js/data/levels/level11-daas.js","key":"geelooy/games/sulam-ha-sod/js/data/levels/level11-daas.js"}
[MerkavaModule:done] {"key":"geelooy/games/sulam-ha-sod/js/data/levels/level11-daas.js","exports":["level11"]}
[MerkavaModule:start] {"file":"/geelooy/games/sulam-ha-sod/js/data/levels/level12-ayin.js","from":"geelooy/games/sulam-ha-sod/js/data/levels.js","resolvedFile":"/geelooy/games/sulam-ha-sod/js/data/levels/level12-ayin.js","key":"geelooy/games/sulam-ha-sod/js/data/levels/level12-ayin.js"}
[MerkavaModule:start] {"file":"/geelooy/games/sulam-ha-sod/js/data/levels/level12-ayin.js","from":"geelooy/games/sulam-ha-sod/js/data/levels.js","resolvedFile":"/geelooy/games/sulam-ha-sod/js/data/levels/level12-ayin.js","key":"geelooy/games/sulam-ha-sod/js/data/levels/level12-ayin.js"}
[MerkavaModule:done] {"key":"geelooy/games/sulam-ha-sod/js/data/levels/level12-ayin.js","exports":["level12"]}
[MerkavaModule:start] {"file":"/geelooy/games/sulam-ha-sod/js/data/levels/level13-atika.js","from":"geelooy/games/sulam-ha-sod/js/data/levels.js","resolvedFile":"/geelooy/games/sulam-ha-sod/js/data/levels/level13-atika.js","key":"geelooy/games/sulam-ha-sod/js/data/levels/level13-atika.js"}
[MerkavaModule:start] {"file":"/geelooy/games/sulam-ha-sod/js/data/levels/level13-atika.js","from":"geelooy/games/sulam-ha-sod/js/data/levels.js","resolvedFile":"/geelooy/games/sulam-ha-sod/js/data/levels/level13-atika.js","key":"geelooy/games/sulam-ha-sod/js/data/levels/level13-atika.js"}
[MerkavaModule:done] {"key":"geelooy/games/sulam-ha-sod/js/data/levels/level13-atika.js","exports":["level13"]}
[MerkavaModule:start] {"file":"/geelooy/games/sulam-ha-sod/js/data/levels/level14-einsof.js","from":"geelooy/games/sulam-ha-sod/js/data/levels.js","resolvedFile":"/geelooy/games/sulam-ha-sod/js/data/levels/level14-einsof.js","key":"geelooy/games/sulam-ha-sod/js/data/levels/level14-einsof.js"}
[MerkavaModule:start] {"file":"/geelooy/games/sulam-ha-sod/js/data/levels/level14-einsof.js","from":"geelooy/games/sulam-ha-sod/js/data/levels.js","resolvedFile":"/geelooy/games/sulam-ha-sod/js/data/levels/level14-einsof.js","key":"geelooy/games/sulam-ha-sod/js/data/levels/level14-einsof.js"}
[MerkavaModule:done] {"key":"geelooy/games/sulam-ha-sod/js/data/levels/level14-einsof.js","exports":["level14"]}
[MerkavaModule:start] {"file":"/geelooy/games/sulam-ha-sod/js/data/levels/level15-razor-ayin.js","from":"geelooy/games/sulam-ha-sod/js/data/levels.js","resolvedFile":"/geelooy/games/sulam-ha-sod/js/data/levels/level15-razor-ayin.js","key":"geelooy/games/sulam-ha-sod/js/data/levels/level15-razor-ayin.js"}
[MerkavaModule:start] {"file":"/geelooy/games/sulam-ha-sod/js/data/levels/level15-razor-ayin.js","from":"geelooy/games/sulam-ha-sod/js/data/levels.js","resolvedFile":"/geelooy/games/sulam-ha-sod/js/data/levels/level15-razor-ayin.js","key":"geelooy/games/sulam-ha-sod/js/data/levels/level15-razor-ayin.js"}
[MerkavaModule:done] {"key":"geelooy/games/sulam-ha-sod/js/data/levels/level15-razor-ayin.js","exports":["level15"]}
[MerkavaModule:start] {"file":"/geelooy/games/sulam-ha-sod/js/data/levels/level16-trust-breaker.js","from":"geelooy/games/sulam-ha-sod/js/data/levels.js","resolvedFile":"/geelooy/games/sulam-ha-sod/js/data/levels/level16-trust-breaker.js","key":"geelooy/games/sulam-ha-sod/js/data/levels/level16-trust-breaker.js"}
[MerkavaModule:start] {"file":"/geelooy/games/sulam-ha-sod/js/data/levels/level16-trust-breaker.js","from":"geelooy/games/sulam-ha-sod/js/data/levels.js","resolvedFile":"/geelooy/games/sulam-ha-sod/js/data/levels/level16-trust-breaker.js","key":"geelooy/games/sulam-ha-sod/js/data/levels/level16-trust-breaker.js"}
[MerkavaModule:done] {"key":"geelooy/games/sulam-ha-sod/js/data/levels/level16-trust-breaker.js","exports":["level16"]}
[MerkavaModule:start] {"file":"/geelooy/games/sulam-ha-sod/js/data/levels/level17-bait-vault.js","from":"geelooy/games/sulam-ha-sod/js/data/levels.js","resolvedFile":"/geelooy/games/sulam-ha-sod/js/data/levels/level17-bait-vault.js","key":"geelooy/games/sulam-ha-sod/js/data/levels/level17-bait-vault.js"}
[MerkavaModule:start] {"file":"/geelooy/games/sulam-ha-sod/js/data/levels/level17-bait-vault.js","from":"geelooy/games/sulam-ha-sod/js/data/levels.js","resolvedFile":"/geelooy/games/sulam-ha-sod/js/data/levels/level17-bait-vault.js","key":"geelooy/games/sulam-ha-sod/js/data/levels/level17-bait-vault.js"}
[MerkavaModule:done] {"key":"geelooy/games/sulam-ha-sod/js/data/levels/level17-bait-vault.js","exports":["level17"]}
[MerkavaModule:start] {"file":"/geelooy/games/sulam-ha-sod/js/data/levels/level18-no-autopilot.js","from":"geelooy/games/sulam-ha-sod/js/data/levels.js","resolvedFile":"/geelooy/games/sulam-ha-sod/js/data/levels/level18-no-autopilot.js","key":"geelooy/games/sulam-ha-sod/js/data/levels/level18-no-autopilot.js"}
[MerkavaModule:start] {"file":"/geelooy/games/sulam-ha-sod/js/data/levels/level18-no-autopilot.js","from":"geelooy/games/sulam-ha-sod/js/data/levels.js","resolvedFile":"/geelooy/games/sulam-ha-sod/js/data/levels/level18-no-autopilot.js","key":"geelooy/games/sulam-ha-sod/js/data/levels/level18-no-autopilot.js"}
[MerkavaModule:done] {"key":"geelooy/games/sulam-ha-sod/js/data/levels/level18-no-autopilot.js","exports":["level18"]}
[MerkavaModule:start] {"file":"/geelooy/games/sulam-ha-sod/js/data/levels/level19-hidden-manna.js","from":"geelooy/games/sulam-ha-sod/js/data/levels.js","resolvedFile":"/geelooy/games/sulam-ha-sod/js/data/levels/level19-hidden-manna.js","key":"geelooy/games/sulam-ha-sod/js/data/levels/level19-hidden-manna.js"}
[MerkavaModule:start] {"file":"/geelooy/games/sulam-ha-sod/js/data/levels/level19-hidden-manna.js","from":"geelooy/games/sulam-ha-sod/js/data/levels.js","resolvedFile":"/geelooy/games/sulam-ha-sod/js/data/levels/level19-hidden-manna.js","key":"geelooy/games/sulam-ha-sod/js/data/levels/level19-hidden-manna.js"}
[MerkavaModule:done] {"key":"geelooy/games/sulam-ha-sod/js/data/levels/level19-hidden-manna.js","exports":["level19"]}
[MerkavaModule:start] {"file":"/geelooy/games/sulam-ha-sod/js/data/levels/level20-crown-of-return.js","from":"geelooy/games/sulam-ha-sod/js/data/levels.js","resolvedFile":"/geelooy/games/sulam-ha-sod/js/data/levels/level20-crown-of-return.js","key":"geelooy/games/sulam-ha-sod/js/data/levels/level20-crown-of-return.js"}
[MerkavaModule:start] {"file":"/geelooy/games/sulam-ha-sod/js/data/levels/level20-crown-of-return.js","from":"geelooy/games/sulam-ha-sod/js/data/levels.js","resolvedFile":"/geelooy/games/sulam-ha-sod/js/data/levels/level20-crown-of-return.js","key":"geelooy/games/sulam-ha-sod/js/data/levels/level20-crown-of-return.js"}
[MerkavaModule:done] {"key":"geelooy/games/sulam-ha-sod/js/data/levels/level20-crown-of-return.js","exports":["level20"]}
[MerkavaModule:start] {"file":"/geelooy/games/sulam-ha-sod/js/data/levels/level21-shattered-ledger.js","from":"geelooy/games/sulam-ha-sod/js/data/levels.js","resolvedFile":"/geelooy/games/sulam-ha-sod/js/data/levels/level21-shattered-ledger.js","key":"geelooy/games/sulam-ha-sod/js/data/levels/level21-shattered-ledger.js"}
[MerkavaModule:start] {"file":"/geelooy/games/sulam-ha-sod/js/data/levels/level21-shattered-ledger.js","from":"geelooy/games/sulam-ha-sod/js/data/levels.js","resolvedFile":"/geelooy/games/sulam-ha-sod/js/data/levels/level21-shattered-ledger.js","key":"geelooy/games/sulam-ha-sod/js/data/levels/level21-shattered-ledger.js"}
[MerkavaModule:done] {"key":"geelooy/games/sulam-ha-sod/js/data/levels/level21-shattered-ledger.js","exports":["level21"]}
[MerkavaModule:start] {"file":"/geelooy/games/sulam-ha-sod/js/data/levels/level22-mirror-market.js","from":"geelooy/games/sulam-ha-sod/js/data/levels.js","resolvedFile":"/geelooy/games/sulam-ha-sod/js/data/levels/level22-mirror-market.js","key":"geelooy/games/sulam-ha-sod/js/data/levels/level22-mirror-market.js"}
[MerkavaModule:start] {"file":"/geelooy/games/sulam-ha-sod/js/data/levels/level22-mirror-market.js","from":"geelooy/games/sulam-ha-sod/js/data/levels.js","resolvedFile":"/geelooy/games/sulam-ha-sod/js/data/levels/level22-mirror-market.js","key":"geelooy/games/sulam-ha-sod/js/data/levels/level22-mirror-market.js"}
[MerkavaModule:done] {"key":"geelooy/games/sulam-ha-sod/js/data/levels/level22-mirror-market.js","exports":["level22"]}
[MerkavaModule:start] {"file":"/geelooy/games/sulam-ha-sod/js/data/levels/level23-vertical-vault.js","from":"geelooy/games/sulam-ha-sod/js/data/levels.js","resolvedFile":"/geelooy/games/sulam-ha-sod/js/data/levels/level23-vertical-vault.js","key":"geelooy/games/sulam-ha-sod/js/data/levels/level23-vertical-vault.js"}
[MerkavaModule:start] {"file":"/geelooy/games/sulam-ha-sod/js/data/levels/level23-vertical-vault.js","from":"geelooy/games/sulam-ha-sod/js/data/levels.js","resolvedFile":"/geelooy/games/sulam-ha-sod/js/data/levels/level23-vertical-vault.js","key":"geelooy/games/sulam-ha-sod/js/data/levels/level23-vertical-vault.js"}
[MerkavaModule:done] {"key":"geelooy/games/sulam-ha-sod/js/data/levels/level23-vertical-vault.js","exports":["level23"]}
[MerkavaModule:start] {"file":"/geelooy/games/sulam-ha-sod/js/data/levels/level24-crown-auction.js","from":"geelooy/games/sulam-ha-sod/js/data/levels.js","resolvedFile":"/geelooy/games/sulam-ha-sod/js/data/levels/level24-crown-auction.js","key":"geelooy/games/sulam-ha-sod/js/data/levels/level24-crown-auction.js"}
[MerkavaModule:start] {"file":"/geelooy/games/sulam-ha-sod/js/data/levels/level24-crown-auction.js","from":"geelooy/games/sulam-ha-sod/js/data/levels.js","resolvedFile":"/geelooy/games/sulam-ha-sod/js/data/levels/level24-crown-auction.js","key":"geelooy/games/sulam-ha-sod/js/data/levels/level24-crown-auction.js"}
[MerkavaModule:done] {"key":"geelooy/games/sulam-ha-sod/js/data/levels/level24-crown-auction.js","exports":["level24"]}
[MerkavaModule:start] {"file":"/geelooy/games/sulam-ha-sod/js/data/levels/level25-natural-chain.js","from":"geelooy/games/sulam-ha-sod/js/data/levels.js","resolvedFile":"/geelooy/games/sulam-ha-sod/js/data/levels/level25-natural-chain.js","key":"geelooy/games/sulam-ha-sod/js/data/levels/level25-natural-chain.js"}
[MerkavaModule:start] {"file":"/geelooy/games/sulam-ha-sod/js/data/levels/level25-natural-chain.js","from":"geelooy/games/sulam-ha-sod/js/data/levels.js","resolvedFile":"/geelooy/games/sulam-ha-sod/js/data/levels/level25-natural-chain.js","key":"geelooy/games/sulam-ha-sod/js/data/levels/level25-natural-chain.js"}
[MerkavaModule:done] {"key":"geelooy/games/sulam-ha-sod/js/data/levels/level25-natural-chain.js","exports":["level25"]}
[MerkavaModule:start] {"file":"/geelooy/games/sulam-ha-sod/js/data/levels/level26-natural-chain.js","from":"geelooy/games/sulam-ha-sod/js/data/levels.js","resolvedFile":"/geelooy/games/sulam-ha-sod/js/data/levels/level26-natural-chain.js","key":"geelooy/games/sulam-ha-sod/js/data/levels/level26-natural-chain.js"}
[MerkavaModule:start] {"file":"/geelooy/games/sulam-ha-sod/js/data/levels/level26-natural-chain.js","from":"geelooy/games/sulam-ha-sod/js/data/levels.js","resolvedFile":"/geelooy/games/sulam-ha-sod/js/data/levels/level26-natural-chain.js","key":"geelooy/games/sulam-ha-sod/js/data/levels/level26-natural-chain.js"}
[MerkavaModule:done] {"key":"geelooy/games/sulam-ha-sod/js/data/levels/level26-natural-chain.js","exports":["level26"]}
[MerkavaModule:start] {"file":"/geelooy/games/sulam-ha-sod/js/data/levels/level27-natural-chain.js","from":"geelooy/games/sulam-ha-sod/js/data/levels.js","resolvedFile":"/geelooy/games/sulam-ha-sod/js/data/levels/level27-natural-chain.js","key":"geelooy/games/sulam-ha-sod/js/data/levels/level27-natural-chain.js"}
[MerkavaModule:start] {"file":"/geelooy/games/sulam-ha-sod/js/data/levels/level27-natural-chain.js","from":"geelooy/games/sulam-ha-sod/js/data/levels.js","resolvedFile":"/geelooy/games/sulam-ha-sod/js/data/levels/level27-natural-chain.js","key":"geelooy/games/sulam-ha-sod/js/data/levels/level27-natural-chain.js"}
[MerkavaModule:done] {"key":"geelooy/games/sulam-ha-sod/js/data/levels/level27-natural-chain.js","exports":["level27"]}
[MerkavaModule:start] {"file":"/geelooy/games/sulam-ha-sod/js/data/levels/level28-natural-chain.js","from":"geelooy/games/sulam-ha-sod/js/data/levels.js","resolvedFile":"/geelooy/games/sulam-ha-sod/js/data/levels/level28-natural-chain.js","key":"geelooy/games/sulam-ha-sod/js/data/levels/level28-natural-chain.js"}
[MerkavaModule:start] {"file":"/geelooy/games/sulam-ha-sod/js/data/levels/level28-natural-chain.js","from":"geelooy/games/sulam-ha-sod/js/data/levels.js","resolvedFile":"/geelooy/games/sulam-ha-sod/js/data/levels/level28-natural-chain.js","key":"geelooy/games/sulam-ha-sod/js/data/levels/level28-natural-chain.js"}
[MerkavaModule:done] {"key":"geelooy/games/sulam-ha-sod/js/data/levels/level28-natural-chain.js","exports":["level28"]}
[MerkavaModule:start] {"file":"/geelooy/games/sulam-ha-sod/js/data/levels/level29-natural-chain.js","from":"geelooy/games/sulam-ha-sod/js/data/levels.js","resolvedFile":"/geelooy/games/sulam-ha-sod/js/data/levels/level29-natural-chain.js","key":"geelooy/games/sulam-ha-sod/js/data/levels/level29-natural-chain.js"}
[MerkavaModule:start] {"file":"/geelooy/games/sulam-ha-sod/js/data/levels/level29-natural-chain.js","from":"geelooy/games/sulam-ha-sod/js/data/levels.js","resolvedFile":"/geelooy/games/sulam-ha-sod/js/data/levels/level29-natural-chain.js","key":"geelooy/games/sulam-ha-sod/js/data/levels/level29-natural-chain.js"}
[MerkavaModule:done] {"key":"geelooy/games/sulam-ha-sod/js/data/levels/level29-natural-chain.js","exports":["level29"]}
[MerkavaModule:start] {"file":"/geelooy/games/sulam-ha-sod/js/data/levels/level30-sky-oath.js","from":"geelooy/games/sulam-ha-sod/js/data/levels.js","resolvedFile":"/geelooy/games/sulam-ha-sod/js/data/levels/level30-sky-oath.js","key":"geelooy/games/sulam-ha-sod/js/data/levels/level30-sky-oath.js"}
[MerkavaModule:start] {"file":"/geelooy/games/sulam-ha-sod/js/data/levels/level30-sky-oath.js","from":"geelooy/games/sulam-ha-sod/js/data/levels.js","resolvedFile":"/geelooy/games/sulam-ha-sod/js/data/levels/level30-sky-oath.js","key":"geelooy/games/sulam-ha-sod/js/data/levels/level30-sky-oath.js"}
[MerkavaModule:done] {"key":"geelooy/games/sulam-ha-sod/js/data/levels/level30-sky-oath.js","exports":["level30"]}
[MerkavaModule:start] {"file":"/geelooy/games/sulam-ha-sod/js/data/levels/level31-echo-orchard.js","from":"geelooy/games/sulam-ha-sod/js/data/levels.js","resolvedFile":"/geelooy/games/sulam-ha-sod/js/data/levels/level31-echo-orchard.js","key":"geelooy/games/sulam-ha-sod/js/data/levels/level31-echo-orchard.js"}
[MerkavaModule:start] {"file":"/geelooy/games/sulam-ha-sod/js/data/levels/level31-echo-orchard.js","from":"geelooy/games/sulam-ha-sod/js/data/levels.js","resolvedFile":"/geelooy/games/sulam-ha-sod/js/data/levels/level31-echo-orchard.js","key":"geelooy/games/sulam-ha-sod/js/data/levels/level31-echo-orchard.js"}
[MerkavaModule:done] {"key":"geelooy/games/sulam-ha-sod/js/data/levels/level31-echo-orchard.js","exports":["level31"]}
[MerkavaModule:start] {"file":"/geelooy/games/sulam-ha-sod/js/data/levels/level32-cave-of-breath.js","from":"geelooy/games/sulam-ha-sod/js/data/levels.js","resolvedFile":"/geelooy/games/sulam-ha-sod/js/data/levels/level32-cave-of-breath.js","key":"geelooy/games/sulam-ha-sod/js/data/levels/level32-cave-of-breath.js"}
[MerkavaModule:start] {"file":"/geelooy/games/sulam-ha-sod/js/data/levels/level32-cave-of-breath.js","from":"geelooy/games/sulam-ha-sod/js/data/levels.js","resolvedFile":"/geelooy/games/sulam-ha-sod/js/data/levels/level32-cave-of-breath.js","key":"geelooy/games/sulam-ha-sod/js/data/levels/level32-cave-of-breath.js"}
[MerkavaModule:done] {"key":"geelooy/games/sulam-ha-sod/js/data/levels/level32-cave-of-breath.js","exports":["level32"]}
[MerkavaModule:start] {"file":"/geelooy/games/sulam-ha-sod/js/data/levels/level33-last-ladder.js","from":"geelooy/games/sulam-ha-sod/js/data/levels.js","resolvedFile":"/geelooy/games/sulam-ha-sod/js/data/levels/level33-last-ladder.js","key":"geelooy/games/sulam-ha-sod/js/data/levels/level33-last-ladder.js"}
[MerkavaModule:start] {"file":"/geelooy/games/sulam-ha-sod/js/data/levels/level33-last-ladder.js","from":"geelooy/games/sulam-ha-sod/js/data/levels.js","resolvedFile":"/geelooy/games/sulam-ha-sod/js/data/levels/level33-last-ladder.js","key":"geelooy/games/sulam-ha-sod/js/data/levels/level33-last-ladder.js"}
[MerkavaModule:done] {"key":"geelooy/games/sulam-ha-sod/js/data/levels/level33-last-ladder.js","exports":["level33"]}
[MerkavaModule:start] {"file":"/geelooy/games/sulam-ha-sod/js/data/levels/level34-thorn-contract.js","from":"geelooy/games/sulam-ha-sod/js/data/levels.js","resolvedFile":"/geelooy/games/sulam-ha-sod/js/data/levels/level34-thorn-contract.js","key":"geelooy/games/sulam-ha-sod/js/data/levels/level34-thorn-contract.js"}
[MerkavaModule:start] {"file":"/geelooy/games/sulam-ha-sod/js/data/levels/level34-thorn-contract.js","from":"geelooy/games/sulam-ha-sod/js/data/levels.js","resolvedFile":"/geelooy/games/sulam-ha-sod/js/data/levels/level34-thorn-contract.js","key":"geelooy/games/sulam-ha-sod/js/data/levels/level34-thorn-contract.js"}
[MerkavaModule:done] {"key":"geelooy/games/sulam-ha-sod/js/data/levels/level34-thorn-contract.js","exports":["level34"]}
[MerkavaModule:start] {"file":"/geelooy/games/sulam-ha-sod/js/data/levels/level35-mirror-abattoir.js","from":"geelooy/games/sulam-ha-sod/js/data/levels.js","resolvedFile":"/geelooy/games/sulam-ha-sod/js/data/levels/level35-mirror-abattoir.js","key":"geelooy/games/sulam-ha-sod/js/data/levels/level35-mirror-abattoir.js"}
[MerkavaModule:start] {"file":"/geelooy/games/sulam-ha-sod/js/data/levels/level35-mirror-abattoir.js","from":"geelooy/games/sulam-ha-sod/js/data/levels.js","resolvedFile":"/geelooy/games/sulam-ha-sod/js/data/levels/level35-mirror-abattoir.js","key":"geelooy/games/sulam-ha-sod/js/data/levels/level35-mirror-abattoir.js"}
[MerkavaModule:done] {"key":"geelooy/games/sulam-ha-sod/js/data/levels/level35-mirror-abattoir.js","exports":["level35"]}
[MerkavaModule:start] {"file":"/geelooy/games/sulam-ha-sod/js/data/levels/level36-sky-tax-court.js","from":"geelooy/games/sulam-ha-sod/js/data/levels.js","resolvedFile":"/geelooy/games/sulam-ha-sod/js/data/levels/level36-sky-tax-court.js","key":"geelooy/games/sulam-ha-sod/js/data/levels/level36-sky-tax-court.js"}
[MerkavaModule:start] {"file":"/geelooy/games/sulam-ha-sod/js/data/levels/level36-sky-tax-court.js","from":"geelooy/games/sulam-ha-sod/js/data/levels.js","resolvedFile":"/geelooy/games/sulam-ha-sod/js/data/levels/level36-sky-tax-court.js","key":"geelooy/games/sulam-ha-sod/js/data/levels/level36-sky-tax-court.js"}
[MerkavaModule:done] {"key":"geelooy/games/sulam-ha-sod/js/data/levels/level36-sky-tax-court.js","exports":["level36"]}
[MerkavaModule:start] {"file":"/geelooy/games/sulam-ha-sod/js/data/levels/level37-saw-mikveh.js","from":"geelooy/games/sulam-ha-sod/js/data/levels.js","resolvedFile":"/geelooy/games/sulam-ha-sod/js/data/levels/level37-saw-mikveh.js","key":"geelooy/games/sulam-ha-sod/js/data/levels/level37-saw-mikveh.js"}
[MerkavaModule:start] {"file":"/geelooy/games/sulam-ha-sod/js/data/levels/level37-saw-mikveh.js","from":"geelooy/games/sulam-ha-sod/js/data/levels.js","resolvedFile":"/geelooy/games/sulam-ha-sod/js/data/levels/level37-saw-mikveh.js","key":"geelooy/games/sulam-ha-sod/js/data/levels/level37-saw-mikveh.js"}
[MerkavaModule:done] {"key":"geelooy/games/sulam-ha-sod/js/data/levels/level37-saw-mikveh.js","exports":["level37"]}
[MerkavaModule:start] {"file":"/geelooy/games/sulam-ha-sod/js/data/levels/level38-crown-of-teeth.js","from":"geelooy/games/sulam-ha-sod/js/data/levels.js","resolvedFile":"/geelooy/games/sulam-ha-sod/js/data/levels/level38-crown-of-teeth.js","key":"geelooy/games/sulam-ha-sod/js/data/levels/level38-crown-of-teeth.js"}
[MerkavaModule:start] {"file":"/geelooy/games/sulam-ha-sod/js/data/levels/level38-crown-of-teeth.js","from":"geelooy/games/sulam-ha-sod/js/data/levels.js","resolvedFile":"/geelooy/games/sulam-ha-sod/js/data/levels/level38-crown-of-teeth.js","key":"geelooy/games/sulam-ha-sod/js/data/levels/level38-crown-of-teeth.js"}
[MerkavaModule:done] {"key":"geelooy/games/sulam-ha-sod/js/data/levels/level38-crown-of-teeth.js","exports":["level38"]}
[MerkavaModule:start] {"file":"/geelooy/games/sulam-ha-sod/js/data/levels/level39-abyss-ledger.js","from":"geelooy/games/sulam-ha-sod/js/data/levels.js","resolvedFile":"/geelooy/games/sulam-ha-sod/js/data/levels/level39-abyss-ledger.js","key":"geelooy/games/sulam-ha-sod/js/data/levels/level39-abyss-ledger.js"}
[MerkavaModule:start] {"file":"/geelooy/games/sulam-ha-sod/js/data/levels/level39-abyss-ledger.js","from":"geelooy/games/sulam-ha-sod/js/data/levels.js","resolvedFile":"/geelooy/games/sulam-ha-sod/js/data/levels/level39-abyss-ledger.js","key":"geelooy/games/sulam-ha-sod/js/data/levels/level39-abyss-ledger.js"}
[MerkavaModule:done] {"key":"geelooy/games/sulam-ha-sod/js/data/levels/level39-abyss-ledger.js","exports":["level39"]}
[MerkavaModule:start] {"file":"/geelooy/games/sulam-ha-sod/js/data/levels/level40-iron-echo-court.js","from":"geelooy/games/sulam-ha-sod/js/data/levels.js","resolvedFile":"/geelooy/games/sulam-ha-sod/js/data/levels/level40-iron-echo-court.js","key":"geelooy/games/sulam-ha-sod/js/data/levels/level40-iron-echo-court.js"}
[MerkavaModule:start] {"file":"/geelooy/games/sulam-ha-sod/js/data/levels/level40-iron-echo-court.js","from":"geelooy/games/sulam-ha-sod/js/data/levels.js","resolvedFile":"/geelooy/games/sulam-ha-sod/js/data/levels/level40-iron-echo-court.js","key":"geelooy/games/sulam-ha-sod/js/data/levels/level40-iron-echo-court.js"}
[MerkavaModule:done] {"key":"geelooy/games/sulam-ha-sod/js/data/levels/level40-iron-echo-court.js","exports":["level40"]}
[MerkavaModule:start] {"file":"/geelooy/games/sulam-ha-sod/js/data/levels/level41-glass-sitra.js","from":"geelooy/games/sulam-ha-sod/js/data/levels.js","resolvedFile":"/geelooy/games/sulam-ha-sod/js/data/levels/level41-glass-sitra.js","key":"geelooy/games/sulam-ha-sod/js/data/levels/level41-glass-sitra.js"}
[MerkavaModule:start] {"file":"/geelooy/games/sulam-ha-sod/js/data/levels/level41-glass-sitra.js","from":"geelooy/games/sulam-ha-sod/js/data/levels.js","resolvedFile":"/geelooy/games/sulam-ha-sod/js/data/levels/level41-glass-sitra.js","key":"geelooy/games/sulam-ha-sod/js/data/levels/level41-glass-sitra.js"}
[MerkavaModule:done] {"key":"geelooy/games/sulam-ha-sod/js/data/levels/level41-glass-sitra.js","exports":["level41"]}
[MerkavaModule:start] {"file":"/geelooy/games/sulam-ha-sod/js/data/levels/level42-snow-knife-parliament.js","from":"geelooy/games/sulam-ha-sod/js/data/levels.js","resolvedFile":"/geelooy/games/sulam-ha-sod/js/data/levels/level42-snow-knife-parliament.js","key":"geelooy/games/sulam-ha-sod/js/data/levels/level42-snow-knife-parliament.js"}
[MerkavaModule:start] {"file":"/geelooy/games/sulam-ha-sod/js/data/levels/level42-snow-knife-parliament.js","from":"geelooy/games/sulam-ha-sod/js/data/levels.js","resolvedFile":"/geelooy/games/sulam-ha-sod/js/data/levels/level42-snow-knife-parliament.js","key":"geelooy/games/sulam-ha-sod/js/data/levels/level42-snow-knife-parliament.js"}
[MerkavaModule:done] {"key":"geelooy/games/sulam-ha-sod/js/data/levels/level42-snow-knife-parliament.js","exports":["level42"]}
[MerkavaModule:start] {"file":"/geelooy/games/sulam-ha-sod/js/data/levels/level43-thunder-shekel-mine.js","from":"geelooy/games/sulam-ha-sod/js/data/levels.js","resolvedFile":"/geelooy/games/sulam-ha-sod/js/data/levels/level43-thunder-shekel-mine.js","key":"geelooy/games/sulam-ha-sod/js/data/levels/level43-thunder-shekel-mine.js"}
[MerkavaModule:start] {"file":"/geelooy/games/sulam-ha-sod/js/data/levels/level43-thunder-shekel-mine.js","from":"geelooy/games/sulam-ha-sod/js/data/levels.js","resolvedFile":"/geelooy/games/sulam-ha-sod/js/data/levels/level43-thunder-shekel-mine.js","key":"geelooy/games/sulam-ha-sod/js/data/levels/level43-thunder-shekel-mine.js"}
[MerkavaModule:done] {"key":"geelooy/games/sulam-ha-sod/js/data/levels/level43-thunder-shekel-mine.js","exports":["level43"]}
[MerkavaModule:start] {"file":"/geelooy/games/sulam-ha-sod/js/data/levels/level44-last-tooth-of-atzilus.js","from":"geelooy/games/sulam-ha-sod/js/data/levels.js","resolvedFile":"/geelooy/games/sulam-ha-sod/js/data/levels/level44-last-tooth-of-atzilus.js","key":"geelooy/games/sulam-ha-sod/js/data/levels/level44-last-tooth-of-atzilus.js"}
[MerkavaModule:start] {"file":"/geelooy/games/sulam-ha-sod/js/data/levels/level44-last-tooth-of-atzilus.js","from":"geelooy/games/sulam-ha-sod/js/data/levels.js","resolvedFile":"/geelooy/games/sulam-ha-sod/js/data/levels/level44-last-tooth-of-atzilus.js","key":"geelooy/games/sulam-ha-sod/js/data/levels/level44-last-tooth-of-atzilus.js"}
[MerkavaModule:done] {"key":"geelooy/games/sulam-ha-sod/js/data/levels/level44-last-tooth-of-atzilus.js","exports":["level44"]}
[MerkavaModule:start] {"file":"/geelooy/games/sulam-ha-sod/js/data/levels/level45-blue-fire-beis-din.js","from":"geelooy/games/sulam-ha-sod/js/data/levels.js","resolvedFile":"/geelooy/games/sulam-ha-sod/js/data/levels/level45-blue-fire-beis-din.js","key":"geelooy/games/sulam-ha-sod/js/data/levels/level45-blue-fire-beis-din.js"}
[MerkavaModule:start] {"file":"/geelooy/games/sulam-ha-sod/js/data/levels/level45-blue-fire-beis-din.js","from":"geelooy/games/sulam-ha-sod/js/data/levels.js","resolvedFile":"/geelooy/games/sulam-ha-sod/js/data/levels/level45-blue-fire-beis-din.js","key":"geelooy/games/sulam-ha-sod/js/data/levels/level45-blue-fire-beis-din.js"}
[MerkavaModule:done] {"key":"geelooy/games/sulam-ha-sod/js/data/levels/level45-blue-fire-beis-din.js","exports":["level45"]}
[MerkavaModule:start] {"file":"/geelooy/games/sulam-ha-sod/js/data/levels/level46-bone-rain-covenant.js","from":"geelooy/games/sulam-ha-sod/js/data/levels.js","resolvedFile":"/geelooy/games/sulam-ha-sod/js/data/levels/level46-bone-rain-covenant.js","key":"geelooy/games/sulam-ha-sod/js/data/levels/level46-bone-rain-covenant.js"}
[MerkavaModule:start] {"file":"/geelooy/games/sulam-ha-sod/js/data/levels/level46-bone-rain-covenant.js","from":"geelooy/games/sulam-ha-sod/js/data/levels.js","resolvedFile":"/geelooy/games/sulam-ha-sod/js/data/levels/level46-bone-rain-covenant.js","key":"geelooy/games/sulam-ha-sod/js/data/levels/level46-bone-rain-covenant.js"}
[MerkavaModule:done] {"key":"geelooy/games/sulam-ha-sod/js/data/levels/level46-bone-rain-covenant.js","exports":["level46"]}
[MerkavaModule:start] {"file":"/geelooy/games/sulam-ha-sod/js/data/levels/level47-river-of-latches.js","from":"geelooy/games/sulam-ha-sod/js/data/levels.js","resolvedFile":"/geelooy/games/sulam-ha-sod/js/data/levels/level47-river-of-latches.js","key":"geelooy/games/sulam-ha-sod/js/data/levels/level47-river-of-latches.js"}
[MerkavaModule:start] {"file":"/geelooy/games/sulam-ha-sod/js/data/levels/level47-river-of-latches.js","from":"geelooy/games/sulam-ha-sod/js/data/levels.js","resolvedFile":"/geelooy/games/sulam-ha-sod/js/data/levels/level47-river-of-latches.js","key":"geelooy/games/sulam-ha-sod/js/data/levels/level47-river-of-latches.js"}
[MerkavaModule:done] {"key":"geelooy/games/sulam-ha-sod/js/data/levels/level47-river-of-latches.js","exports":["level47"]}
[MerkavaModule:start] {"file":"/geelooy/games/sulam-ha-sod/js/data/levels/level48-cinder-shofar-vault.js","from":"geelooy/games/sulam-ha-sod/js/data/levels.js","resolvedFile":"/geelooy/games/sulam-ha-sod/js/data/levels/level48-cinder-shofar-vault.js","key":"geelooy/games/sulam-ha-sod/js/data/levels/level48-cinder-shofar-vault.js"}
[MerkavaModule:start] {"file":"/geelooy/games/sulam-ha-sod/js/data/levels/level48-cinder-shofar-vault.js","from":"geelooy/games/sulam-ha-sod/js/data/levels.js","resolvedFile":"/geelooy/games/sulam-ha-sod/js/data/levels/level48-cinder-shofar-vault.js","key":"geelooy/games/sulam-ha-sod/js/data/levels/level48-cinder-shofar-vault.js"}
[MerkavaModule:done] {"key":"geelooy/games/sulam-ha-sod/js/data/levels/level48-cinder-shofar-vault.js","exports":["level48"]}
[MerkavaModule:start] {"file":"/geelooy/games/sulam-ha-sod/js/data/levels/level49-ash-mazal-gear.js","from":"geelooy/games/sulam-ha-sod/js/data/levels.js","resolvedFile":"/geelooy/games/sulam-ha-sod/js/data/levels/level49-ash-mazal-gear.js","key":"geelooy/games/sulam-ha-sod/js/data/levels/level49-ash-mazal-gear.js"}
[MerkavaModule:start] {"file":"/geelooy/games/sulam-ha-sod/js/data/levels/level49-ash-mazal-gear.js","from":"geelooy/games/sulam-ha-sod/js/data/levels.js","resolvedFile":"/geelooy/games/sulam-ha-sod/js/data/levels/level49-ash-mazal-gear.js","key":"geelooy/games/sulam-ha-sod/js/data/levels/level49-ash-mazal-gear.js"}
[MerkavaModule:done] {"key":"geelooy/games/sulam-ha-sod/js/data/levels/level49-ash-mazal-gear.js","exports":["level49"]}
[MerkavaModule:start] {"file":"/geelooy/games/sulam-ha-sod/js/data/levels/level50-emerald-noose-garden.js","from":"geelooy/games/sulam-ha-sod/js/data/levels.js","resolvedFile":"/geelooy/games/sulam-ha-sod/js/data/levels/level50-emerald-noose-garden.js","key":"geelooy/games/sulam-ha-sod/js/data/levels/level50-emerald-noose-garden.js"}
[MerkavaModule:start] {"file":"/geelooy/games/sulam-ha-sod/js/data/levels/level50-emerald-noose-garden.js","from":"geelooy/games/sulam-ha-sod/js/data/levels.js","resolvedFile":"/geelooy/games/sulam-ha-sod/js/data/levels/level50-emerald-noose-garden.js","key":"geelooy/games/sulam-ha-sod/js/data/levels/level50-emerald-noose-garden.js"}
[MerkavaModule:done] {"key":"geelooy/games/sulam-ha-sod/js/data/levels/level50-emerald-noose-garden.js","exports":["level50"]}
[MerkavaModule:start] {"file":"/geelooy/games/sulam-ha-sod/js/data/levels/level51-black-rainbow-gate.js","from":"geelooy/games/sulam-ha-sod/js/data/levels.js","resolvedFile":"/geelooy/games/sulam-ha-sod/js/data/levels/level51-black-rainbow-gate.js","key":"geelooy/games/sulam-ha-sod/js/data/levels/level51-black-rainbow-gate.js"}
[MerkavaModule:start] {"file":"/geelooy/games/sulam-ha-sod/js/data/levels/level51-black-rainbow-gate.js","from":"geelooy/games/sulam-ha-sod/js/data/levels.js","resolvedFile":"/geelooy/games/sulam-ha-sod/js/data/levels/level51-black-rainbow-gate.js","key":"geelooy/games/sulam-ha-sod/js/data/levels/level51-black-rainbow-gate.js"}
[MerkavaModule:done] {"key":"geelooy/games/sulam-ha-sod/js/data/levels/level51-black-rainbow-gate.js","exports":["level51"]}
