(node:3691) [MODULE_TYPELESS_PACKAGE_JSON] Warning: Module type of file:///Users/awtsmoos/work/awtsmoos.com/geelooy/games/mitzvahWorld/experiments/Awtsmoos/src/launcher/MinimalSharedMeadowPage.js is not specified and it doesn't parse as CommonJS.
Reparsing as ES module because module syntax was detected. This incurs a performance overhead.
To eliminate this warning, add "type": "module" to /Users/awtsmoos/work/awtsmoos.com/package.json.
(Use `node --trace-warnings ...` to show where the warning was created)
[MitzvahWorld] deferred features failed. TypeError: container.replaceChildren is not a function
    at renderInventoryItems (file:///Users/awtsmoos/work/awtsmoos.com/geelooy/games/mitzvahWorld/experiments/Awtsmoos/src/ui/InventoryPanelView.js:50:13)
    at renderInventoryModalPanel (file:///Users/awtsmoos/work/awtsmoos.com/geelooy/games/mitzvahWorld/experiments/Awtsmoos/src/ui/InventoryModalPanelRuntime.js:28:2)
    at InventoryPanel.render (file:///Users/awtsmoos/work/awtsmoos.com/geelooy/games/mitzvahWorld/experiments/Awtsmoos/src/ui/InventoryPanel.js:61:3)
    at InventoryPanel.build (file:///Users/awtsmoos/work/awtsmoos.com/geelooy/games/mitzvahWorld/experiments/Awtsmoos/src/ui/InventoryPanel.js:57:8)
    at new InventoryPanel (file:///Users/awtsmoos/work/awtsmoos.com/geelooy/games/mitzvahWorld/experiments/Awtsmoos/src/ui/InventoryPanel.js:41:8)
    at installMinimalMeadowUi (file:///Users/awtsmoos/work/awtsmoos.com/geelooy/games/mitzvahWorld/experiments/Awtsmoos/src/app/MinimalMeadowUi.js:39:25)
    at Module.installMinimalMeadowFeatures (file:///Users/awtsmoos/work/awtsmoos.com/geelooy/games/mitzvahWorld/experiments/Awtsmoos/src/app/MinimalMeadowFeatureBundle.js:28:2)
    at file:///Users/awtsmoos/work/awtsmoos.com/geelooy/games/mitzvahWorld/experiments/Awtsmoos/src/app/createMinimalMeadowRuntime.js:90:26
[MitzvahWorld] deferred features failed. TypeError: container.replaceChildren is not a function
    at renderInventoryItems (file:///Users/awtsmoos/work/awtsmoos.com/geelooy/games/mitzvahWorld/experiments/Awtsmoos/src/ui/InventoryPanelView.js:50:13)
    at renderInventoryModalPanel (file:///Users/awtsmoos/work/awtsmoos.com/geelooy/games/mitzvahWorld/experiments/Awtsmoos/src/ui/InventoryModalPanelRuntime.js:28:2)
    at InventoryPanel.render (file:///Users/awtsmoos/work/awtsmoos.com/geelooy/games/mitzvahWorld/experiments/Awtsmoos/src/ui/InventoryPanel.js:61:3)
    at InventoryPanel.build (file:///Users/awtsmoos/work/awtsmoos.com/geelooy/games/mitzvahWorld/experiments/Awtsmoos/src/ui/InventoryPanel.js:57:8)
    at new InventoryPanel (file:///Users/awtsmoos/work/awtsmoos.com/geelooy/games/mitzvahWorld/experiments/Awtsmoos/src/ui/InventoryPanel.js:41:8)
    at installMinimalMeadowUi (file:///Users/awtsmoos/work/awtsmoos.com/geelooy/games/mitzvahWorld/experiments/Awtsmoos/src/app/MinimalMeadowUi.js:39:25)
    at Module.installMinimalMeadowFeatures (file:///Users/awtsmoos/work/awtsmoos.com/geelooy/games/mitzvahWorld/experiments/Awtsmoos/src/app/MinimalMeadowFeatureBundle.js:28:2)
    at file:///Users/awtsmoos/work/awtsmoos.com/geelooy/games/mitzvahWorld/experiments/Awtsmoos/src/app/createMinimalMeadowRuntime.js:90:26
