(node:51467) [MODULE_TYPELESS_PACKAGE_JSON] Warning: Module type of file:///Users/awtsmoos/work/awtsmoos.com/geelooy/games/mitzvahWorld/experiments/light-three-gltf/tiny-runtime.js is not specified and it doesn't parse as CommonJS.
Reparsing as ES module because module syntax was detected. This incurs a performance overhead.
To eliminate this warning, add "type": "module" to /Users/awtsmoos/work/awtsmoos.com/package.json.
(Use `node --trace-warnings ...` to show where the warning was created)
✔ player runtime attaches a visible marker to the local model (12.49129ms)
✔ W moves forward and visible yaw follows A/D state (7.415668ms)
✔ bootstrap loop establishes camera and renders immediately (40.160586ms)
✔ staged runtime imports bootstrap core and no legacy core assembly (19.278511ms)
(node:51468) [MODULE_TYPELESS_PACKAGE_JSON] Warning: Module type of file:///Users/awtsmoos/work/awtsmoos.com/geelooy/games/mitzvahWorld/experiments/light-three-gltf/tiny-runtime.js is not specified and it doesn't parse as CommonJS.
Reparsing as ES module because module syntax was detected. This incurs a performance overhead.
To eliminate this warning, add "type": "module" to /Users/awtsmoos/work/awtsmoos.com/package.json.
(Use `node --trace-warnings ...` to show where the warning was created)
✔ B"H action icons are pictographic while Hebrew remains present (2.890642ms)
✔ B"H combat pressure is slower, smaller, and spatially separated (0.608099ms)
✔ B"H selected enemy brightens and receives visible markers (36.874951ms)
✔ B"H Shlichus menu follows canonical active mission progress (1.242966ms)
✔ B"H stairs expose discrete tread heights and no hidden ramp (2.224256ms)
✔ B"H sky shader contains intense disc, halo, clouds, and warm horizon (4.270031ms)
(node:51469) [MODULE_TYPELESS_PACKAGE_JSON] Warning: Module type of file:///Users/awtsmoos/work/awtsmoos.com/geelooy/games/mitzvahWorld/experiments/Awtsmoos/src/app/MinimalMeadowEnemyArchetypePolicy.js is not specified and it doesn't parse as CommonJS.
Reparsing as ES module because module syntax was detected. This incurs a performance overhead.
To eliminate this warning, add "type": "module" to /Users/awtsmoos/work/awtsmoos.com/package.json.
(Use `node --trace-warnings ...` to show where the warning was created)
✔ B"H Baal Otiyot is a safe tall cantor with readable ranged pressure (1.557891ms)
(node:51476) [MODULE_TYPELESS_PACKAGE_JSON] Warning: Module type of file:///Users/awtsmoos/work/awtsmoos.com/geelooy/games/mitzvahWorld/experiments/Awtsmoos/src/app/MinimalMeadowEnemyArchetypePolicy.js is not specified and it doesn't parse as CommonJS.
Reparsing as ES module because module syntax was detected. This incurs a performance overhead.
To eliminate this warning, add "type": "module" to /Users/awtsmoos/work/awtsmoos.com/package.json.
(Use `node --trace-warnings ...` to show where the warning was created)
✔ B"H Ratz Layla is a safe lean skirmisher with wide light pressure (10.257676ms)
(node:51479) [MODULE_TYPELESS_PACKAGE_JSON] Warning: Module type of file:///Users/awtsmoos/work/awtsmoos.com/geelooy/games/mitzvahWorld/experiments/Awtsmoos/src/app/MinimalMeadowEnemyArchetypePolicy.js is not specified and it doesn't parse as CommonJS.
Reparsing as ES module because module syntax was detected. This incurs a performance overhead.
To eliminate this warning, add "type": "module" to /Users/awtsmoos/work/awtsmoos.com/package.json.
(Use `node --trace-warnings ...` to show where the warning was created)
✔ B"H Even Koved is a safe broad warden with deliberate melee pressure (23.159087ms)
(node:51480) [MODULE_TYPELESS_PACKAGE_JSON] Warning: Module type of file:///Users/awtsmoos/work/awtsmoos.com/geelooy/games/mitzvahWorld/experiments/Awtsmoos/src/app/RuntimeCadence.js is not specified and it doesn't parse as CommonJS.
Reparsing as ES module because module syntax was detected. This incurs a performance overhead.
To eliminate this warning, add "type": "module" to /Users/awtsmoos/work/awtsmoos.com/package.json.
(Use `node --trace-warnings ...` to show where the warning was created)
{
  "ok": true,
  "defaultIntervals": {
    "chunks": 100,
    "combatHud": 50,
    "diagnostics": 500,
    "houseVisibility": 125,
    "hud": 125,
    "lod": 100,
    "materialHydration": 1000,
    "minimap": 125,
    "multiplayer": 100,
    "performance": 500,
    "villageLifeLogs": 2500
  },
  "customIntervals": {
    "chunks": 100,
    "combatHud": 50,
    "diagnostics": 500,
    "houseVisibility": 125,
    "hud": 125,
    "lod": 25,
    "materialHydration": 1000,
    "minimap": 125,
    "multiplayer": 100,
    "performance": 500,
    "villageLifeLogs": 2500
  }
}
✔ src/test/app/lodRuntimeCadence.test.mjs (301.056335ms)
(node:51481) [MODULE_TYPELESS_PACKAGE_JSON] Warning: Module type of file:///Users/awtsmoos/work/awtsmoos.com/geelooy/games/mitzvahWorld/experiments/Awtsmoos/src/app/MinimalMeadowCorpseLootState.js is not specified and it doesn't parse as CommonJS.
Reparsing as ES module because module syntax was detected. This incurs a performance overhead.
To eliminate this warning, add "type": "module" to /Users/awtsmoos/work/awtsmoos.com/package.json.
(Use `node --trace-warnings ...` to show where the warning was created)
✔ B"H corpse state exposes and removes only the chosen stack (6.619618ms)
✔ B"H opening corpse loot transfers nothing and publishes the actor (1.2514ms)
✔ B"H Take leaves corpse visible while Loot All completes remaining treasure (7.689593ms)
(node:51482) [MODULE_TYPELESS_PACKAGE_JSON] Warning: Module type of file:///Users/awtsmoos/work/awtsmoos.com/geelooy/games/mitzvahWorld/experiments/Awtsmoos/src/app/MinimalMeadowHebrewProjectile.js is not specified and it doesn't parse as CommonJS.
Reparsing as ES module because module syntax was detected. This incurs a performance overhead.
To eliminate this warning, add "type": "module" to /Users/awtsmoos/work/awtsmoos.com/package.json.
(Use `node --trace-warnings ...` to show where the warning was created)
✔ melee telegraphs before one reduced impact and long recovery (64.799365ms)
✔ caster retreats, launches one Hebrew projectile, and recovers (70.619308ms)
✔ impact and expired support effects return their visual vessels to pools (27.963239ms)
(node:51483) [MODULE_TYPELESS_PACKAGE_JSON] Warning: Module type of file:///Users/awtsmoos/work/awtsmoos.com/geelooy/games/mitzvahWorld/experiments/Awtsmoos/src/app/MinimalMeadowEnemyCombatSession.js is not specified and it doesn't parse as CommonJS.
Reparsing as ES module because module syntax was detected. This incurs a performance overhead.
To eliminate this warning, add "type": "module" to /Users/awtsmoos/work/awtsmoos.com/package.json.
(Use `node --trace-warnings ...` to show where the warning was created)
✔ profile spawn anchors home before the group receives final placement (7.80536ms)
✔ role and cadence remain stable for one complete engagement (0.946344ms)
✔ brief sight loss persists but sustained loss resets the session (0.754729ms)
✔ different identities receive broad naturally staggered delays (0.511676ms)
(node:51487) [MODULE_TYPELESS_PACKAGE_JSON] Warning: Module type of file:///Users/awtsmoos/work/awtsmoos.com/geelooy/games/mitzvahWorld/experiments/Awtsmoos/src/app/MinimalMeadowEnemyNavigation.js is not specified and it doesn't parse as CommonJS.
Reparsing as ES module because module syntax was detected. This incurs a performance overhead.
To eliminate this warning, add "type": "module" to /Users/awtsmoos/work/awtsmoos.com/package.json.
(Use `node --trace-warnings ...` to show where the warning was created)
✔ B"H combat approach moves an actor that has no move method (66.715176ms)
(node:51488) [MODULE_TYPELESS_PACKAGE_JSON] Warning: Module type of file:///Users/awtsmoos/work/awtsmoos.com/geelooy/games/mitzvahWorld/experiments/Awtsmoos/src/app/MinimalMeadowEnemyPointerPolicy.js is not specified and it doesn't parse as CommonJS.
Reparsing as ES module because module syntax was detected. This incurs a performance overhead.
To eliminate this warning, add "type": "module" to /Users/awtsmoos/work/awtsmoos.com/package.json.
(Use `node --trace-warnings ...` to show where the warning was created)
✔ B"H corpse pointer contract is wider and samples the fallen body (2.795378ms)
✔ B"H off-center body tap finds corpse while preserving living precision (5.69523ms)
✔ B"H looted corpse cannot be selected again (0.454071ms)
(node:51494) [MODULE_TYPELESS_PACKAGE_JSON] Warning: Module type of file:///Users/awtsmoos/work/awtsmoos.com/geelooy/games/mitzvahWorld/experiments/Awtsmoos/src/app/MinimalMeadowEnemyLifecycle.js is not specified and it doesn't parse as CommonJS.
Reparsing as ES module because module syntax was detected. This incurs a performance overhead.
To eliminate this warning, add "type": "module" to /Users/awtsmoos/work/awtsmoos.com/package.json.
(Use `node --trace-warnings ...` to show where the warning was created)
✔ B"H every living enemy profile retaliates when struck (12.062314ms)
✔ B"H zero damage does not create false retaliation (0.538103ms)
(node:51503) [MODULE_TYPELESS_PACKAGE_JSON] Warning: Module type of file:///Users/awtsmoos/work/awtsmoos.com/geelooy/games/mitzvahWorld/experiments/Awtsmoos/src/app/MinimalMeadowQuestState.js is not specified and it doesn't parse as CommonJS.
Reparsing as ES module because module syntax was detected. This incurs a performance overhead.
To eliminate this warning, add "type": "module" to /Users/awtsmoos/work/awtsmoos.com/package.json.
(Use `node --trace-warnings ...` to show where the warning was created)
✔ B"H five unique defeats grant one reward and one completion chapter (23.604267ms)
✔ B"H menu prioritizes dedicated ready mission over unrelated adventure (1.858274ms)
(node:51504) [MODULE_TYPELESS_PACKAGE_JSON] Warning: Module type of file:///Users/awtsmoos/work/awtsmoos.com/geelooy/games/mitzvahWorld/experiments/Awtsmoos/src/app/MinimalMeadowHouseFoundation.js is not specified and it doesn't parse as CommonJS.
Reparsing as ES module because module syntax was detected. This incurs a performance overhead.
To eliminate this warning, add "type": "module" to /Users/awtsmoos/work/awtsmoos.com/package.json.
(Use `node --trace-warnings ...` to show where the warning was created)
✔ B"H menu follows dedicated Three Shadows progress when adventures are empty (3.394016ms)
✔ B"H exterior entry and interior staircase use level discrete rises (3.80746ms)
(node:51505) [MODULE_TYPELESS_PACKAGE_JSON] Warning: Module type of file:///Users/awtsmoos/work/awtsmoos.com/geelooy/games/mitzvahWorld/experiments/Awtsmoos/src/gameplay/InventoryStore.js is not specified and it doesn't parse as CommonJS.
Reparsing as ES module because module syntax was detected. This incurs a performance overhead.
To eliminate this warning, add "type": "module" to /Users/awtsmoos/work/awtsmoos.com/package.json.
(Use `node --trace-warnings ...` to show where the warning was created)
✔ assembled progression awards exactly-once enemy XP through the shared bus (34.924847ms)
(node:51506) [MODULE_TYPELESS_PACKAGE_JSON] Warning: Module type of file:///Users/awtsmoos/work/awtsmoos.com/geelooy/games/mitzvahWorld/experiments/Awtsmoos/src/app/MinimalMeadowEquipmentRuntime.js is not specified and it doesn't parse as CommonJS.
Reparsing as ES module because module syntax was detected. This incurs a performance overhead.
To eliminate this warning, add "type": "module" to /Users/awtsmoos/work/awtsmoos.com/package.json.
(Use `node --trace-warnings ...` to show where the warning was created)
✔ restoration preserves duplicates, overflow, and one aggregate Bag card (7.329317ms)
✔ batch loot and purchases publish exactly once (31.019167ms)
✔ corpse selection opens loot before any deliberate transfer (25.467593ms)
✔ tefillin jacket and right-hand weapon persist through casting and hydration (289.628826ms)
(node:51507) [MODULE_TYPELESS_PACKAGE_JSON] Warning: Module type of file:///Users/awtsmoos/work/awtsmoos.com/geelooy/games/mitzvahWorld/experiments/Awtsmoos/src/ui/WorldTargetCoordinator.js is not specified and it doesn't parse as CommonJS.
Reparsing as ES module because module syntax was detected. This incurs a performance overhead.
To eliminate this warning, add "type": "module" to /Users/awtsmoos/work/awtsmoos.com/package.json.
(Use `node --trace-warnings ...` to show where the warning was created)
✔ nearest target is studied first and interacted with second (8.815187ms)
✔ camera-like pointer drags never advance study or interaction (0.865918ms)
✔ incompatible population contracts keep pointer ownership disabled (0.748049ms)
✔ legacy actors preserve first target and second dialogue (12.924095ms)
(node:51508) [MODULE_TYPELESS_PACKAGE_JSON] Warning: Module type of file:///Users/awtsmoos/work/awtsmoos.com/geelooy/games/mitzvahWorld/experiments/Awtsmoos/src/app/MinimalMeadowCombatBalanceCoordinator.js is not specified and it doesn't parse as CommonJS.
Reparsing as ES module because module syntax was detected. This incurs a performance overhead.
To eliminate this warning, add "type": "module" to /Users/awtsmoos/work/awtsmoos.com/package.json.
(Use `node --trace-warnings ...` to show where the warning was created)
BALANCE_RESULT {"durationSeconds":2.45,"enemiesDefeated":1,"enemyCount":1,"incomingDamage":6,"incomingDps":2.45,"maxActiveMelee":1,"maxActiveRanged":0,"playerHealth":94,"playerWon":true}
BALANCE_RESULT {"durationSeconds":7.35,"enemiesDefeated":3,"enemyCount":3,"incomingDamage":6,"incomingDps":0.82,"maxActiveMelee":1,"maxActiveRanged":1,"playerHealth":94,"playerWon":true}
BALANCE_RESULT {"durationSeconds":14.7,"enemiesDefeated":6,"enemyCount":6,"incomingDamage":18,"incomingDps":1.22,"maxActiveMelee":1,"maxActiveRanged":1,"playerHealth":82,"playerWon":true}
✔ 1 demon encounter remains challenging and winnable (43.657424ms)
✔ 3 demon encounter remains challenging and winnable (6.071833ms)
✔ 6 demon encounter remains challenging and winnable (8.302567ms)
(node:51509) [MODULE_TYPELESS_PACKAGE_JSON] Warning: Module type of file:///Users/awtsmoos/work/awtsmoos.com/geelooy/games/mitzvahWorld/experiments/Awtsmoos/src/ui/InventoryModalStyles.js is not specified and it doesn't parse as CommonJS.
Reparsing as ES module because module syntax was detected. This incurs a performance overhead.
To eliminate this warning, add "type": "module" to /Users/awtsmoos/work/awtsmoos.com/package.json.
(Use `node --trace-warnings ...` to show where the warning was created)
✔ Bag markup preserves close and omits unused detail space until selection (33.394ms)
✔ selected details render truthfully inside a bounded mobile section (0.876916ms)
✔ modal and HUD CSS preserve safe areas without globally shrinking text (0.682626ms)
(node:51513) [MODULE_TYPELESS_PACKAGE_JSON] Warning: Module type of file:///Users/awtsmoos/work/awtsmoos.com/geelooy/games/mitzvahWorld/experiments/Awtsmoos/src/ui/MinimalMeadowTargetFrame.js is not specified and it doesn't parse as CommonJS.
Reparsing as ES module because module syntax was detected. This incurs a performance overhead.
To eliminate this warning, add "type": "module" to /Users/awtsmoos/work/awtsmoos.com/package.json.
(Use `node --trace-warnings ...` to show where the warning was created)
✔ mobile targets begin compact and reset to compact when selection changes (5.733219ms)
✔ desktop target details remain expanded by default (0.470538ms)
ℹ tests 51
ℹ suites 0
ℹ pass 51
ℹ fail 0
ℹ cancelled 0
ℹ skipped 0
ℹ todo 0
ℹ duration_ms 5283.22676
test_exit=0
diff_exit=0
