test_lines:src/test/assets/remoteTextureCatalog.test.mjs=58
test_lines:src/test/app/minimalMeadowRemoteTerrainMaterial.test.mjs=80
test_lines:src/test/gameplay/worldTargetCoordinator.test.mjs=96
test_lines:src/test/gameplay/friendlyNpcInteraction.test.mjs=67
test_lines:src/test/app/minimalMeadowEnemyRetaliation.test.mjs=69
test_lines:src/test/app/minimalMeadowHouseFloorSupport.test.mjs=80
test_lines:src/test/app/minimalMeadowDoorTransform.test.mjs=74
test_lines:src/test/ui/minimalMeadowUiRepair.test.mjs=46
(node:27245) [MODULE_TYPELESS_PACKAGE_JSON] Warning: Module type of file:///Users/awtsmoos/work/awtsmoos.com/geelooy/games/mitzvahWorld/experiments/Awtsmoos/src/app/MinimalMeadowDoorTransform.js is not specified and it doesn't parse as CommonJS.
Reparsing as ES module because module syntax was detected. This incurs a performance overhead.
To eliminate this warning, add "type": "module" to /Users/awtsmoos/work/awtsmoos.com/package.json.
(Use `node --trace-warnings ...` to show where the warning was created)
✔ B"H front door center remains aligned after house rotation (7.110213ms)
✔ B"H perpendicular interior door uses its own local yaw (1.118206ms)
(node:27246) [MODULE_TYPELESS_PACKAGE_JSON] Warning: Module type of file:///Users/awtsmoos/work/awtsmoos.com/geelooy/games/mitzvahWorld/experiments/Awtsmoos/src/app/MinimalMeadowEnemyLifecycle.js is not specified and it doesn't parse as CommonJS.
Reparsing as ES module because module syntax was detected. This incurs a performance overhead.
To eliminate this warning, add "type": "module" to /Users/awtsmoos/work/awtsmoos.com/package.json.
(Use `node --trace-warnings ...` to show where the warning was created)
file:///Users/awtsmoos/work/awtsmoos.com/geelooy/games/mitzvahWorld/experiments/Awtsmoos/src/assets/LocalMaterialPathRules.js:58
		throw new Error(`Production material ${role} must remain same-origin and local: ${url}`);
		      ^

Error: Production material terrain.grass fallback 1 must remain same-origin and local: https://awtsmoos.com/sites/firebase_drive_migration/full-resolution/grass%201.png
    at assertRelativeUrl (file:///Users/awtsmoos/work/awtsmoos.com/geelooy/games/mitzvahWorld/experiments/Awtsmoos/src/assets/LocalMaterialPathRules.js:58:9)
    at assertLocalMaterialPath (file:///Users/awtsmoos/work/awtsmoos.com/geelooy/games/mitzvahWorld/experiments/Awtsmoos/src/assets/LocalMaterialPathRules.js:39:2)
    at assertProductionMaterialUrl (file:///Users/awtsmoos/work/awtsmoos.com/geelooy/games/mitzvahWorld/experiments/Awtsmoos/src/assets/ProductionMaterialUrlPolicy.js:27:2)
    at file:///Users/awtsmoos/work/awtsmoos.com/geelooy/games/mitzvahWorld/experiments/Awtsmoos/src/assets/ProductionMaterialUrlPolicy.js:55:10
    at Array.map (<anonymous>)
    at productionMaterialFallbacks (file:///Users/awtsmoos/work/awtsmoos.com/geelooy/games/mitzvahWorld/experiments/Awtsmoos/src/assets/ProductionMaterialUrlPolicy.js:54:28)
    at materialRole (file:///Users/awtsmoos/work/awtsmoos.com/geelooy/games/mitzvahWorld/experiments/Awtsmoos/src/assets/RuntimeMaterialManifest.js:26:17)
    at sourceRole (file:///Users/awtsmoos/work/awtsmoos.com/geelooy/games/mitzvahWorld/experiments/Awtsmoos/src/assets/RuntimeMaterialManifest.js:39:9)
    at file:///Users/awtsmoos/work/awtsmoos.com/geelooy/games/mitzvahWorld/experiments/Awtsmoos/src/assets/RuntimeMaterialManifest.js:45:2
    at ModuleJob.run (node:internal/modules/esm/module_job:439:25)

Node.js v24.17.0
✖ src/test/app/minimalMeadowEnemyRetaliation.test.mjs (661.944265ms)
(node:27247) [MODULE_TYPELESS_PACKAGE_JSON] Warning: Module type of file:///Users/awtsmoos/work/awtsmoos.com/geelooy/games/mitzvahWorld/experiments/Awtsmoos/src/app/MinimalMeadowHouseFloorSupport.js is not specified and it doesn't parse as CommonJS.
Reparsing as ES module because module syntax was detected. This incurs a performance overhead.
To eliminate this warning, add "type": "module" to /Users/awtsmoos/work/awtsmoos.com/package.json.
(Use `node --trace-warnings ...` to show where the warning was created)
✔ B"H room floors remain solid while the stair aperture yields (6.902634ms)
✔ B"H every stair tread supports a monotonic descent from the upper story (1.222949ms)
✔ B"H room floor receipt outranks terrain beneath the house (0.631008ms)
(node:27250) [MODULE_TYPELESS_PACKAGE_JSON] Warning: Module type of file:///Users/awtsmoos/work/awtsmoos.com/geelooy/games/mitzvahWorld/experiments/Awtsmoos/src/app/MinimalMeadowFirebaseTextures.js is not specified and it doesn't parse as CommonJS.
Reparsing as ES module because module syntax was detected. This incurs a performance overhead.
To eliminate this warning, add "type": "module" to /Users/awtsmoos/work/awtsmoos.com/package.json.
(Use `node --trace-warnings ...` to show where the warning was created)
file:///Users/awtsmoos/work/awtsmoos.com/geelooy/games/mitzvahWorld/experiments/Awtsmoos/src/assets/LocalMaterialPathRules.js:58
		throw new Error(`Production material ${role} must remain same-origin and local: ${url}`);
		      ^

Error: Production material terrain.grass fallback 1 must remain same-origin and local: https://awtsmoos.com/sites/firebase_drive_migration/full-resolution/grass%201.png
    at assertRelativeUrl (file:///Users/awtsmoos/work/awtsmoos.com/geelooy/games/mitzvahWorld/experiments/Awtsmoos/src/assets/LocalMaterialPathRules.js:58:9)
    at assertLocalMaterialPath (file:///Users/awtsmoos/work/awtsmoos.com/geelooy/games/mitzvahWorld/experiments/Awtsmoos/src/assets/LocalMaterialPathRules.js:39:2)
    at assertProductionMaterialUrl (file:///Users/awtsmoos/work/awtsmoos.com/geelooy/games/mitzvahWorld/experiments/Awtsmoos/src/assets/ProductionMaterialUrlPolicy.js:27:2)
    at file:///Users/awtsmoos/work/awtsmoos.com/geelooy/games/mitzvahWorld/experiments/Awtsmoos/src/assets/ProductionMaterialUrlPolicy.js:55:10
    at Array.map (<anonymous>)
    at productionMaterialFallbacks (file:///Users/awtsmoos/work/awtsmoos.com/geelooy/games/mitzvahWorld/experiments/Awtsmoos/src/assets/ProductionMaterialUrlPolicy.js:54:28)
    at materialRole (file:///Users/awtsmoos/work/awtsmoos.com/geelooy/games/mitzvahWorld/experiments/Awtsmoos/src/assets/RuntimeMaterialManifest.js:26:17)
    at sourceRole (file:///Users/awtsmoos/work/awtsmoos.com/geelooy/games/mitzvahWorld/experiments/Awtsmoos/src/assets/RuntimeMaterialManifest.js:39:9)
    at file:///Users/awtsmoos/work/awtsmoos.com/geelooy/games/mitzvahWorld/experiments/Awtsmoos/src/assets/RuntimeMaterialManifest.js:45:2
    at ModuleJob.run (node:internal/modules/esm/module_job:439:25)

Node.js v24.17.0
✖ src/test/app/minimalMeadowRemoteTerrainMaterial.test.mjs (494.346721ms)
(node:27251) [MODULE_TYPELESS_PACKAGE_JSON] Warning: Module type of file:///Users/awtsmoos/work/awtsmoos.com/geelooy/games/mitzvahWorld/experiments/Awtsmoos/src/assets/RemoteTextureCatalog.js is not specified and it doesn't parse as CommonJS.
Reparsing as ES module because module syntax was detected. This incurs a performance overhead.
To eliminate this warning, add "type": "module" to /Users/awtsmoos/work/awtsmoos.com/package.json.
(Use `node --trace-warnings ...` to show where the warning was created)
✔ B"H uploaded texture catalog stores filenames only (3.450315ms)
✔ B"H one transport origin encodes full-resolution and tree filenames (1.866482ms)
(node:27252) [MODULE_TYPELESS_PACKAGE_JSON] Warning: Module type of file:///Users/awtsmoos/work/awtsmoos.com/geelooy/games/mitzvahWorld/experiments/Awtsmoos/src/world/NpcChossid.js is not specified and it doesn't parse as CommonJS.
Reparsing as ES module because module syntax was detected. This incurs a performance overhead.
To eliminate this warning, add "type": "module" to /Users/awtsmoos/work/awtsmoos.com/package.json.
(Use `node --trace-warnings ...` to show where the warning was created)
file:///Users/awtsmoos/work/awtsmoos.com/geelooy/games/mitzvahWorld/experiments/Awtsmoos/src/assets/LocalMaterialPathRules.js:58
		throw new Error(`Production material ${role} must remain same-origin and local: ${url}`);
		      ^

Error: Production material terrain.grass fallback 1 must remain same-origin and local: https://awtsmoos.com/sites/firebase_drive_migration/full-resolution/grass%201.png
    at assertRelativeUrl (file:///Users/awtsmoos/work/awtsmoos.com/geelooy/games/mitzvahWorld/experiments/Awtsmoos/src/assets/LocalMaterialPathRules.js:58:9)
    at assertLocalMaterialPath (file:///Users/awtsmoos/work/awtsmoos.com/geelooy/games/mitzvahWorld/experiments/Awtsmoos/src/assets/LocalMaterialPathRules.js:39:2)
    at assertProductionMaterialUrl (file:///Users/awtsmoos/work/awtsmoos.com/geelooy/games/mitzvahWorld/experiments/Awtsmoos/src/assets/ProductionMaterialUrlPolicy.js:27:2)
    at file:///Users/awtsmoos/work/awtsmoos.com/geelooy/games/mitzvahWorld/experiments/Awtsmoos/src/assets/ProductionMaterialUrlPolicy.js:55:10
    at Array.map (<anonymous>)
    at productionMaterialFallbacks (file:///Users/awtsmoos/work/awtsmoos.com/geelooy/games/mitzvahWorld/experiments/Awtsmoos/src/assets/ProductionMaterialUrlPolicy.js:54:28)
    at materialRole (file:///Users/awtsmoos/work/awtsmoos.com/geelooy/games/mitzvahWorld/experiments/Awtsmoos/src/assets/RuntimeMaterialManifest.js:26:17)
    at sourceRole (file:///Users/awtsmoos/work/awtsmoos.com/geelooy/games/mitzvahWorld/experiments/Awtsmoos/src/assets/RuntimeMaterialManifest.js:39:9)
    at file:///Users/awtsmoos/work/awtsmoos.com/geelooy/games/mitzvahWorld/experiments/Awtsmoos/src/assets/RuntimeMaterialManifest.js:45:2
    at ModuleJob.run (node:internal/modules/esm/module_job:439:25)

Node.js v24.17.0
✖ src/test/gameplay/friendlyNpcInteraction.test.mjs (587.732043ms)
(node:27253) [MODULE_TYPELESS_PACKAGE_JSON] Warning: Module type of file:///Users/awtsmoos/work/awtsmoos.com/geelooy/games/mitzvahWorld/experiments/Awtsmoos/src/ui/WorldTargetCoordinator.js is not specified and it doesn't parse as CommonJS.
Reparsing as ES module because module syntax was detected. This incurs a performance overhead.
To eliminate this warning, add "type": "module" to /Users/awtsmoos/work/awtsmoos.com/package.json.
(Use `node --trace-warnings ...` to show where the warning was created)
✔ nearest target is studied first and interacted with second (7.897753ms)
✔ camera-like pointer drags never advance study or interaction (0.727456ms)
✔ incompatible population contracts keep pointer ownership disabled (0.710004ms)
✔ legacy actors preserve first target and second dialogue (15.254953ms)
(node:27254) [MODULE_TYPELESS_PACKAGE_JSON] Warning: Module type of file:///Users/awtsmoos/work/awtsmoos.com/geelooy/games/mitzvahWorld/experiments/Awtsmoos/src/ui/MobileHudCompositionPortraitTopStyles.js is not specified and it doesn't parse as CommonJS.
Reparsing as ES module because module syntax was detected. This incurs a performance overhead.
To eliminate this warning, add "type": "module" to /Users/awtsmoos/work/awtsmoos.com/package.json.
(Use `node --trace-warnings ...` to show where the warning was created)
✔ B"H responsive HUD uses safe areas and dynamic viewport bounds (2.378228ms)
✔ B"H portrait target stacks beneath player instead of sharing one row (1.036007ms)
ℹ tests 16
ℹ suites 0
ℹ pass 13
ℹ fail 3
ℹ cancelled 0
ℹ skipped 0
ℹ todo 0
ℹ duration_ms 1239.167273

✖ failing tests:

test at src/test/app/minimalMeadowEnemyRetaliation.test.mjs:1:1
✖ src/test/app/minimalMeadowEnemyRetaliation.test.mjs (661.944265ms)
  'test failed'

test at src/test/app/minimalMeadowRemoteTerrainMaterial.test.mjs:1:1
✖ src/test/app/minimalMeadowRemoteTerrainMaterial.test.mjs (494.346721ms)
  'test failed'

test at src/test/gameplay/friendlyNpcInteraction.test.mjs:1:1
✖ src/test/gameplay/friendlyNpcInteraction.test.mjs (587.732043ms)
  'test failed'
test_exit=1
