lines:src/assets/RemoteTextureTransport.js=84
lines:src/assets/RemoteTextureGroundNames.js=48
lines:src/assets/RemoteTextureArchitectureNames.js=46
lines:src/assets/RemoteTextureCraftNames.js=37
lines:src/assets/RemoteTextureTreeNames.js=46
lines:src/assets/RemoteTextureCatalog.js=55
lines:src/assets/PublicMaterialOrigin.js=40
lines:src/assets/PublicMaterialResolver.js=73
lines:src/assets/LocalMaterialPathRules.js=119
lines:src/assets/WorldMaterialPresets.js=88
lines:src/world/terrain/LocalTerrainTextureCatalog.js=47
lines:src/world/trees/TreeSemanticMaterialCatalog.js=99
lines:src/app/MinimalMeadowFirebaseTextures.js=53
lines:src/app/MinimalMeadowTerrainSources.js=62
lines:src/app/MinimalMeadowTerrainMaterialDensity.js=90
lines:src/app/MinimalMeadowRoadRibbon.js=94
lines:src/ui/WorldTargetPointerSession.js=67
lines:src/ui/WorldTargetSelectionState.js=48
lines:src/ui/WorldTargetLegacyPopulation.js=79
lines:src/ui/WorldTargetPopulationAdapterSupport.js=39
lines:src/ui/WorldTargetPopulationAdapter.js=113
lines:src/ui/WorldTargetCoordinatorSupport.js=45
lines:src/ui/WorldTargetCoordinator.js=118
lines:src/world/npc/FriendlyNpcPopulation.js=112
lines:src/app/MinimalMeadowEnemyPopulationTargeting.js=43
lines:src/app/MinimalMeadowEnemyPopulationDiagnostics.js=32
lines:src/app/MinimalMeadowEnemyPopulation.js=109
lines:src/app/MinimalMeadowEnemyLifecycle.js=83
lines:src/app/MinimalMeadowHouseStairAperture.js=50
lines:src/app/MinimalMeadowHouseFloorSupport.js=62
lines:src/app/MinimalMeadowDoorTransform.js=38
lines:src/app/MinimalMeadowHouseDoor.js=114
lines:src/app/MinimalMeadowHouseMaintenance.js=56
lines:src/ui/MobileHudCompositionPortraitTopStyles.js=83
lines:src/ui/MinimalMeadowUiRepairStyles.js=86
remote_host_file_count=3
