(node:90478) [MODULE_TYPELESS_PACKAGE_JSON] Warning: Module type of file:///Users/awtsmoos/work/awtsmoos.com/geelooy/games/mitzvahWorld/experiments/Awtsmoos/src/app/MinimalMeadowHouseMaterials.js is not specified and it doesn't parse as CommonJS.
Reparsing as ES module because module syntax was detected. This incurs a performance overhead.
To eliminate this warning, add "type": "module" to /Users/awtsmoos/work/awtsmoos.com/package.json.
(Use `node --trace-warnings ...` to show where the warning was created)
✔ B"H only thin exterior walls receive mobile camera-safe reverse faces (1.803731ms)
✔ B"H released controls retain the last meaningful travel facing (0.255476ms)
✔ B"H Bag exposes every authoritative slot and starts with both tefillin (0.338802ms)
✔ B"H demon surface remains dark-themed but visibly textured (0.369314ms)
✔ B"H Shlichus offers a five-shadow story and tracks faces with percentage (1.230992ms)
✔ B"H teaching placement persists side or book-only mode (0.661476ms)
(node:90479) [MODULE_TYPELESS_PACKAGE_JSON] Warning: Module type of file:///Users/awtsmoos/work/awtsmoos.com/geelooy/games/mitzvahWorld/experiments/light-three-gltf/tiny-runtime.js is not specified and it doesn't parse as CommonJS.
Reparsing as ES module because module syntax was detected. This incurs a performance overhead.
To eliminate this warning, add "type": "module" to /Users/awtsmoos/work/awtsmoos.com/package.json.
(Use `node --trace-warnings ...` to show where the warning was created)
✔ restoration preserves duplicate, overflow, and one aggregate Bag card (3.745578ms)
✔ batch loot and purchases publish exactly once (2.216196ms)
✔ corpse selection opens loot before any deliberate transfer (2.75801ms)
✖ tefillin jacket and visible weapon persist through casting and hydration (271.27286ms)
ℹ tests 10
ℹ suites 0
ℹ pass 9
ℹ fail 1
ℹ cancelled 0
ℹ skipped 0
ℹ todo 0
ℹ duration_ms 792.963022

✖ failing tests:

test at src/test/gameplay/inventoryEquipmentLoot.test.mjs:79:1
✖ tefillin jacket and visible weapon persist through casting and hydration (271.27286ms)
  AssertionError [ERR_ASSERTION]: Expected values to be strictly equal:
  
  true !== false
  
      at TestContext.<anonymous> (file:///Users/awtsmoos/work/awtsmoos.com/geelooy/games/mitzvahWorld/experiments/Awtsmoos/src/test/gameplay/inventoryEquipmentLoot.test.mjs:96:9)
      at async Test.run (node:internal/test_runner/test:1313:7)
      at async Test.processPendingSubtests (node:internal/test_runner/test:897:7) {
    generatedMessage: true,
    code: 'ERR_ASSERTION',
    actual: true,
    expected: false,
    operator: 'strictEqual',
    diff: 'simple'
  }
