TAP version 13
# [Merkava Parser] Detected Base Path: 
# {
#   "ok": true,
#   "registeredActions": 1015,
#   "families": 5,
#   "fixture": "/Users/awtsmoos/work/awtsmoos.com/geelooy/apps/tunnel/agent/tools/fs/testing/.tmp-all-actions-source-stress"
# }
# Subtest: geelooy/apps/tunnel/agent/tools/fs/testing/all-actions-source-stress.test.cjs
ok 1 - geelooy/apps/tunnel/agent/tools/fs/testing/all-actions-source-stress.test.cjs
  ---
  duration_ms: 1169.164149
  type: 'test'
  ...
1..1
# tests 1
# suites 0
# pass 1
# fail 0
# cancelled 0
# skipped 0
# todo 0
# duration_ms 1181.291475
