lines:experiments/Awtsmoos/src/camera/CameraMouseChordState.js=68
lines:experiments/Awtsmoos/src/camera/CameraGestureRuntime.js=113
lines:experiments/Awtsmoos/src/camera/CameraGestureController.js=82
lines:experiments/Awtsmoos/src/app/MinimalMeadowCameraRig.js=84
lines:experiments/Awtsmoos/src/app/MinimalMeadowInput.js=115
lines:experiments/Awtsmoos/src/app/BootstrapMovementController.js=119
lines:experiments/Awtsmoos/src/app/MinimalMeadowFrameScheduler.js=78
lines:experiments/Awtsmoos/src/app/MinimalMeadowLoopCadence.js=47
lines:experiments/Awtsmoos/src/app/MinimalMeadowLoop.js=44
lines:experiments/Awtsmoos/src/ui/MinimalMeadowUiRepairStyles.js=83
lines:experiments/Awtsmoos/src/ui/MobileHudCompositionController.js=54
lines:experiments/Awtsmoos/src/ui/MinimalMeadowMenu.js=97
lines:experiments/Awtsmoos/src/ui/GameplayUiController.js=69
lines:experiments/Awtsmoos/src/app/MinimalMeadowHouseFloorSupport.js=60
lines:experiments/Awtsmoos/src/app/MinimalMeadowHouseSupportResolver.js=44
lines:experiments/Awtsmoos/src/app/MinimalMeadowHouseMaintenance.js=46
lines:experiments/Awtsmoos/src/app/MinimalMeadowHouseAssembly.js=62
lines:experiments/Awtsmoos/src/app/MinimalMeadowHousePopulation.js=100
lines:experiments/Awtsmoos/src/app/MinimalMeadowGroundSupport.js=40
lines:experiments/Awtsmoos/src/app/MinimalMeadowJumpState.js=69
lines:experiments/Awtsmoos/src/app/MinimalMeadowMovementRuntime.js=69
lines:experiments/Awtsmoos/src/app/MinimalMeadowAttachmentRegistrySupport.js=25
lines:experiments/Awtsmoos/src/app/MinimalMeadowAttachmentRegistry.js=118
lines:experiments/Awtsmoos/src/app/MinimalMeadowWeaponAnchor.js=71
lines:experiments/Awtsmoos/src/app/MinimalMeadowWeaponAttachment.js=79
lines:experiments/Awtsmoos/src/app/MinimalMeadowEquipmentRuntime.js=106
lines:experiments/Awtsmoos/src/app/MinimalMeadowEquipmentRuntimeState.js=47
lines:experiments/Awtsmoos/src/launcher/MinimalMeadowReadinessSettlement.js=83
lines:experiments/Awtsmoos/src/app/MinimalMeadowConcurrentMountPlan.js=62
lines:experiments/Awtsmoos/src/test/app/wowDesktopControlContract.test.mjs=74
lines:experiments/Awtsmoos/src/test/app/minimalMeadowFrameCadence.test.mjs=35
lines:experiments/Awtsmoos/src/test/app/minimalMeadowFrameScheduler.test.mjs=71
lines:experiments/Awtsmoos/src/test/app/minimalMeadowHouseFloorSupport.test.mjs=46
lines:experiments/Awtsmoos/src/test/app/minimalMeadowAttachmentRegistry.test.mjs=68
lines:experiments/Awtsmoos/src/test/app/minimalMeadowConcurrentMountPlan.test.mjs=29
lines:experiments/Awtsmoos/src/test/app/minimalMeadowWeaponAttachment.test.mjs=72
lines:experiments/Awtsmoos/src/test/ui/minimalMeadowUiRepair.test.mjs=25
lines:.ai-thoughts/2026-07-27-wow-controls-ui-performance-collision-attachment/WowControlsBrowserAssertions.mjs=42
lines:.ai-thoughts/2026-07-27-wow-controls-ui-performance-collision-attachment/WowControlsBrowserRuntime.mjs=116
lines:.ai-thoughts/2026-07-27-wow-controls-ui-performance-collision-attachment/WowControlsBrowserUi.mjs=75
lines:.ai-thoughts/2026-07-27-wow-controls-ui-performance-collision-attachment/WowControlsBrowserInput.mjs=109
lines:.ai-thoughts/2026-07-27-wow-controls-ui-performance-collision-attachment/wow-controls-browser-probe.mjs=65
missing_exit=0
syntax_exit=0
oversized_exit=0
(node:77750) [MODULE_TYPELESS_PACKAGE_JSON] Warning: Module type of file:///Users/awtsmoos/work/awtsmoos.com/geelooy/games/mitzvahWorld/experiments/Awtsmoos/src/app/EretzActorAssetLoader.js is not specified and it doesn't parse as CommonJS.
Reparsing as ES module because module syntax was detected. This incurs a performance overhead.
To eliminate this warning, add "type": "module" to /Users/awtsmoos/work/awtsmoos.com/package.json.
(Use `node --trace-warnings ...` to show where the warning was created)
✔ first-frame actor assets never invoke the canonical GLB loader (238.169199ms)
✔ canonical actor hydration remains lazy even when explicitly enabled (28.487428ms)
(node:77751) [MODULE_TYPELESS_PACKAGE_JSON] Warning: Module type of file:///Users/awtsmoos/work/awtsmoos.com/geelooy/games/mitzvahWorld/experiments/Awtsmoos/src/app/BootstrapFrameScheduler.js is not specified and it doesn't parse as CommonJS.
Reparsing as ES module because module syntax was detected. This incurs a performance overhead.
To eliminate this warning, add "type": "module" to /Users/awtsmoos/work/awtsmoos.com/package.json.
(Use `node --trace-warnings ...` to show where the warning was created)
✔ animation frame wins and cancels its fallback timer (33.655531ms)
✔ timer advances exactly once when animation frames are withheld (158.233507ms)
(node:77752) [MODULE_TYPELESS_PACKAGE_JSON] Warning: Module type of file:///Users/awtsmoos/work/awtsmoos.com/geelooy/games/mitzvahWorld/experiments/Awtsmoos/src/camera/CameraOrbitController.js is not specified and it doesn't parse as CommonJS.
Reparsing as ES module because module syntax was detected. This incurs a performance overhead.
To eliminate this warning, add "type": "module" to /Users/awtsmoos/work/awtsmoos.com/package.json.
(Use `node --trace-warnings ...` to show where the warning was created)
✔ camera controller defaults to third-person orbit (203.771767ms)
✔ camera modes alternate in both directions (0.654088ms)
✔ visible presentation describes current and next viewpoints (2.584808ms)
✔ event bus delivers the camera toggle intention (142.764081ms)
(node:77753) [MODULE_TYPELESS_PACKAGE_JSON] Warning: Module type of file:///Users/awtsmoos/work/awtsmoos.com/geelooy/games/mitzvahWorld/experiments/Awtsmoos/src/app/EretzLodFrame.js is not specified and it doesn't parse as CommonJS.
Reparsing as ES module because module syntax was detected. This incurs a performance overhead.
To eliminate this warning, add "type": "module" to /Users/awtsmoos/work/awtsmoos.com/package.json.
(Use `node --trace-warnings ...` to show where the warning was created)
{
  "ok": true,
  "received": {
    "position": {
      "x": 0,
      "y": 0,
      "z": 7
    },
    "tierName": "high",
    "yaw": 0
  }
}
✔ experiments/Awtsmoos/src/test/app/eretzLodFrame.test.mjs (1634.291514ms)
(node:77757) [MODULE_TYPELESS_PACKAGE_JSON] Warning: Module type of file:///Users/awtsmoos/work/awtsmoos.com/geelooy/games/mitzvahWorld/experiments/Awtsmoos/src/camera/FirstPersonCameraPose.js is not specified and it doesn't parse as CommonJS.
Reparsing as ES module because module syntax was detected. This incurs a performance overhead.
To eliminate this warning, add "type": "module" to /Users/awtsmoos/work/awtsmoos.com/package.json.
(Use `node --trace-warnings ...` to show where the warning was created)
✔ zero yaw looks forward along positive Z from the player eye (10.161255ms)
✔ quarter-turn yaw looks along positive X (0.461898ms)
✔ positive orbit-compatible pitch looks downward (0.36248ms)
✔ point helpers resolve deterministic yaw and pitch (0.537865ms)
(node:77758) [MODULE_TYPELESS_PACKAGE_JSON] Warning: Module type of file:///Users/awtsmoos/work/awtsmoos.com/geelooy/games/mitzvahWorld/experiments/Awtsmoos/src/app/EretzMovementInput.js is not specified and it doesn't parse as CommonJS.
Reparsing as ES module because module syntax was detected. This incurs a performance overhead.
To eliminate this warning, add "type": "module" to /Users/awtsmoos/work/awtsmoos.com/package.json.
(Use `node --trace-warnings ...` to show where the warning was created)
✔ W moves forward along camera yaw (32.001038ms)
✔ D strafes right in first-person mode (1.073423ms)
✔ arrow look rotates the camera before movement (1.493771ms)
(node:77762) [MODULE_TYPELESS_PACKAGE_JSON] Warning: Module type of file:///Users/awtsmoos/work/awtsmoos.com/geelooy/games/mitzvahWorld/experiments/Awtsmoos/src/app/MinimalMeadowEquipmentRuntime.js is not specified and it doesn't parse as CommonJS.
Reparsing as ES module because module syntax was detected. This incurs a performance overhead.
To eliminate this warning, add "type": "module" to /Users/awtsmoos/work/awtsmoos.com/package.json.
(Use `node --trace-warnings ...` to show where the warning was created)
✔ B"H modern pointer selection preserves actor methods through combat (23.485431ms)
✔ B"H equipped staff belongs to the right hand and repairs (373.179798ms)
(node:77763) [MODULE_TYPELESS_PACKAGE_JSON] Warning: Module type of file:///Users/awtsmoos/work/awtsmoos.com/geelooy/games/mitzvahWorld/experiments/light-three-gltf/tiny-runtime.js is not specified and it doesn't parse as CommonJS.
Reparsing as ES module because module syntax was detected. This incurs a performance overhead.
To eliminate this warning, add "type": "module" to /Users/awtsmoos/work/awtsmoos.com/package.json.
(Use `node --trace-warnings ...` to show where the warning was created)
✔ B"H registry cleans duplicates and rebinds one weapon to each model generation (5.318089ms)
(node:77766) [MODULE_TYPELESS_PACKAGE_JSON] Warning: Module type of file:///Users/awtsmoos/work/awtsmoos.com/geelooy/games/mitzvahWorld/experiments/Awtsmoos/src/app/MinimalMeadowLoopCadence.js is not specified and it doesn't parse as CommonJS.
Reparsing as ES module because module syntax was detected. This incurs a performance overhead.
To eliminate this warning, add "type": "module" to /Users/awtsmoos/work/awtsmoos.com/package.json.
(Use `node --trace-warnings ...` to show where the warning was created)
✔ B"H HUD writes are paint-bound and cadence-limited (5.363269ms)
(node:77767) [MODULE_TYPELESS_PACKAGE_JSON] Warning: Module type of file:///Users/awtsmoos/work/awtsmoos.com/geelooy/games/mitzvahWorld/experiments/Awtsmoos/src/app/MinimalMeadowFrameScheduler.js is not specified and it doesn't parse as CommonJS.
Reparsing as ES module because module syntax was detected. This incurs a performance overhead.
To eliminate this warning, add "type": "module" to /Users/awtsmoos/work/awtsmoos.com/package.json.
(Use `node --trace-warnings ...` to show where the warning was created)
✔ B"H timer fallback preserves the pending animation frame (48.490934ms)
(node:77771) [MODULE_TYPELESS_PACKAGE_JSON] Warning: Module type of file:///Users/awtsmoos/work/awtsmoos.com/geelooy/games/mitzvahWorld/experiments/Awtsmoos/src/app/MinimalMeadowHouseDimensionPolicy.js is not specified and it doesn't parse as CommonJS.
Reparsing as ES module because module syntax was detected. This incurs a performance overhead.
To eliminate this warning, add "type": "module" to /Users/awtsmoos/work/awtsmoos.com/package.json.
(Use `node --trace-warnings ...` to show where the warning was created)
✔ every house expands its recorded legacy footprint by at least forty (8.590529ms)
✔ expanded footprints retain a broad non-overlapping world corridor (0.527656ms)
✔ assembly uses measured dimensions rather than parent scaling (1.636846ms)
(node:77775) [MODULE_TYPELESS_PACKAGE_JSON] Warning: Module type of file:///Users/awtsmoos/work/awtsmoos.com/geelooy/games/mitzvahWorld/experiments/Awtsmoos/src/app/MinimalMeadowBezierPath.js is not specified and it doesn't parse as CommonJS.
Reparsing as ES module because module syntax was detected. This incurs a performance overhead.
To eliminate this warning, add "type": "module" to /Users/awtsmoos/work/awtsmoos.com/package.json.
(Use `node --trace-warnings ...` to show where the warning was created)
✔ every expanded footprint and entry approach avoids occupied terrain (552.247299ms)
(node:77776) [MODULE_TYPELESS_PACKAGE_JSON] Warning: Module type of file:///Users/awtsmoos/work/awtsmoos.com/geelooy/games/mitzvahWorld/experiments/Awtsmoos/src/app/MinimalMeadowHouseFloorSupport.js is not specified and it doesn't parse as CommonJS.
Reparsing as ES module because module syntax was detected. This incurs a performance overhead.
To eliminate this warning, add "type": "module" to /Users/awtsmoos/work/awtsmoos.com/package.json.
(Use `node --trace-warnings ...` to show where the warning was created)
✔ B"H lower and upper story floors catch normal, crossed, and underground positions (4.612561ms)
✔ B"H story-floor receipt wins over terrain below the house (6.984984ms)
(node:77779) [MODULE_TYPELESS_PACKAGE_JSON] Warning: Module type of file:///Users/awtsmoos/work/awtsmoos.com/geelooy/games/mitzvahWorld/experiments/Awtsmoos/src/app/MinimalMeadowHouseFoundation.js is not specified and it doesn't parse as CommonJS.
Reparsing as ES module because module syntax was detected. This incurs a performance overhead.
To eliminate this warning, add "type": "module" to /Users/awtsmoos/work/awtsmoos.com/package.json.
(Use `node --trace-warnings ...` to show where the warning was created)
✔ measured foundation creates accessible steps and a level platform (4.887253ms)
✔ two-story plan aligns normal doors, broad hall, and usable stairs (354.659649ms)
(node:77780) [MODULE_TYPELESS_PACKAGE_JSON] Warning: Module type of file:///Users/awtsmoos/work/awtsmoos.com/geelooy/games/mitzvahWorld/experiments/light-three-gltf/tiny-runtime.js is not specified and it doesn't parse as CommonJS.
Reparsing as ES module because module syntax was detected. This incurs a performance overhead.
To eliminate this warning, add "type": "module" to /Users/awtsmoos/work/awtsmoos.com/package.json.
(Use `node --trace-warnings ...` to show where the warning was created)
✔ camera-relative joystick signs match the screen in every cardinal direction (311.50478ms)
✔ camera-relative diagonals remain normalized and preserve both signs (21.050788ms)
✔ selected Run changes actual speed and action for keyboard and joystick (148.281316ms)
(node:77781) [MODULE_TYPELESS_PACKAGE_JSON] Warning: Module type of file:///Users/awtsmoos/work/awtsmoos.com/geelooy/games/mitzvahWorld/experiments/Awtsmoos/src/app/MinimalMeadowWeaponAttachment.js is not specified and it doesn't parse as CommonJS.
Reparsing as ES module because module syntax was detected. This incurs a performance overhead.
To eliminate this warning, add "type": "module" to /Users/awtsmoos/work/awtsmoos.com/package.json.
(Use `node --trace-warnings ...` to show where the warning was created)
MINIMAL_MEADOW_WEAPON_ATTACHMENT_TEST_OK=1
✔ experiments/Awtsmoos/src/test/app/minimalMeadowWeaponAttachment.test.mjs (2829.899644ms)
(node:77786) [MODULE_TYPELESS_PACKAGE_JSON] Warning: Module type of file:///Users/awtsmoos/work/awtsmoos.com/geelooy/games/mitzvahWorld/experiments/Awtsmoos/src/app/MinimalMeadowCameraRig.js is not specified and it doesn't parse as CommonJS.
Reparsing as ES module because module syntax was detected. This incurs a performance overhead.
To eliminate this warning, add "type": "module" to /Users/awtsmoos/work/awtsmoos.com/package.json.
(Use `node --trace-warnings ...` to show where the warning was created)
✔ B"H mouse chords distinguish camera-only, player-bound, and forward modes (28.682386ms)
✔ B"H right drag synchronizes facing while left drag does not (0.553672ms)
✔ B"H A and D strafe and every focus loss clears movement (19.243513ms)
(node:77787) [MODULE_TYPELESS_PACKAGE_JSON] Warning: Module type of file:///Users/awtsmoos/work/awtsmoos.com/geelooy/games/mitzvahWorld/experiments/Awtsmoos/src/camera/CameraClipCache.js is not specified and it doesn't parse as CommonJS.
Reparsing as ES module because module syntax was detected. This incurs a performance overhead.
To eliminate this warning, add "type": "module" to /Users/awtsmoos/work/awtsmoos.com/package.json.
(Use `node --trace-warnings ...` to show where the warning was created)
✔ two reuse frames avoid duplicate raycasts while eye follows target motion (129.744884ms)
✔ collision revision invalidates an otherwise identical pose (0.632116ms)
✔ large camera motion refreshes before the reuse bound (0.371299ms)
(node:77791) [MODULE_TYPELESS_PACKAGE_JSON] Warning: Module type of file:///Users/awtsmoos/work/awtsmoos.com/geelooy/games/mitzvahWorld/experiments/Awtsmoos/src/gameplay/actionbar/ActionBarDragController.js is not specified and it doesn't parse as CommonJS.
Reparsing as ES module because module syntax was detected. This incurs a performance overhead.
To eliminate this warning, add "type": "module" to /Users/awtsmoos/work/awtsmoos.com/package.json.
(Use `node --trace-warnings ...` to show where the warning was created)
✔ ability drags assign, move, and remove slots (22.463138ms)
✔ layout lock rejects a drop without losing the drag payload (1.087494ms)
(node:77794) [MODULE_TYPELESS_PACKAGE_JSON] Warning: Module type of file:///Users/awtsmoos/work/awtsmoos.com/geelooy/games/mitzvahWorld/experiments/Awtsmoos/src/ui/ActionBarInputController.js is not specified and it doesn't parse as CommonJS.
Reparsing as ES module because module syntax was detected. This incurs a performance overhead.
To eliminate this warning, add "type": "module" to /Users/awtsmoos/work/awtsmoos.com/package.json.
(Use `node --trace-warnings ...` to show where the warning was created)
✔ routes primary, Shift-row, and gamepad activations to visible slots (61.906824ms)
✔ touch inspection follows document release and suppresses one click (12.724838ms)
✔ document movement cancels a pending long press beyond tolerance (1.742614ms)
(node:77795) [MODULE_TYPELESS_PACKAGE_JSON] Warning: Module type of file:///Users/awtsmoos/work/awtsmoos.com/geelooy/games/mitzvahWorld/experiments/Awtsmoos/src/ui/ActionBarLongPressController.js is not specified and it doesn't parse as CommonJS.
Reparsing as ES module because module syntax was detected. This incurs a performance overhead.
To eliminate this warning, add "type": "module" to /Users/awtsmoos/work/awtsmoos.com/package.json.
(Use `node --trace-warnings ...` to show where the warning was created)
✔ long press inspects, ends, and suppresses exactly one click (53.110895ms)
✔ movement beyond tolerance cancels inspection (0.648796ms)
✔ mouse, secondary pointers, and destroyed timers remain dormant (2.829255ms)
(node:77796) [MODULE_TYPELESS_PACKAGE_JSON] Warning: Module type of file:///Users/awtsmoos/work/awtsmoos.com/geelooy/games/mitzvahWorld/experiments/Awtsmoos/src/gameplay/combat/PlayerMeleeController.js is not specified and it doesn't parse as CommonJS.
Reparsing as ES module because module syntax was detected. This incurs a performance overhead.
To eliminate this warning, add "type": "module" to /Users/awtsmoos/work/awtsmoos.com/package.json.
(Use `node --trace-warnings ...` to show where the warning was created)
✔ one key edge emits one bounded fallback melee request (15.018673ms)
✔ level, Gevurah, equipment, and recovery resolve once per strike (0.788413ms)
✔ a rejected strike publishes the remaining cooldown without world polling (0.786766ms)
(node:77800) [MODULE_TYPELESS_PACKAGE_JSON] Warning: Module type of file:///Users/awtsmoos/work/awtsmoos.com/geelooy/games/mitzvahWorld/experiments/Awtsmoos/src/assets/ProductionMaterialUrlPolicy.js is not specified and it doesn't parse as CommonJS.
Reparsing as ES module because module syntax was detected. This incurs a performance overhead.
To eliminate this warning, add "type": "module" to /Users/awtsmoos/work/awtsmoos.com/package.json.
(Use `node --trace-warnings ...` to show where the warning was created)
✔ missing materials preserve aliases and structured degradation (31.175711ms)
✔ successful images receive stable canonical same-origin texture metadata (207.887933ms)
✔ loader exceptions become degradation rather than boot failure (13.908968ms)
(node:77801) [MODULE_TYPELESS_PACKAGE_JSON] Warning: Module type of file:///Users/awtsmoos/work/awtsmoos.com/geelooy/games/mitzvahWorld/experiments/Awtsmoos/src/app/MinimalMeadowEquipmentRuntime.js is not specified and it doesn't parse as CommonJS.
Reparsing as ES module because module syntax was detected. This incurs a performance overhead.
To eliminate this warning, add "type": "module" to /Users/awtsmoos/work/awtsmoos.com/package.json.
(Use `node --trace-warnings ...` to show where the warning was created)
✔ restoration preserves duplicates, overflow, and one aggregate Bag card (14.68934ms)
✔ batch loot and purchases publish exactly once (246.759949ms)
✔ corpse selection opens loot before any deliberate transfer (238.32131ms)
✔ tefillin jacket and right-hand weapon persist through casting and hydration (648.207941ms)
(node:77802) [MODULE_TYPELESS_PACKAGE_JSON] Warning: Module type of file:///Users/awtsmoos/work/awtsmoos.com/geelooy/games/mitzvahWorld/experiments/Awtsmoos/src/gameplay/GarmentCatalog.js is not specified and it doesn't parse as CommonJS.
Reparsing as ES module because module syntax was detected. This incurs a performance overhead.
To eliminate this warning, add "type": "module" to /Users/awtsmoos/work/awtsmoos.com/package.json.
(Use `node --trace-warnings ...` to show where the warning was created)
INVENTORY_GARMENT_AUTHORITY_TEST_OK=1
✔ experiments/Awtsmoos/src/test/gameplay/inventoryGarmentAuthority.test.mjs (2317.851498ms)
(node:77808) [MODULE_TYPELESS_PACKAGE_JSON] Warning: Module type of file:///Users/awtsmoos/work/awtsmoos.com/geelooy/games/mitzvahWorld/experiments/Awtsmoos/src/ui/NpcHudMarkup.js is not specified and it doesn't parse as CommonJS.
Reparsing as ES module because module syntax was detected. This incurs a performance overhead.
To eliminate this warning, add "type": "module" to /Users/awtsmoos/work/awtsmoos.com/package.json.
(Use `node --trace-warnings ...` to show where the warning was created)
✔ player card renders canonical XP maximum and armor (2.174053ms)
✔ hostile target card renders level, health, and armor (0.398058ms)
(node:77809) [MODULE_TYPELESS_PACKAGE_JSON] Warning: Module type of file:///Users/awtsmoos/work/awtsmoos.com/geelooy/games/mitzvahWorld/experiments/Awtsmoos/src/ui/StatusEffectHud.js is not specified and it doesn't parse as CommonJS.
Reparsing as ES module because module syntax was detected. This incurs a performance overhead.
To eliminate this warning, add "type": "module" to /Users/awtsmoos/work/awtsmoos.com/package.json.
(Use `node --trace-warnings ...` to show where the warning was created)
✔ countdown traversal is bounded by cadence (2.081743ms)
✔ unchanged visible seconds perform no DOM mutation (0.712734ms)
✔ hidden effect rows remain completely dormant (12.942465ms)
(node:77813) [MODULE_TYPELESS_PACKAGE_JSON] Warning: Module type of file:///Users/awtsmoos/work/awtsmoos.com/geelooy/games/mitzvahWorld/experiments/Awtsmoos/src/gameplay/combat/TorahCombatController.js is not specified and it doesn't parse as CommonJS.
Reparsing as ES module because module syntax was detected. This incurs a performance overhead.
To eliminate this warning, add "type": "module" to /Users/awtsmoos/work/awtsmoos.com/package.json.
(Use `node --trace-warnings ...` to show where the warning was created)
✔ accepted impact spends focus and records canonical cooldown once (22.854961ms)
✔ rejected impact leaves focus and cooldown untouched (1.765807ms)
✔ action timeline receives the structured synchronous world rejection (24.317286ms)
✔ targetless support transaction spends focus without hostile world dispatch (0.795232ms)
(node:77814) [MODULE_TYPELESS_PACKAGE_JSON] Warning: Module type of file:///Users/awtsmoos/work/awtsmoos.com/geelooy/games/mitzvahWorld/experiments/Awtsmoos/src/performance/FrameBudgetGovernor.js is not specified and it doesn't parse as CommonJS.
Reparsing as ES module because module syntax was detected. This incurs a performance overhead.
To eliminate this warning, add "type": "module" to /Users/awtsmoos/work/awtsmoos.com/package.json.
(Use `node --trace-warnings ...` to show where the warning was created)
✔ critical pressure preserves the selected tier (24.984692ms)
✔ stable evidence remains stable without changing quality (5.54845ms)
(node:77818) [MODULE_TYPELESS_PACKAGE_JSON] Warning: Module type of file:///Users/awtsmoos/work/awtsmoos.com/geelooy/games/mitzvahWorld/experiments/Awtsmoos/src/performance/FrameBudgetWindow.js is not specified and it doesn't parse as CommonJS.
Reparsing as ES module because module syntax was detected. This incurs a performance overhead.
To eliminate this warning, add "type": "module" to /Users/awtsmoos/work/awtsmoos.com/package.json.
(Use `node --trace-warnings ...` to show where the warning was created)
✔ bounded ring keeps the newest samples without Array.shift work (8.070075ms)
✔ percentile lows expose slow tail frames (0.885711ms)
✔ invalid intervals do not enter the evidence window (1.481854ms)
(node:77821) [MODULE_TYPELESS_PACKAGE_JSON] Warning: Module type of file:///Users/awtsmoos/work/awtsmoos.com/geelooy/games/mitzvahWorld/experiments/light-three-gltf/tiny-static-batch-policy.js is not specified and it doesn't parse as CommonJS.
Reparsing as ES module because module syntax was detected. This incurs a performance overhead.
To eliminate this warning, add "type": "module" to /Users/awtsmoos/work/awtsmoos.com/package.json.
(Use `node --trace-warnings ...` to show where the warning was created)
✔ fixed functional-house surfaces are certified for conservative batching (214.66417ms)
✔ doors, dynamic definitions, reactive grass, and transparency remain excluded (2.030628ms)
✔ batch statistics expose singleton and mergeable family opportunity (0.693814ms)
(node:77822) [MODULE_TYPELESS_PACKAGE_JSON] Warning: Module type of file:///Users/awtsmoos/work/awtsmoos.com/geelooy/games/mitzvahWorld/experiments/Awtsmoos/src/performance/RuntimeFrameCostSample.js is not specified and it doesn't parse as CommonJS.
Reparsing as ES module because module syntax was detected. This incurs a performance overhead.
To eliminate this warning, add "type": "module" to /Users/awtsmoos/work/awtsmoos.com/package.json.
(Use `node --trace-warnings ...` to show where the warning was created)
✔ frame cost sample preserves exact nested animation and CPU intervals (118.888636ms)
(node:77823) [MODULE_TYPELESS_PACKAGE_JSON] Warning: Module type of file:///Users/awtsmoos/work/awtsmoos.com/geelooy/games/mitzvahWorld/experiments/Awtsmoos/src/ui/InventoryModalState.js is not specified and it doesn't parse as CommonJS.
Reparsing as ES module because module syntax was detected. This incurs a performance overhead.
To eliminate this warning, add "type": "module" to /Users/awtsmoos/work/awtsmoos.com/package.json.
(Use `node --trace-warnings ...` to show where the warning was created)
✔ combat activation is suspended while Bag modal state is open (373.791859ms)
(node:77827) [MODULE_TYPELESS_PACKAGE_JSON] Warning: Module type of file:///Users/awtsmoos/work/awtsmoos.com/geelooy/games/mitzvahWorld/experiments/Awtsmoos/src/ui/InventoryModalStyles.js is not specified and it doesn't parse as CommonJS.
Reparsing as ES module because module syntax was detected. This incurs a performance overhead.
To eliminate this warning, add "type": "module" to /Users/awtsmoos/work/awtsmoos.com/package.json.
(Use `node --trace-warnings ...` to show where the warning was created)
✔ Bag markup preserves close and omits unused detail space until selection (13.119982ms)
✔ selected details render truthfully inside a bounded mobile section (1.738721ms)
✔ modal and HUD CSS preserve safe areas without globally shrinking text (0.747311ms)
(node:77828) [MODULE_TYPELESS_PACKAGE_JSON] Warning: Module type of file:///Users/awtsmoos/work/awtsmoos.com/geelooy/games/mitzvahWorld/experiments/Awtsmoos/src/ui/InventoryModalController.js is not specified and it doesn't parse as CommonJS.
Reparsing as ES module because module syntax was detected. This incurs a performance overhead.
To eliminate this warning, add "type": "module" to /Users/awtsmoos/work/awtsmoos.com/package.json.
(Use `node --trace-warnings ...` to show where the warning was created)
✔ Bag activation captures every outside branch exactly once (11.493021ms)
✔ outside pointer and keyboard input is blocked while Bag controls remain active (5.586651ms)
✔ close restores inherited HUD, accessibility, scroll, and focus once (9.004078ms)
(node:77829) [MODULE_TYPELESS_PACKAGE_JSON] Warning: Module type of file:///Users/awtsmoos/work/awtsmoos.com/geelooy/games/mitzvahWorld/experiments/Awtsmoos/src/ui/MobileHudCompositionGeometry.js is not specified and it doesn't parse as CommonJS.
Reparsing as ES module because module syntax was detected. This incurs a performance overhead.
To eliminate this warning, add "type": "module" to /Users/awtsmoos/work/awtsmoos.com/package.json.
(Use `node --trace-warnings ...` to show where the warning was created)
✔ 390 by 844 controlled HUD combinations never intersect (157.612082ms)
✔ landscape mobile composition remains inside the safe viewport (75.626427ms)
✔ desktop layout remains a passthrough instead of receiving mobile rectangles (0.492019ms)
✔ cast and action rectangles remain independently readable (0.748479ms)
(node:77833) [MODULE_TYPELESS_PACKAGE_JSON] Warning: Module type of file:///Users/awtsmoos/work/awtsmoos.com/geelooy/games/mitzvahWorld/experiments/Awtsmoos/src/ui/MobileHudCompositionMeasurements.js is not specified and it doesn't parse as CommonJS.
Reparsing as ES module because module syntax was detected. This incurs a performance overhead.
To eliminate this warning, add "type": "module" to /Users/awtsmoos/work/awtsmoos.com/package.json.
(Use `node --trace-warnings ...` to show where the warning was created)
✔ measurement records every visible zoned rectangle and excludes hidden surfaces (29.45596ms)
✔ intersection evidence names both live surfaces (5.901801ms)
(node:77836) [MODULE_TYPELESS_PACKAGE_JSON] Warning: Module type of file:///Users/awtsmoos/work/awtsmoos.com/geelooy/games/mitzvahWorld/experiments/Awtsmoos/src/ui/MinimalMeadowTargetFrame.js is not specified and it doesn't parse as CommonJS.
Reparsing as ES module because module syntax was detected. This incurs a performance overhead.
To eliminate this warning, add "type": "module" to /Users/awtsmoos/work/awtsmoos.com/package.json.
(Use `node --trace-warnings ...` to show where the warning was created)
✔ mobile targets begin compact and reset to compact when selection changes (42.201273ms)
✔ desktop target details remain expanded by default (1.06556ms)
(node:77837) [MODULE_TYPELESS_PACKAGE_JSON] Warning: Module type of file:///Users/awtsmoos/work/awtsmoos.com/geelooy/games/mitzvahWorld/experiments/Awtsmoos/src/ui/MobileHudCompositionTransientQueue.js is not specified and it doesn't parse as CommonJS.
Reparsing as ES module because module syntax was detected. This incurs a performance overhead.
To eliminate this warning, add "type": "module" to /Users/awtsmoos/work/awtsmoos.com/package.json.
(Use `node --trace-warnings ...` to show where the warning was created)
✔ transient messages queue in order and remain bounded to three (5.564699ms)
✔ owner-controlled hide clears the transient stack (0.795473ms)
(node:77838) [MODULE_TYPELESS_PACKAGE_JSON] Warning: Module type of file:///Users/awtsmoos/work/awtsmoos.com/geelooy/games/mitzvahWorld/experiments/Awtsmoos/src/ui/HudLayoutRegistry.js is not specified and it doesn't parse as CommonJS.
Reparsing as ES module because module syntax was detected. This incurs a performance overhead.
To eliminate this warning, add "type": "module" to /Users/awtsmoos/work/awtsmoos.com/package.json.
(Use `node --trace-warnings ...` to show where the warning was created)
✔ registry covers every major always-visible HUD surface (147.146077ms)
✔ secondary surfaces begin folded while core status remains visible (1.592204ms)
✔ registry records are immutable (0.454816ms)
(node:77839) [MODULE_TYPELESS_PACKAGE_JSON] Warning: Module type of file:///Users/awtsmoos/work/awtsmoos.com/geelooy/games/mitzvahWorld/experiments/Awtsmoos/src/ui/MinimalMeadowGameRail.js is not specified and it doesn't parse as CommonJS.
Reparsing as ES module because module syntax was detected. This incurs a performance overhead.
To eliminate this warning, add "type": "module" to /Users/awtsmoos/work/awtsmoos.com/package.json.
(Use `node --trace-warnings ...` to show where the warning was created)
✔ every rail control owns twenty pointer sequences and one click action each (223.549038ms)
(node:77840) [MODULE_TYPELESS_PACKAGE_JSON] Warning: Module type of file:///Users/awtsmoos/work/awtsmoos.com/geelooy/games/mitzvahWorld/experiments/Awtsmoos/src/world/visibility/HouseBounds.js is not specified and it doesn't parse as CommonJS.
Reparsing as ES module because module syntax was detected. This incurs a performance overhead.
To eliminate this warning, add "type": "module" to /Users/awtsmoos/work/awtsmoos.com/package.json.
(Use `node --trace-warnings ...` to show where the warning was created)
✔ house bounds remain independent of visibility state (3.448482ms)
✔ closed exterior view hides and suspends only tagged interiors (4.578953ms)
✔ opening the door or entering resumes interior runtime handles (3.475629ms)
ℹ tests 100
ℹ suites 0
ℹ pass 100
ℹ fail 0
ℹ cancelled 0
ℹ skipped 0
ℹ todo 0
ℹ duration_ms 35907.157252
test_files=42
test_exit=0
diff_exit=0
