syntax_exit=0
oversized_exit=0
(node:41983) [MODULE_TYPELESS_PACKAGE_JSON] Warning: Module type of file:///Users/awtsmoos/work/awtsmoos.com/geelooy/games/mitzvahWorld/experiments/light-three-gltf/tiny-runtime.js is not specified and it doesn't parse as CommonJS.
Reparsing as ES module because module syntax was detected. This incurs a performance overhead.
To eliminate this warning, add "type": "module" to /Users/awtsmoos/work/awtsmoos.com/package.json.
(Use `node --trace-warnings ...` to show where the warning was created)
✔ B"H action icons are pictographic while Hebrew remains present (334.205968ms)
✔ B"H combat pressure is slower, smaller, and spatially separated (0.634207ms)
✔ B"H selected enemy brightens and receives visible markers (26.785439ms)
✔ B"H Shlichus menu follows canonical active mission progress (1.263348ms)
✔ B"H stairs expose discrete tread heights and no hidden ramp (2.076155ms)
✔ B"H sky shader contains intense disc, halo, clouds, and warm horizon (0.325352ms)
(node:41984) [MODULE_TYPELESS_PACKAGE_JSON] Warning: Module type of file:///Users/awtsmoos/work/awtsmoos.com/geelooy/games/mitzvahWorld/experiments/Awtsmoos/src/app/MinimalMeadowEquipmentRuntime.js is not specified and it doesn't parse as CommonJS.
Reparsing as ES module because module syntax was detected. This incurs a performance overhead.
To eliminate this warning, add "type": "module" to /Users/awtsmoos/work/awtsmoos.com/package.json.
(Use `node --trace-warnings ...` to show where the warning was created)
✔ B"H modern pointer selection preserves actor methods through combat (7.57402ms)
✔ B"H equipped staff belongs to the right hand and repairs (240.740266ms)
(node:41985) [MODULE_TYPELESS_PACKAGE_JSON] Warning: Module type of file:///Users/awtsmoos/work/awtsmoos.com/geelooy/games/mitzvahWorld/experiments/Awtsmoos/src/app/MinimalMeadowHebrewProjectile.js is not specified and it doesn't parse as CommonJS.
Reparsing as ES module because module syntax was detected. This incurs a performance overhead.
To eliminate this warning, add "type": "module" to /Users/awtsmoos/work/awtsmoos.com/package.json.
(Use `node --trace-warnings ...` to show where the warning was created)
✔ melee telegraphs before one reduced impact and long recovery (332.579131ms)
✔ caster retreats, launches one Hebrew projectile, and recovers (17.696413ms)
✔ impact and expired support effects return their visual vessels to pools (45.221888ms)
(node:42033) [MODULE_TYPELESS_PACKAGE_JSON] Warning: Module type of file:///Users/awtsmoos/work/awtsmoos.com/geelooy/games/mitzvahWorld/experiments/Awtsmoos/src/app/MinimalMeadowEnemyCombatSession.js is not specified and it doesn't parse as CommonJS.
Reparsing as ES module because module syntax was detected. This incurs a performance overhead.
To eliminate this warning, add "type": "module" to /Users/awtsmoos/work/awtsmoos.com/package.json.
(Use `node --trace-warnings ...` to show where the warning was created)
✔ profile spawn anchors home before the group receives final placement (7.466494ms)
✔ role and cadence remain stable for one complete engagement (1.840392ms)
✔ brief sight loss persists but sustained loss resets the session (0.856468ms)
✔ different identities receive broad naturally staggered delays (0.731621ms)
(node:42037) [MODULE_TYPELESS_PACKAGE_JSON] Warning: Module type of file:///Users/awtsmoos/work/awtsmoos.com/geelooy/games/mitzvahWorld/experiments/Awtsmoos/src/app/MinimalMeadowHouseFoundation.js is not specified and it doesn't parse as CommonJS.
Reparsing as ES module because module syntax was detected. This incurs a performance overhead.
To eliminate this warning, add "type": "module" to /Users/awtsmoos/work/awtsmoos.com/package.json.
(Use `node --trace-warnings ...` to show where the warning was created)
✔ measured foundation creates accessible steps and a level platform (6.34889ms)
✔ two-story plan aligns normal doors, broad hall, and usable stairs (266.981318ms)
(node:42038) [MODULE_TYPELESS_PACKAGE_JSON] Warning: Module type of file:///Users/awtsmoos/work/awtsmoos.com/geelooy/games/mitzvahWorld/experiments/Awtsmoos/src/launcher/MinimalMeadowReadiness.js is not specified and it doesn't parse as CommonJS.
Reparsing as ES module because module syntax was detected. This incurs a performance overhead.
To eliminate this warning, add "type": "module" to /Users/awtsmoos/work/awtsmoos.com/package.json.
(Use `node --trace-warnings ...` to show where the warning was created)
✔ B"H fallback readiness preserves Canvas2D backend identity (473.92846ms)
✔ B"H rich hydration keeps WebGL backend and records rich stage (15.047505ms)
✔ B"H hydration failure degrades only after final settlement (13.051549ms)
(node:42058) [MODULE_TYPELESS_PACKAGE_JSON] Warning: Module type of file:///Users/awtsmoos/work/awtsmoos.com/geelooy/games/mitzvahWorld/experiments/light-three-gltf/tiny-runtime.js is not specified and it doesn't parse as CommonJS.
Reparsing as ES module because module syntax was detected. This incurs a performance overhead.
To eliminate this warning, add "type": "module" to /Users/awtsmoos/work/awtsmoos.com/package.json.
(Use `node --trace-warnings ...` to show where the warning was created)
✔ B"H exact terrain frequency derives from source pixels and world size (3.193456ms)
✔ B"H readiness stays settling until renderer and features resolve (4.747833ms)
✔ B"H staff begins in right hand and aims at selected target (5.188049ms)
(node:42059) [MODULE_TYPELESS_PACKAGE_JSON] Warning: Module type of file:///Users/awtsmoos/work/awtsmoos.com/geelooy/games/mitzvahWorld/experiments/Awtsmoos/src/app/MinimalMeadowHouseFoundation.js is not specified and it doesn't parse as CommonJS.
Reparsing as ES module because module syntax was detected. This incurs a performance overhead.
To eliminate this warning, add "type": "module" to /Users/awtsmoos/work/awtsmoos.com/package.json.
(Use `node --trace-warnings ...` to show where the warning was created)
✔ B"H menu follows dedicated Three Shadows progress when adventures are empty (219.157971ms)
✔ B"H exterior entry and interior staircase use level discrete rises (14.47794ms)
(node:42063) [MODULE_TYPELESS_PACKAGE_JSON] Warning: Module type of file:///Users/awtsmoos/work/awtsmoos.com/geelooy/games/mitzvahWorld/experiments/Awtsmoos/src/gameplay/AdventureStore.js is not specified and it doesn't parse as CommonJS.
Reparsing as ES module because module syntax was detected. This incurs a performance overhead.
To eliminate this warning, add "type": "module" to /Users/awtsmoos/work/awtsmoos.com/package.json.
(Use `node --trace-warnings ...` to show where the warning was created)
✔ quest offer can be declined and later accepted (249.558437ms)
✔ sequential objectives progress only on matching events (12.32213ms)
✔ pinning is bounded and abandon resets progress (5.556623ms)
✔ custom catalogs remain valid store vessels (0.834334ms)
(node:42109) [MODULE_TYPELESS_PACKAGE_JSON] Warning: Module type of file:///Users/awtsmoos/work/awtsmoos.com/geelooy/games/mitzvahWorld/experiments/Awtsmoos/src/app/MinimalMeadowEquipmentRuntime.js is not specified and it doesn't parse as CommonJS.
Reparsing as ES module because module syntax was detected. This incurs a performance overhead.
To eliminate this warning, add "type": "module" to /Users/awtsmoos/work/awtsmoos.com/package.json.
(Use `node --trace-warnings ...` to show where the warning was created)
✔ restoration preserves duplicates, overflow, and one aggregate Bag card (210.311328ms)
✔ batch loot and purchases publish exactly once (37.166092ms)
✔ corpse selection opens loot before any deliberate transfer (42.443919ms)
✔ tefillin jacket and right-hand weapon persist through casting and hydration (460.198405ms)
(node:42117) [MODULE_TYPELESS_PACKAGE_JSON] Warning: Module type of file:///Users/awtsmoos/work/awtsmoos.com/geelooy/games/mitzvahWorld/experiments/Awtsmoos/src/world/visibility/HouseBounds.js is not specified and it doesn't parse as CommonJS.
Reparsing as ES module because module syntax was detected. This incurs a performance overhead.
To eliminate this warning, add "type": "module" to /Users/awtsmoos/work/awtsmoos.com/package.json.
(Use `node --trace-warnings ...` to show where the warning was created)
✔ house bounds remain independent of visibility state (16.940967ms)
✔ closed exterior view hides and suspends only tagged interiors (2.722241ms)
✔ opening the door or entering resumes interior runtime handles (1.072021ms)
(node:42124) [MODULE_TYPELESS_PACKAGE_JSON] Warning: Module type of file:///Users/awtsmoos/work/awtsmoos.com/geelooy/games/mitzvahWorld/experiments/Awtsmoos/src/app/MinimalMeadowHouseGeometryContract.js is not specified and it doesn't parse as CommonJS.
Reparsing as ES module because module syntax was detected. This incurs a performance overhead.
To eliminate this warning, add "type": "module" to /Users/awtsmoos/work/awtsmoos.com/package.json.
(Use `node --trace-warnings ...` to show where the warning was created)
✔ beis-ohr owns finite bounds, winding, and role-specific side policy (807.005993ms)
✔ brick-cottage owns finite bounds, winding, and role-specific side policy (44.600648ms)
(node:42154) [MODULE_TYPELESS_PACKAGE_JSON] Warning: Module type of file:///Users/awtsmoos/work/awtsmoos.com/geelooy/games/mitzvahWorld/experiments/Awtsmoos/src/app/MinimalMeadowHouseGeometryContract.js is not specified and it doesn't parse as CommonJS.
Reparsing as ES module because module syntax was detected. This incurs a performance overhead.
To eliminate this warning, add "type": "module" to /Users/awtsmoos/work/awtsmoos.com/package.json.
(Use `node --trace-warnings ...` to show where the warning was created)
✔ beis-ohr remains eligible through a multi-elevation orbit (3223.606028ms)
✔ beis-ohr has stable draw state while entering and leaving (612.054263ms)
✔ beis-ohr repairs a late blanket side mutation (313.478862ms)
✔ brick-cottage remains eligible through a multi-elevation orbit (439.149504ms)
✔ brick-cottage has stable draw state while entering and leaving (124.164689ms)
✔ brick-cottage repairs a late blanket side mutation (204.395822ms)
(node:42228) [MODULE_TYPELESS_PACKAGE_JSON] Warning: Module type of file:///Users/awtsmoos/work/awtsmoos.com/geelooy/games/mitzvahWorld/experiments/light-three-gltf/tiny-runtime.js is not specified and it doesn't parse as CommonJS.
Reparsing as ES module because module syntax was detected. This incurs a performance overhead.
To eliminate this warning, add "type": "module" to /Users/awtsmoos/work/awtsmoos.com/package.json.
(Use `node --trace-warnings ...` to show where the warning was created)
✔ house population preserves interaction and collision lifecycle (689.877559ms)
(node:42240) [MODULE_TYPELESS_PACKAGE_JSON] Warning: Module type of file:///Users/awtsmoos/work/awtsmoos.com/geelooy/games/mitzvahWorld/experiments/Awtsmoos/src/app/MinimalMeadowTerrainComposites.js is not specified and it doesn't parse as CommonJS.
Reparsing as ES module because module syntax was detected. This incurs a performance overhead.
To eliminate this warning, add "type": "module" to /Users/awtsmoos/work/awtsmoos.com/package.json.
(Use `node --trace-warnings ...` to show where the warning was created)
✔ independent sources replace canvas mosaics (2.477444ms)
✔ mobile and desktop derive exact native frequency from source pixels (19.557591ms)
✔ terrain and road presets use six broad rotated sources (126.24994ms)
✔ package mounts a visible road while terrain owns collision (215.728506ms)
(node:42305) [MODULE_TYPELESS_PACKAGE_JSON] Warning: Module type of file:///Users/awtsmoos/work/awtsmoos.com/geelooy/games/mitzvahWorld/experiments/light-three-gltf/tiny-runtime.js is not specified and it doesn't parse as CommonJS.
Reparsing as ES module because module syntax was detected. This incurs a performance overhead.
To eliminate this warning, add "type": "module" to /Users/awtsmoos/work/awtsmoos.com/package.json.
(Use `node --trace-warnings ...` to show where the warning was created)
✔ B"H mobile terrain preserves full native source quality (3.43893ms)
✔ B"H six ecological sources retain strong nonuniform identities (1.708287ms)
✔ B"H terrain zone weights distinguish road, wetness, dryness, and rock (0.472737ms)
✔ B"H visible road mounts without becoming collision authority (0.754477ms)
ℹ tests 53
ℹ suites 0
ℹ pass 53
ℹ fail 0
ℹ cancelled 0
ℹ skipped 0
ℹ todo 0
ℹ duration_ms 22779.066191
app_exit=0
(node:42453) [MODULE_TYPELESS_PACKAGE_JSON] Warning: Module type of file:///Users/awtsmoos/work/awtsmoos.com/geelooy/games/mitzvahWorld/experiments/light-three-gltf/tiny-render-culling.js is not specified and it doesn't parse as CommonJS.
Reparsing as ES module because module syntax was detected. This incurs a performance overhead.
To eliminate this warning, add "type": "module" to /Users/awtsmoos/work/awtsmoos.com/package.json.
(Use `node --trace-warnings ...` to show where the warning was created)
✔ B"H frustumCulled false bypasses custom distance and frustum rejection (2.128469ms)
(node:42459) [MODULE_TYPELESS_PACKAGE_JSON] Warning: Module type of file:///Users/awtsmoos/work/awtsmoos.com/geelooy/games/mitzvahWorld/experiments/light-three-gltf/tiny-render-material-state.js is not specified and it doesn't parse as CommonJS.
Reparsing as ES module because module syntax was detected. This incurs a performance overhead.
To eliminate this warning, add "type": "module" to /Users/awtsmoos/work/awtsmoos.com/package.json.
(Use `node --trace-warnings ...` to show where the warning was created)
✔ B"H render material snapshot includes backface culling identity (14.313553ms)
ℹ tests 2
ℹ suites 0
ℹ pass 2
ℹ fail 0
ℹ cancelled 0
ℹ skipped 0
ℹ todo 0
ℹ duration_ms 4466.001471
renderer_exit=0
diff_exit=0
